Component: ARM Compiler 6.16 Tool: armlink [5dfeaa00]

==============================================================================

Section Cross References

    main.o(.text.main) refers to system_swm341.o(.text.SystemInit) for SystemInit
    main.o(.text.main) refers to dev_systick.o(.text.systick_init) for systick_init
    main.o(.text.main) refers to uart.o(.text.SerialInit) for SerialInit
    main.o(.text.main) refers to rs485.o(.text.uart2_init) for uart2_init
    main.o(.text.main) refers to printf8.o(i.__0printf$8) for __2printf
    main.o(.text.main) refers to swm341_gpio.o(.text.GPIO_Init) for GPIO_Init
    main.o(.text.main) refers to dev_systick.o(.text.systick_delay_ms) for systick_delay_ms
    main.o(.text.main) refers to rs485_host.o(.text.rs485_host_process) for rs485_host_process
    main.o(.text.main) refers to rs485.o(.text.modbus_06_set_req) for modbus_06_set_req
    main.o(.ARM.exidx.text.main) refers to main.o(.text.main) for [Anonymous Symbol]
    lcd.o(.text.lcd_init) refers to swm341_gpio.o(.text.GPIO_Init) for GPIO_Init
    lcd.o(.text.lcd_init) refers to swm341_gpio.o(.text.GPIO_ClrBit) for GPIO_ClrBit
    lcd.o(.text.lcd_init) refers to swm341_gpio.o(.text.GPIO_SetBit) for GPIO_SetBit
    lcd.o(.text.lcd_init) refers to lcd.o(.text.lcd_port_init) for lcd_port_init
    lcd.o(.text.lcd_init) refers to lcd.o(.data.LCD_Buffer) for LCD_Buffer
    lcd.o(.text.lcd_init) refers to swm341_lcd.o(.text.LCD_Init) for LCD_Init
    lcd.o(.ARM.exidx.text.lcd_init) refers to lcd.o(.text.lcd_init) for [Anonymous Symbol]
    lcd.o(.text.lcd_port_init) refers to swm341_port.o(.text.PORT_Init) for PORT_Init
    lcd.o(.ARM.exidx.text.lcd_port_init) refers to lcd.o(.text.lcd_port_init) for [Anonymous Symbol]
    lcd.o(.text.LCD_Handler) refers to swm341_lcd.o(.text.LCD_INTClr) for LCD_INTClr
    lcd.o(.text.LCD_Handler) refers to swm341_lcd.o(.text.LCD_Start) for LCD_Start
    lcd.o(.ARM.exidx.text.LCD_Handler) refers to lcd.o(.text.LCD_Handler) for [Anonymous Symbol]
    lcd.o(.text.MemoryInit) refers to swm341_port.o(.text.PORT_Init) for PORT_Init
    lcd.o(.text.MemoryInit) refers to swm341_sdram.o(.text.SDRAM_Init) for SDRAM_Init
    lcd.o(.ARM.exidx.text.MemoryInit) refers to lcd.o(.text.MemoryInit) for [Anonymous Symbol]
    lcd.o(.text._HW_DrawPoint) refers to lcd.o(.data.LCD_Buffer) for LCD_Buffer
    lcd.o(.ARM.exidx.text._HW_DrawPoint) refers to lcd.o(.text._HW_DrawPoint) for [Anonymous Symbol]
    lcd.o(.text.ug_init) refers to lcd.o(.bss.gui) for gui
    lcd.o(.text.ug_init) refers to lcd.o(.text._HW_DrawPoint) for _HW_DrawPoint
    lcd.o(.text.ug_init) refers to ugui.o(.text.UG_Init) for UG_Init
    lcd.o(.ARM.exidx.text.ug_init) refers to lcd.o(.text.ug_init) for [Anonymous Symbol]
    ugui.o(.text.UG_Init) refers to ugui.o(.bss.gui) for gui
    ugui.o(.ARM.exidx.text.UG_Init) refers to ugui.o(.text.UG_Init) for [Anonymous Symbol]
    ugui.o(.text.UG_SelectGUI) refers to ugui.o(.bss.gui) for gui
    ugui.o(.ARM.exidx.text.UG_SelectGUI) refers to ugui.o(.text.UG_SelectGUI) for [Anonymous Symbol]
    ugui.o(.text.UG_FontSelect) refers to ugui.o(.bss.gui) for gui
    ugui.o(.ARM.exidx.text.UG_FontSelect) refers to ugui.o(.text.UG_FontSelect) for [Anonymous Symbol]
    ugui.o(.text.UG_FillScreen) refers to ugui.o(.bss.gui) for gui
    ugui.o(.text.UG_FillScreen) refers to ugui.o(.text.UG_FillFrame) for UG_FillFrame
    ugui.o(.ARM.exidx.text.UG_FillScreen) refers to ugui.o(.text.UG_FillScreen) for [Anonymous Symbol]
    ugui.o(.text.UG_FillFrame) refers to ugui.o(.bss.gui) for gui
    ugui.o(.ARM.exidx.text.UG_FillFrame) refers to ugui.o(.text.UG_FillFrame) for [Anonymous Symbol]
    ugui.o(.text.UG_FillRoundFrame) refers to ugui.o(.text.UG_FillFrame) for UG_FillFrame
    ugui.o(.text.UG_FillRoundFrame) refers to ugui.o(.text.UG_DrawLine) for UG_DrawLine
    ugui.o(.ARM.exidx.text.UG_FillRoundFrame) refers to ugui.o(.text.UG_FillRoundFrame) for [Anonymous Symbol]
    ugui.o(.text.UG_DrawLine) refers to ugui.o(.bss.gui) for gui
    ugui.o(.ARM.exidx.text.UG_DrawLine) refers to ugui.o(.text.UG_DrawLine) for [Anonymous Symbol]
    ugui.o(.text.UG_DrawMesh) refers to ugui.o(.bss.gui) for gui
    ugui.o(.ARM.exidx.text.UG_DrawMesh) refers to ugui.o(.text.UG_DrawMesh) for [Anonymous Symbol]
    ugui.o(.text.UG_DrawFrame) refers to ugui.o(.text.UG_DrawLine) for UG_DrawLine
    ugui.o(.ARM.exidx.text.UG_DrawFrame) refers to ugui.o(.text.UG_DrawFrame) for [Anonymous Symbol]
    ugui.o(.text.UG_DrawRoundFrame) refers to ugui.o(.text.UG_DrawLine) for UG_DrawLine
    ugui.o(.text.UG_DrawRoundFrame) refers to ugui.o(.text.UG_DrawArc) for UG_DrawArc
    ugui.o(.ARM.exidx.text.UG_DrawRoundFrame) refers to ugui.o(.text.UG_DrawRoundFrame) for [Anonymous Symbol]
    ugui.o(.text.UG_DrawArc) refers to ugui.o(.bss.gui) for gui
    ugui.o(.ARM.exidx.text.UG_DrawArc) refers to ugui.o(.text.UG_DrawArc) for [Anonymous Symbol]
    ugui.o(.text.UG_DrawPixel) refers to ugui.o(.bss.gui) for gui
[...]
    entry9b.o(.ARM.Collect$$$$0000000C) refers to main.o(.text.main) for main
    uldiv.o(.text) refers to llushr.o(.text) for __aeabi_llsr
    uldiv.o(.text) refers to llshl.o(.text) for __aeabi_llsl
    dadd.o(.text) refers (Special) to iusefp.o(.text) for __I$use$fp
    dadd.o(.text) refers to llshl.o(.text) for __aeabi_llsl
    dadd.o(.text) refers to llsshr.o(.text) for __aeabi_lasr
    dadd.o(.text) refers to depilogue.o(.text) for _double_epilogue
    dmul.o(.text) refers (Special) to iusefp.o(.text) for __I$use$fp
    dmul.o(.text) refers to depilogue.o(.text) for _double_epilogue
    ddiv.o(.text) refers (Special) to iusefp.o(.text) for __I$use$fp
    ddiv.o(.text) refers to depilogue.o(.text) for _double_round
    dfixul.o(.text) refers (Special) to iusefp.o(.text) for __I$use$fp
    dfixul.o(.text) refers to llushr.o(.text) for __aeabi_llsr
    dfixul.o(.text) refers to llshl.o(.text) for __aeabi_llsl
    cdrcmple.o(.text) refers (Special) to iusefp.o(.text) for __I$use$fp
    init.o(.text) refers to entry5.o(.ARM.Collect$$$$00000004) for __main_after_scatterload
    depilogue.o(.text) refers (Special) to iusefp.o(.text) for __I$use$fp
    depilogue.o(.text) refers to llshl.o(.text) for __aeabi_llsl
    depilogue.o(.text) refers to llushr.o(.text) for __aeabi_llsr


==============================================================================

Removing Unused input sections from the image.

    Removing main.o(.text), (0 bytes).
    Removing main.o(.ARM.exidx.text.main), (8 bytes).
    Removing main.o(.ARM.use_no_argv), (4 bytes).
    Removing lcd.o(.text), (0 bytes).
    Removing lcd.o(.text.lcd_init), (182 bytes).
    Removing lcd.o(.ARM.exidx.text.lcd_init), (8 bytes).
    Removing lcd.o(.text.lcd_port_init), (356 bytes).
    Removing lcd.o(.ARM.exidx.text.lcd_port_init), (8 bytes).
    Removing lcd.o(.ARM.exidx.text.LCD_Handler), (8 bytes).
    Removing lcd.o(.text.MemoryInit), (528 bytes).
    Removing lcd.o(.ARM.exidx.text.MemoryInit), (8 bytes).
    Removing lcd.o(.text._HW_DrawPoint), (20 bytes).
    Removing lcd.o(.ARM.exidx.text._HW_DrawPoint), (8 bytes).
    Removing lcd.o(.text.ug_init), (32 bytes).
    Removing lcd.o(.ARM.exidx.text.ug_init), (8 bytes).
    Removing lcd.o(.data.LCD_Buffer), (4 bytes).
    Removing lcd.o(.bss.gui), (112 bytes).
    Removing ugui.o(.text), (0 bytes).
    Removing ugui.o(.text.UG_Init), (124 bytes).
    Removing ugui.o(.ARM.exidx.text.UG_Init), (8 bytes).
    Removing ugui.o(.text.UG_SelectGUI), (16 bytes).
    Removing ugui.o(.ARM.exidx.text.UG_SelectGUI), (8 bytes).
    Removing ugui.o(.text.UG_FontSelect), (30 bytes).
    Removing ugui.o(.ARM.exidx.text.UG_FontSelect), (8 bytes).
    Removing ugui.o(.text.UG_FillScreen), (44 bytes).
    Removing ugui.o(.ARM.exidx.text.UG_FillScreen), (8 bytes).
    Removing ugui.o(.text.UG_FillFrame), (124 bytes).
    Removing ugui.o(.ARM.exidx.text.UG_FillFrame), (8 bytes).
    Removing ugui.o(.text.UG_FillRoundFrame), (290 bytes).
    Removing ugui.o(.ARM.exidx.text.UG_FillRoundFrame), (8 bytes).
    Removing ugui.o(.text.UG_DrawLine), (286 bytes).
    Removing ugui.o(.ARM.exidx.text.UG_DrawLine), (8 bytes).
    Removing ugui.o(.text.UG_DrawMesh), (82 bytes).
    Removing ugui.o(.ARM.exidx.text.UG_DrawMesh), (8 bytes).
    Removing ugui.o(.text.UG_DrawFrame), (82 bytes).
    Removing ugui.o(.ARM.exidx.text.UG_DrawFrame), (8 bytes).
    Removing ugui.o(.text.UG_DrawRoundFrame), (200 bytes).
    Removing ugui.o(.ARM.exidx.text.UG_DrawRoundFrame), (8 bytes).
    Removing ugui.o(.text.UG_DrawArc), (352 bytes).
    Removing ugui.o(.ARM.exidx.text.UG_DrawArc), (8 bytes).
    Removing ugui.o(.text.UG_DrawPixel), (18 bytes).
    Removing ugui.o(.ARM.exidx.text.UG_DrawPixel), (8 bytes).
    Removing ugui.o(.text.UG_DrawCircle), (322 bytes).
    Removing ugui.o(.ARM.exidx.text.UG_DrawCircle), (8 bytes).
    Removing ugui.o(.text.UG_FillCircle), (220 bytes).
    Removing ugui.o(.ARM.exidx.text.UG_FillCircle), (8 bytes).
    Removing ugui.o(.text.UG_PutString), (158 bytes).
    Removing ugui.o(.ARM.exidx.text.UG_PutString), (8 bytes).
    Removing ugui.o(.text.UG_PutChar), (36 bytes).
    Removing ugui.o(.ARM.exidx.text.UG_PutChar), (8 bytes).
    Removing ugui.o(.text._UG_PutChar), (1078 bytes).
    Removing ugui.o(.ARM.exidx.text._UG_PutChar), (8 bytes).
    Removing ugui.o(.text.UG_ConsolePutString), (186 bytes).
    Removing ugui.o(.ARM.exidx.text.UG_ConsolePutString), (8 bytes).
    Removing ugui.o(.text.UG_ConsoleSetArea), (30 bytes).
    Removing ugui.o(.ARM.exidx.text.UG_ConsoleSetArea), (8 bytes).
    Removing ugui.o(.text.UG_ConsoleSetForecolor), (14 bytes).
    Removing ugui.o(.ARM.exidx.text.UG_ConsoleSetForecolor), (8 bytes).
    Removing ugui.o(.text.UG_ConsoleSetBackcolor), (14 bytes).
    Removing ugui.o(.ARM.exidx.text.UG_ConsoleSetBackcolor), (8 bytes).
    Removing ugui.o(.text.UG_SetForecolor), (14 bytes).
    Removing ugui.o(.ARM.exidx.text.UG_SetForecolor), (8 bytes).
    Removing ugui.o(.text.UG_SetBackcolor), (14 bytes).
    Removing ugui.o(.ARM.exidx.text.UG_SetBackcolor), (8 bytes).
    Removing ugui.o(.text.UG_GetXDim), (16 bytes).
    Removing ugui.o(.ARM.exidx.text.UG_GetXDim), (8 bytes).
    Removing ugui.o(.text.UG_GetYDim), (16 bytes).
    Removing ugui.o(.ARM.exidx.text.UG_GetYDim), (8 bytes).
    Removing ugui.o(.text.UG_FontSetHSpace), (16 bytes).
    Removing ugui.o(.ARM.exidx.text.UG_FontSetHSpace), (8 bytes).
    Removing ugui.o(.text.UG_FontSetVSpace), (16 bytes).
    Removing ugui.o(.ARM.exidx.text.UG_FontSetVSpace), (8 bytes).
    Removing ugui.o(.text._UG_PutText), (352 bytes).
    Removing ugui.o(.ARM.exidx.text._UG_PutText), (8 bytes).
    Removing ugui.o(.text._UG_GetFreeObject), (48 bytes).
    Removing ugui.o(.ARM.exidx.text._UG_GetFreeObject), (8 bytes).
    Removing ugui.o(.text._UG_SearchObject), (70 bytes).
    Removing ugui.o(.ARM.exidx.text._UG_SearchObject), (8 bytes).
    Removing ugui.o(.text._UG_DeleteObject), (40 bytes).
    Removing ugui.o(.ARM.exidx.text._UG_DeleteObject), (8 bytes).
    Removing ugui.o(.text._UG_ProcessTouchData), (192 bytes).
    Removing ugui.o(.ARM.exidx.text._UG_ProcessTouchData), (8 bytes).
    Removing ugui.o(.text._UG_UpdateObjects), (86 bytes).
    Removing ugui.o(.ARM.exidx.text._UG_UpdateObjects), (8 bytes).
    Removing ugui.o(.text._UG_HandleEvents), (102 bytes).
    Removing ugui.o(.ARM.exidx.text._UG_HandleEvents), (8 bytes).
    Removing ugui.o(.text._UG_DrawObjectFrame), (310 bytes).
    Removing ugui.o(.ARM.exidx.text._UG_DrawObjectFrame), (8 bytes).
    Removing ugui.o(.text._UG_SendObjectPrerenderEvent), (32 bytes).
    Removing ugui.o(.ARM.exidx.text._UG_SendObjectPrerenderEvent), (8 bytes).
    Removing ugui.o(.text._UG_SendObjectPostrenderEvent), (34 bytes).
    Removing ugui.o(.ARM.exidx.text._UG_SendObjectPostrenderEvent), (8 bytes).
    Removing ugui.o(.text.UG_DriverRegister), (30 bytes).
    Removing ugui.o(.ARM.exidx.text.UG_DriverRegister), (8 bytes).
    Removing ugui.o(.text.UG_DriverEnable), (36 bytes).
    Removing ugui.o(.ARM.exidx.text.UG_DriverEnable), (8 bytes).
    Removing ugui.o(.text.UG_DriverDisable), (36 bytes).
    Removing ugui.o(.ARM.exidx.text.UG_DriverDisable), (8 bytes).
    Removing ugui.o(.text.UG_Update), (162 bytes).
    Removing ugui.o(.ARM.exidx.text.UG_Update), (8 bytes).
    Removing ugui.o(.text._UG_WindowDrawTitle), (224 bytes).
    Removing ugui.o(.ARM.exidx.text._UG_WindowDrawTitle), (8 bytes).
    Removing ugui.o(.text._UG_WindowUpdate), (206 bytes).
    Removing ugui.o(.ARM.exidx.text._UG_WindowUpdate), (8 bytes).
    Removing ugui.o(.text.UG_WaitForUpdate), (26 bytes).
    Removing ugui.o(.ARM.exidx.text.UG_WaitForUpdate), (8 bytes).
    Removing ugui.o(.text.UG_DrawBMP), (120 bytes).
    Removing ugui.o(.ARM.exidx.text.UG_DrawBMP), (8 bytes).
    Removing ugui.o(.text.UG_TouchUpdate), (18 bytes).
    Removing ugui.o(.ARM.exidx.text.UG_TouchUpdate), (8 bytes).
    Removing ugui.o(.text.UG_WindowCreate), (162 bytes).
    Removing ugui.o(.ARM.exidx.text.UG_WindowCreate), (8 bytes).
    Removing ugui.o(.text.UG_WindowDelete), (54 bytes).
    Removing ugui.o(.ARM.exidx.text.UG_WindowDelete), (8 bytes).
    Removing ugui.o(.text.UG_WindowShow), (36 bytes).
    Removing ugui.o(.ARM.exidx.text.UG_WindowShow), (8 bytes).
    Removing ugui.o(.text.UG_WindowHide), (124 bytes).
    Removing ugui.o(.ARM.exidx.text.UG_WindowHide), (8 bytes).
    Removing ugui.o(.text._UG_WindowClear), (98 bytes).
    Removing ugui.o(.ARM.exidx.text._UG_WindowClear), (8 bytes).
    Removing ugui.o(.text.UG_WindowResize), (278 bytes).
    Removing ugui.o(.ARM.exidx.text.UG_WindowResize), (8 bytes).
    Removing ugui.o(.text.UG_WindowAlert), (50 bytes).
    Removing ugui.o(.ARM.exidx.text.UG_WindowAlert), (8 bytes).
    Removing ugui.o(.text.UG_WindowGetTitleTextColor), (16 bytes).
    Removing ugui.o(.ARM.exidx.text.UG_WindowGetTitleTextColor), (8 bytes).
    Removing ugui.o(.text.UG_WindowSetTitleTextColor), (28 bytes).
    Removing ugui.o(.ARM.exidx.text.UG_WindowSetTitleTextColor), (8 bytes).
    Removing ugui.o(.text.UG_WindowGetTitleColor), (16 bytes).
    Removing ugui.o(.ARM.exidx.text.UG_WindowGetTitleColor), (8 bytes).
    Removing ugui.o(.text.UG_WindowSetTitleColor), (28 bytes).
    Removing ugui.o(.ARM.exidx.text.UG_WindowSetTitleColor), (8 bytes).
    Removing ugui.o(.text.UG_WindowSetForeColor), (28 bytes).
    Removing ugui.o(.ARM.exidx.text.UG_WindowSetForeColor), (8 bytes).
    Removing ugui.o(.text.UG_WindowSetBackColor), (28 bytes).
    Removing ugui.o(.ARM.exidx.text.UG_WindowSetBackColor), (8 bytes).
    Removing ugui.o(.text.UG_WindowSetTitleInactiveTextColor), (28 bytes).
    Removing ugui.o(.ARM.exidx.text.UG_WindowSetTitleInactiveTextColor), (8 bytes).
    Removing ugui.o(.text.UG_WindowSetTitleInactiveColor), (28 bytes).
    Removing ugui.o(.ARM.exidx.text.UG_WindowSetTitleInactiveColor), (8 bytes).
    Removing ugui.o(.text.UG_WindowSetTitleText), (28 bytes).
    Removing ugui.o(.ARM.exidx.text.UG_WindowSetTitleText), (8 bytes).
    Removing ugui.o(.text.UG_WindowSetTitleTextFont), (60 bytes).
    Removing ugui.o(.ARM.exidx.text.UG_WindowSetTitleTextFont), (8 bytes).
    Removing ugui.o(.text.UG_WindowSetTitleTextHSpace), (30 bytes).
    Removing ugui.o(.ARM.exidx.text.UG_WindowSetTitleTextHSpace), (8 bytes).
    Removing ugui.o(.text.UG_WindowSetTitleTextVSpace), (30 bytes).
    Removing ugui.o(.ARM.exidx.text.UG_WindowSetTitleTextVSpace), (8 bytes).
    Removing ugui.o(.text.UG_WindowSetTitleTextAlignment), (30 bytes).
    Removing ugui.o(.ARM.exidx.text.UG_WindowSetTitleTextAlignment), (8 bytes).
    Removing ugui.o(.text.UG_WindowSetTitleHeight), (32 bytes).
    Removing ugui.o(.ARM.exidx.text.UG_WindowSetTitleHeight), (8 bytes).
    Removing ugui.o(.text.UG_WindowSetXStart), (52 bytes).
    Removing ugui.o(.ARM.exidx.text.UG_WindowSetXStart), (8 bytes).
    Removing ugui.o(.text.UG_WindowSetYStart), (54 bytes).
    Removing ugui.o(.ARM.exidx.text.UG_WindowSetYStart), (8 bytes).
    Removing ugui.o(.text.UG_WindowSetXEnd), (54 bytes).
    Removing ugui.o(.ARM.exidx.text.UG_WindowSetXEnd), (8 bytes).
    Removing ugui.o(.text.UG_WindowSetYEnd), (56 bytes).
    Removing ugui.o(.ARM.exidx.text.UG_WindowSetYEnd), (8 bytes).
    Removing ugui.o(.text.UG_WindowSetStyle), (46 bytes).
    Removing ugui.o(.ARM.exidx.text.UG_WindowSetStyle), (8 bytes).
    Removing ugui.o(.text.UG_WindowGetForeColor), (16 bytes).
    Removing ugui.o(.ARM.exidx.text.UG_WindowGetForeColor), (8 bytes).
    Removing ugui.o(.text.UG_WindowGetBackColor), (16 bytes).
    Removing ugui.o(.ARM.exidx.text.UG_WindowGetBackColor), (8 bytes).
    Removing ugui.o(.text.UG_WindowGetTitleInactiveTextColor), (16 bytes).
    Removing ugui.o(.ARM.exidx.text.UG_WindowGetTitleInactiveTextColor), (8 bytes).
    Removing ugui.o(.text.UG_WindowGetTitleInactiveColor), (16 bytes).
    Removing ugui.o(.ARM.exidx.text.UG_WindowGetTitleInactiveColor), (8 bytes).
    Removing ugui.o(.text.UG_WindowGetTitleText), (16 bytes).
    Removing ugui.o(.ARM.exidx.text.UG_WindowGetTitleText), (8 bytes).
    Removing ugui.o(.text.UG_WindowGetTitleTextFont), (16 bytes).
    Removing ugui.o(.ARM.exidx.text.UG_WindowGetTitleTextFont), (8 bytes).
    Removing ugui.o(.text.UG_WindowGetTitleTextHSpace), (22 bytes).
    Removing ugui.o(.ARM.exidx.text.UG_WindowGetTitleTextHSpace), (8 bytes).
    Removing ugui.o(.text.UG_WindowGetTitleTextVSpace), (22 bytes).
    Removing ugui.o(.ARM.exidx.text.UG_WindowGetTitleTextVSpace), (8 bytes).
    Removing ugui.o(.text.UG_WindowGetTitleTextAlignment), (18 bytes).
    Removing ugui.o(.ARM.exidx.text.UG_WindowGetTitleTextAlignment), (8 bytes).
    Removing ugui.o(.text.UG_WindowGetTitleHeight), (18 bytes).
    Removing ugui.o(.ARM.exidx.text.UG_WindowGetTitleHeight), (8 bytes).
    Removing ugui.o(.text.UG_WindowGetXStart), (18 bytes).
    Removing ugui.o(.ARM.exidx.text.UG_WindowGetXStart), (8 bytes).
    Removing ugui.o(.text.UG_WindowGetYStart), (18 bytes).
    Removing ugui.o(.ARM.exidx.text.UG_WindowGetYStart), (8 bytes).
    Removing ugui.o(.text.UG_WindowGetXEnd), (18 bytes).
    Removing ugui.o(.ARM.exidx.text.UG_WindowGetXEnd), (8 bytes).
    Removing ugui.o(.text.UG_WindowGetYEnd), (18 bytes).
    Removing ugui.o(.ARM.exidx.text.UG_WindowGetYEnd), (8 bytes).
    Removing ugui.o(.text.UG_WindowGetStyle), (16 bytes).
    Removing ugui.o(.ARM.exidx.text.UG_WindowGetStyle), (8 bytes).
    Removing ugui.o(.text.UG_WindowGetArea), (88 bytes).
    Removing ugui.o(.ARM.exidx.text.UG_WindowGetArea), (8 bytes).
    Removing ugui.o(.text.UG_WindowGetInnerWidth), (38 bytes).
    Removing ugui.o(.ARM.exidx.text.UG_WindowGetInnerWidth), (8 bytes).
    Removing ugui.o(.text.UG_WindowGetOuterWidth), (36 bytes).
    Removing ugui.o(.ARM.exidx.text.UG_WindowGetOuterWidth), (8 bytes).
    Removing ugui.o(.text.UG_WindowGetInnerHeight), (48 bytes).
    Removing ugui.o(.ARM.exidx.text.UG_WindowGetInnerHeight), (8 bytes).
    Removing ugui.o(.text.UG_WindowGetOuterHeight), (36 bytes).
    Removing ugui.o(.ARM.exidx.text.UG_WindowGetOuterHeight), (8 bytes).
    Removing ugui.o(.text.UG_ButtonCreate), (144 bytes).
    Removing ugui.o(.ARM.exidx.text.UG_ButtonCreate), (8 bytes).
    Removing ugui.o(.text._UG_ButtonUpdate), (464 bytes).
    Removing ugui.o(.ARM.exidx.text._UG_ButtonUpdate), (8 bytes).
    Removing ugui.o(.text.UG_ButtonDelete), (12 bytes).
    Removing ugui.o(.ARM.exidx.text.UG_ButtonDelete), (8 bytes).
    Removing ugui.o(.text.UG_ButtonShow), (32 bytes).
    Removing ugui.o(.ARM.exidx.text.UG_ButtonShow), (8 bytes).
    Removing ugui.o(.text.UG_ButtonHide), (48 bytes).
    Removing ugui.o(.ARM.exidx.text.UG_ButtonHide), (8 bytes).
    Removing ugui.o(.text.UG_ButtonSetForeColor), (38 bytes).
    Removing ugui.o(.ARM.exidx.text.UG_ButtonSetForeColor), (8 bytes).
    Removing ugui.o(.text.UG_ButtonSetBackColor), (38 bytes).
    Removing ugui.o(.ARM.exidx.text.UG_ButtonSetBackColor), (8 bytes).
    Removing ugui.o(.text.UG_ButtonSetAlternateForeColor), (38 bytes).
    Removing ugui.o(.ARM.exidx.text.UG_ButtonSetAlternateForeColor), (8 bytes).
    Removing ugui.o(.text.UG_ButtonSetAlternateBackColor), (38 bytes).
    Removing ugui.o(.ARM.exidx.text.UG_ButtonSetAlternateBackColor), (8 bytes).
    Removing ugui.o(.text.UG_ButtonSetText), (38 bytes).
    Removing ugui.o(.ARM.exidx.text.UG_ButtonSetText), (8 bytes).
    Removing ugui.o(.text.UG_ButtonSetFont), (38 bytes).
    Removing ugui.o(.ARM.exidx.text.UG_ButtonSetFont), (8 bytes).
    Removing ugui.o(.text.UG_ButtonSetStyle), (124 bytes).
    Removing ugui.o(.ARM.exidx.text.UG_ButtonSetStyle), (8 bytes).
    Removing ugui.o(.text.UG_ButtonSetHSpace), (38 bytes).
    Removing ugui.o(.ARM.exidx.text.UG_ButtonSetHSpace), (8 bytes).
    Removing ugui.o(.text.UG_ButtonSetVSpace), (38 bytes).
    Removing ugui.o(.ARM.exidx.text.UG_ButtonSetVSpace), (8 bytes).
    Removing ugui.o(.text.UG_ButtonSetAlignment), (38 bytes).
    Removing ugui.o(.ARM.exidx.text.UG_ButtonSetAlignment), (8 bytes).
    Removing ugui.o(.text.UG_ButtonGetForeColor), (22 bytes).
    Removing ugui.o(.ARM.exidx.text.UG_ButtonGetForeColor), (8 bytes).
    Removing ugui.o(.text.UG_ButtonGetBackColor), (22 bytes).
    Removing ugui.o(.ARM.exidx.text.UG_ButtonGetBackColor), (8 bytes).
    Removing ugui.o(.text.UG_ButtonGetAlternateForeColor), (22 bytes).
    Removing ugui.o(.ARM.exidx.text.UG_ButtonGetAlternateForeColor), (8 bytes).
    Removing ugui.o(.text.UG_ButtonGetAlternateBackColor), (22 bytes).
    Removing ugui.o(.ARM.exidx.text.UG_ButtonGetAlternateBackColor), (8 bytes).
    Removing ugui.o(.text.UG_ButtonGetText), (22 bytes).
    Removing ugui.o(.ARM.exidx.text.UG_ButtonGetText), (8 bytes).
    Removing ugui.o(.text.UG_ButtonGetFont), (22 bytes).
    Removing ugui.o(.ARM.exidx.text.UG_ButtonGetFont), (8 bytes).
    Removing ugui.o(.text.UG_ButtonGetStyle), (22 bytes).
    Removing ugui.o(.ARM.exidx.text.UG_ButtonGetStyle), (8 bytes).
    Removing ugui.o(.text.UG_ButtonGetHSpace), (24 bytes).
    Removing ugui.o(.ARM.exidx.text.UG_ButtonGetHSpace), (8 bytes).
    Removing ugui.o(.text.UG_ButtonGetVSpace), (24 bytes).
    Removing ugui.o(.ARM.exidx.text.UG_ButtonGetVSpace), (8 bytes).
    Removing ugui.o(.text.UG_ButtonGetAlignment), (22 bytes).
    Removing ugui.o(.ARM.exidx.text.UG_ButtonGetAlignment), (8 bytes).
    Removing ugui.o(.text.UG_CheckboxCreate), (148 bytes).
    Removing ugui.o(.ARM.exidx.text.UG_CheckboxCreate), (8 bytes).
    Removing ugui.o(.text._UG_CheckboxUpdate), (802 bytes).
    Removing ugui.o(.ARM.exidx.text._UG_CheckboxUpdate), (8 bytes).
    Removing ugui.o(.text.UG_CheckboxDelete), (12 bytes).
    Removing ugui.o(.ARM.exidx.text.UG_CheckboxDelete), (8 bytes).
    Removing ugui.o(.text.UG_CheckboxShow), (32 bytes).
    Removing ugui.o(.ARM.exidx.text.UG_CheckboxShow), (8 bytes).
    Removing ugui.o(.text.UG_CheckboxHide), (48 bytes).
    Removing ugui.o(.ARM.exidx.text.UG_CheckboxHide), (8 bytes).
    Removing ugui.o(.text.UG_CheckboxSetCheched), (40 bytes).
    Removing ugui.o(.ARM.exidx.text.UG_CheckboxSetCheched), (8 bytes).
    Removing ugui.o(.text.UG_CheckboxSetForeColor), (38 bytes).
    Removing ugui.o(.ARM.exidx.text.UG_CheckboxSetForeColor), (8 bytes).
    Removing ugui.o(.text.UG_CheckboxSetBackColor), (38 bytes).
    Removing ugui.o(.ARM.exidx.text.UG_CheckboxSetBackColor), (8 bytes).
    Removing ugui.o(.text.UG_CheckboxSetAlternateForeColor), (38 bytes).
    Removing ugui.o(.ARM.exidx.text.UG_CheckboxSetAlternateForeColor), (8 bytes).
    Removing ugui.o(.text.UG_CheckboxSetAlternateBackColor), (38 bytes).
    Removing ugui.o(.ARM.exidx.text.UG_CheckboxSetAlternateBackColor), (8 bytes).
    Removing ugui.o(.text.UG_CheckboxSetText), (38 bytes).
    Removing ugui.o(.ARM.exidx.text.UG_CheckboxSetText), (8 bytes).
    Removing ugui.o(.text.UG_CheckboxSetFont), (38 bytes).
    Removing ugui.o(.ARM.exidx.text.UG_CheckboxSetFont), (8 bytes).
    Removing ugui.o(.text.UG_CheckboxSetStyle), (124 bytes).
    Removing ugui.o(.ARM.exidx.text.UG_CheckboxSetStyle), (8 bytes).
    Removing ugui.o(.text.UG_CheckboxSetHSpace), (38 bytes).
    Removing ugui.o(.ARM.exidx.text.UG_CheckboxSetHSpace), (8 bytes).
    Removing ugui.o(.text.UG_CheckboxSetVSpace), (38 bytes).
    Removing ugui.o(.ARM.exidx.text.UG_CheckboxSetVSpace), (8 bytes).
    Removing ugui.o(.text.UG_CheckboxSetAlignment), (38 bytes).
    Removing ugui.o(.ARM.exidx.text.UG_CheckboxSetAlignment), (8 bytes).
    Removing ugui.o(.text.UG_CheckboxGetChecked), (24 bytes).
    Removing ugui.o(.ARM.exidx.text.UG_CheckboxGetChecked), (8 bytes).
    Removing ugui.o(.text.UG_CheckboxGetForeColor), (22 bytes).
    Removing ugui.o(.ARM.exidx.text.UG_CheckboxGetForeColor), (8 bytes).
    Removing ugui.o(.text.UG_CheckboxGetBackColor), (22 bytes).
    Removing ugui.o(.ARM.exidx.text.UG_CheckboxGetBackColor), (8 bytes).
    Removing ugui.o(.text.UG_CheckboxGetAlternateForeColor), (22 bytes).
    Removing ugui.o(.ARM.exidx.text.UG_CheckboxGetAlternateForeColor), (8 bytes).
    Removing ugui.o(.text.UG_CheckboxGetAlternateBackColor), (22 bytes).
    Removing ugui.o(.ARM.exidx.text.UG_CheckboxGetAlternateBackColor), (8 bytes).
    Removing ugui.o(.text.UG_CheckboxGetText), (22 bytes).
    Removing ugui.o(.ARM.exidx.text.UG_CheckboxGetText), (8 bytes).
    Removing ugui.o(.text.UG_CheckboxGetFont), (22 bytes).
    Removing ugui.o(.ARM.exidx.text.UG_CheckboxGetFont), (8 bytes).
    Removing ugui.o(.text.UG_CheckboxGetStyle), (22 bytes).
    Removing ugui.o(.ARM.exidx.text.UG_CheckboxGetStyle), (8 bytes).
    Removing ugui.o(.text.UG_CheckboxGetHSpace), (24 bytes).
    Removing ugui.o(.ARM.exidx.text.UG_CheckboxGetHSpace), (8 bytes).
    Removing ugui.o(.text.UG_CheckboxGetVSpace), (24 bytes).
    Removing ugui.o(.ARM.exidx.text.UG_CheckboxGetVSpace), (8 bytes).
    Removing ugui.o(.text.UG_CheckboxGetAlignment), (22 bytes).
    Removing ugui.o(.ARM.exidx.text.UG_CheckboxGetAlignment), (8 bytes).
    Removing ugui.o(.text.UG_TextboxCreate), (128 bytes).
    Removing ugui.o(.ARM.exidx.text.UG_TextboxCreate), (8 bytes).
    Removing ugui.o(.text._UG_TextboxUpdate), (224 bytes).
    Removing ugui.o(.ARM.exidx.text._UG_TextboxUpdate), (8 bytes).
    Removing ugui.o(.text.UG_TextboxDelete), (12 bytes).
    Removing ugui.o(.ARM.exidx.text.UG_TextboxDelete), (8 bytes).
    Removing ugui.o(.text.UG_TextboxShow), (32 bytes).
    Removing ugui.o(.ARM.exidx.text.UG_TextboxShow), (8 bytes).
    Removing ugui.o(.text.UG_TextboxHide), (34 bytes).
    Removing ugui.o(.ARM.exidx.text.UG_TextboxHide), (8 bytes).
    Removing ugui.o(.text.UG_TextboxSetForeColor), (38 bytes).
    Removing ugui.o(.ARM.exidx.text.UG_TextboxSetForeColor), (8 bytes).
    Removing ugui.o(.text.UG_TextboxSetBackColor), (38 bytes).
    Removing ugui.o(.ARM.exidx.text.UG_TextboxSetBackColor), (8 bytes).
    Removing ugui.o(.text.UG_TextboxSetText), (38 bytes).
    Removing ugui.o(.ARM.exidx.text.UG_TextboxSetText), (8 bytes).
    Removing ugui.o(.text.UG_TextboxSetFont), (38 bytes).
    Removing ugui.o(.ARM.exidx.text.UG_TextboxSetFont), (8 bytes).
    Removing ugui.o(.text.UG_TextboxSetHSpace), (38 bytes).
    Removing ugui.o(.ARM.exidx.text.UG_TextboxSetHSpace), (8 bytes).
    Removing ugui.o(.text.UG_TextboxSetVSpace), (38 bytes).
    Removing ugui.o(.ARM.exidx.text.UG_TextboxSetVSpace), (8 bytes).
    Removing ugui.o(.text.UG_TextboxSetAlignment), (38 bytes).
    Removing ugui.o(.ARM.exidx.text.UG_TextboxSetAlignment), (8 bytes).
    Removing ugui.o(.text.UG_TextboxGetForeColor), (22 bytes).
    Removing ugui.o(.ARM.exidx.text.UG_TextboxGetForeColor), (8 bytes).
    Removing ugui.o(.text.UG_TextboxGetBackColor), (22 bytes).
    Removing ugui.o(.ARM.exidx.text.UG_TextboxGetBackColor), (8 bytes).
    Removing ugui.o(.text.UG_TextboxGetText), (22 bytes).
    Removing ugui.o(.ARM.exidx.text.UG_TextboxGetText), (8 bytes).
    Removing ugui.o(.text.UG_TextboxGetFont), (22 bytes).
    Removing ugui.o(.ARM.exidx.text.UG_TextboxGetFont), (8 bytes).
    Removing ugui.o(.text.UG_TextboxGetHSpace), (24 bytes).
    Removing ugui.o(.ARM.exidx.text.UG_TextboxGetHSpace), (8 bytes).
    Removing ugui.o(.text.UG_TextboxGetVSpace), (24 bytes).
    Removing ugui.o(.ARM.exidx.text.UG_TextboxGetVSpace), (8 bytes).
    Removing ugui.o(.text.UG_TextboxGetAlignment), (22 bytes).
    Removing ugui.o(.ARM.exidx.text.UG_TextboxGetAlignment), (8 bytes).
    Removing ugui.o(.text.UG_ImageCreate), (94 bytes).
    Removing ugui.o(.ARM.exidx.text.UG_ImageCreate), (8 bytes).
    Removing ugui.o(.text._UG_ImageUpdate), (170 bytes).
    Removing ugui.o(.ARM.exidx.text._UG_ImageUpdate), (8 bytes).
    Removing ugui.o(.text.UG_ImageDelete), (12 bytes).
    Removing ugui.o(.ARM.exidx.text.UG_ImageDelete), (8 bytes).
    Removing ugui.o(.text.UG_ImageShow), (32 bytes).
    Removing ugui.o(.ARM.exidx.text.UG_ImageShow), (8 bytes).
    Removing ugui.o(.text.UG_ImageHide), (34 bytes).
    Removing ugui.o(.ARM.exidx.text.UG_ImageHide), (8 bytes).
    Removing ugui.o(.text.UG_ImageSetBMP), (42 bytes).
    Removing ugui.o(.ARM.exidx.text.UG_ImageSetBMP), (8 bytes).
    Removing ugui.o(.bss.gui), (4 bytes).
    Removing ugui.o(.rodata.pal_window), (48 bytes).
    Removing ugui.o(.rodata.pal_button_pressed), (48 bytes).
    Removing ugui.o(.rodata.pal_button_released), (48 bytes).
    Removing ugui.o(.rodata.pal_checkbox_pressed), (48 bytes).
    Removing ugui.o(.rodata.pal_checkbox_released), (48 bytes).
    Removing ugui.o(.bss._UG_HandleEvents.msg), (8 bytes).
    Removing ugui.o(.rodata.str1.1), (2 bytes).
    Removing rs485.o(.text), (0 bytes).
    Removing rs485.o(.ARM.exidx.text.UART2_Handler), (8 bytes).
    Removing rs485.o(.ARM.exidx.text.CirBuf_Write), (8 bytes).
    Removing rs485.o(.ARM.exidx.text.uart2_init), (8 bytes).
    Removing rs485.o(.text.uart2_sendByte), (32 bytes).
    Removing rs485.o(.ARM.exidx.text.uart2_sendByte), (8 bytes).
    Removing rs485.o(.text.uart2_sendBytes), (46 bytes).
    Removing rs485.o(.ARM.exidx.text.uart2_sendBytes), (8 bytes).
    Removing rs485.o(.text.uart2_readBytes), (120 bytes).
    Removing rs485.o(.ARM.exidx.text.uart2_readBytes), (8 bytes).
    Removing rs485.o(.text.CirBuf_Count), (24 bytes).
    Removing rs485.o(.ARM.exidx.text.CirBuf_Count), (8 bytes).
    Removing rs485.o(.text.CirBuf_Read), (148 bytes).
    Removing rs485.o(.ARM.exidx.text.CirBuf_Read), (8 bytes).
    Removing rs485.o(.text.CirBuf_Clear), (18 bytes).
    Removing rs485.o(.ARM.exidx.text.CirBuf_Clear), (8 bytes).
    Removing rs485.o(.text.modbus_8x_process), (48 bytes).
    Removing rs485.o(.ARM.exidx.text.modbus_8x_process), (8 bytes).
    Removing rs485.o(.text.modbus_unknow_code_process), (44 bytes).
    Removing rs485.o(.ARM.exidx.text.modbus_unknow_code_process), (8 bytes).
    Removing rs485.o(.text.modbus_03_process), (152 bytes).
    Removing rs485.o(.ARM.exidx.text.modbus_03_process), (8 bytes).
    Removing rs485.o(.text.modbus_06_process), (60 bytes).
    Removing rs485.o(.ARM.exidx.text.modbus_06_process), (8 bytes).
    Removing rs485.o(.text.modbus_protocol_decode), (156 bytes).
    Removing rs485.o(.ARM.exidx.text.modbus_protocol_decode), (8 bytes).
    Removing rs485.o(.text.host_device1_process), (48 bytes).
    Removing rs485.o(.ARM.exidx.text.host_device1_process), (8 bytes).
    Removing rs485.o(.ARM.exidx.text.modbus_protocol_encode), (8 bytes).
    Removing rs485.o(.ARM.exidx.text.modbus_06_set_req), (8 bytes).
    Removing rs485.o(.text.host_device1_get_recv_size), (10 bytes).
    Removing rs485.o(.ARM.exidx.text.host_device1_get_recv_size), (8 bytes).
    Removing rs485.o(.text.get_uart2_msgStatus), (12 bytes).
    Removing rs485.o(.ARM.exidx.text.get_uart2_msgStatus), (8 bytes).
    Removing rs485.o(.text.clear_uart2_msgStatus), (14 bytes).
    Removing rs485.o(.ARM.exidx.text.clear_uart2_msgStatus), (8 bytes).
    Removing rs485.o(.text.rs485_host_devices_init), (72 bytes).
    Removing rs485.o(.ARM.exidx.text.rs485_host_devices_init), (8 bytes).
    Removing rs485.o(.ARM.exidx.text.CirBuf_Full), (8 bytes).
    Removing rs485.o(.ARM.exidx.text.CirBuf_Space), (8 bytes).
    Removing rs485.o(.text.CirBuf_Empty), (14 bytes).
    Removing rs485.o(.ARM.exidx.text.CirBuf_Empty), (8 bytes).
    Removing rs485.o(.bss.rs485_host_dev1_cache), (128 bytes).
    Removing rs485.o(.bss.uart2_sendCount), (2 bytes).
    Removing rs485.o(.rodata.str1.1), (17 bytes).
    Removing rs485.o(.data.my_process), (16 bytes).
    Removing uart.o(.text), (0 bytes).
    Removing uart.o(.ARM.exidx.text.SerialInit), (8 bytes).
    Removing uart.o(.ARM.exidx.text.fputc), (8 bytes).
    Removing rs485_host.o(.text), (0 bytes).
    Removing rs485_host.o(.text.rs485_host_init), (4 bytes).
    Removing rs485_host.o(.ARM.exidx.text.rs485_host_init), (8 bytes).
    Removing rs485_host.o(.text.rs485_host_add), (30 bytes).
    Removing rs485_host.o(.ARM.exidx.text.rs485_host_add), (8 bytes).
    Removing rs485_host.o(.ARM.exidx.text.rs485_host_send), (8 bytes).
    Removing rs485_host.o(.ARM.exidx.text.rs485_host_process), (8 bytes).
    Removing modbus_crc16.o(.text), (0 bytes).
    Removing modbus_crc16.o(.ARM.exidx.text.modbus_crc16), (8 bytes).
    Removing startup_swm341.o(HEAP), (0 bytes).
    Removing system_swm341.o(.text), (0 bytes).
    Removing system_swm341.o(.ARM.exidx.text.SystemCoreClockUpdate), (8 bytes).
    Removing system_swm341.o(.ARM.exidx.text.SystemInit), (8 bytes).
    Removing system_swm341.o(.ARM.exidx.text.switchToPLL), (8 bytes).
    Removing system_swm341.o(.ARM.exidx.text.FPU_Enable), (8 bytes).
    Removing system_swm341.o(.ARM.exidx.text.switchTo20MHz), (8 bytes).
    Removing system_swm341.o(.ARM.exidx.text.delay_3ms), (8 bytes).
    Removing system_swm341.o(.text.switchTo2M5Hz), (58 bytes).
    Removing system_swm341.o(.ARM.exidx.text.switchTo2M5Hz), (8 bytes).
    Removing system_swm341.o(.text.switchTo40MHz), (32 bytes).
    Removing system_swm341.o(.ARM.exidx.text.switchTo40MHz), (8 bytes).
    Removing system_swm341.o(.text.switchTo5MHz), (58 bytes).
    Removing system_swm341.o(.ARM.exidx.text.switchTo5MHz), (8 bytes).
    Removing system_swm341.o(.text.switchToXTAL), (120 bytes).
    Removing system_swm341.o(.ARM.exidx.text.switchToXTAL), (8 bytes).
    Removing system_swm341.o(.ARM.exidx.text.PLLInit), (8 bytes).
    Removing system_swm341.o(.text.switchTo32KHz), (64 bytes).
    Removing system_swm341.o(.ARM.exidx.text.switchTo32KHz), (8 bytes).
    Removing system_swm341.o(.text.switchToXTAL_32K), (86 bytes).
    Removing system_swm341.o(.ARM.exidx.text.switchToXTAL_32K), (8 bytes).
    Removing swm341_flash.o(.text), (0 bytes).
    Removing swm341_flash.o(.text.FLASH_Erase), (70 bytes).
    Removing swm341_flash.o(.ARM.exidx.text.FLASH_Erase), (8 bytes).
    Removing swm341_flash.o(.text.FLASH_Write), (78 bytes).
    Removing swm341_flash.o(.ARM.exidx.text.FLASH_Write), (8 bytes).
    Removing swm341_flash.o(.ARM.exidx.text.Flash_Param_at_xMHz), (8 bytes).
    Removing swm341_flash.o(.rodata.IAP_Cache_Reset), (4 bytes).
    Removing swm341_flash.o(.rodata.IAP_Flash_Param), (4 bytes).
    Removing swm341_flash.o(.rodata.IAP_Flash_Erase), (4 bytes).
    Removing swm341_flash.o(.rodata.IAP_Flash_Write), (4 bytes).
    Removing swm341_port.o(.text), (0 bytes).
    Removing swm341_port.o(.ARM.exidx.text.PORT_Init), (8 bytes).
    Removing dev_systick.o(.text), (0 bytes).
    Removing dev_systick.o(.ARM.exidx.text.systick_init), (8 bytes).
    Removing dev_systick.o(.ARM.exidx.text.SysTick_Config), (8 bytes).
    Removing dev_systick.o(.text.systick_stop), (18 bytes).
    Removing dev_systick.o(.ARM.exidx.text.systick_stop), (8 bytes).
    Removing dev_systick.o(.ARM.exidx.text.systick_inc_tick), (8 bytes).
    Removing dev_systick.o(.text.systick_get_tick), (12 bytes).
    Removing dev_systick.o(.ARM.exidx.text.systick_get_tick), (8 bytes).
    Removing dev_systick.o(.ARM.exidx.text.systick_delay_ms), (8 bytes).
    Removing dev_systick.o(.text.systick_delay_us), (66 bytes).
    Removing dev_systick.o(.ARM.exidx.text.systick_delay_us), (8 bytes).
    Removing dev_systick.o(.ARM.exidx.text.SysTick_Handler), (8 bytes).
    Removing dev_systick.o(.ARM.exidx.text.__NVIC_SetPriority), (8 bytes).
    Removing swm341_gpio.o(.text), (0 bytes).
    Removing swm341_gpio.o(.ARM.exidx.text.GPIO_Init), (8 bytes).
    Removing swm341_gpio.o(.text.GPIO_SetBit), (10 bytes).
    Removing swm341_gpio.o(.ARM.exidx.text.GPIO_SetBit), (8 bytes).
    Removing swm341_gpio.o(.text.GPIO_ClrBit), (10 bytes).
    Removing swm341_gpio.o(.ARM.exidx.text.GPIO_ClrBit), (8 bytes).
    Removing swm341_gpio.o(.text.GPIO_InvBit), (14 bytes).
    Removing swm341_gpio.o(.ARM.exidx.text.GPIO_InvBit), (8 bytes).
    Removing swm341_gpio.o(.text.GPIO_GetBit), (8 bytes).
    Removing swm341_gpio.o(.ARM.exidx.text.GPIO_GetBit), (8 bytes).
    Removing swm341_gpio.o(.text.GPIO_SetBits), (32 bytes).
    Removing swm341_gpio.o(.ARM.exidx.text.GPIO_SetBits), (8 bytes).
    Removing swm341_gpio.o(.text.GPIO_ClrBits), (34 bytes).
    Removing swm341_gpio.o(.ARM.exidx.text.GPIO_ClrBits), (8 bytes).
    Removing swm341_gpio.o(.text.GPIO_InvBits), (32 bytes).
    Removing swm341_gpio.o(.ARM.exidx.text.GPIO_InvBits), (8 bytes).
    Removing swm341_gpio.o(.text.GPIO_GetBits), (20 bytes).
    Removing swm341_gpio.o(.ARM.exidx.text.GPIO_GetBits), (8 bytes).
    Removing swm341_lcd.o(.text), (0 bytes).
    Removing swm341_lcd.o(.text.LCD_Init), (218 bytes).
    Removing swm341_lcd.o(.ARM.exidx.text.LCD_Init), (8 bytes).
    Removing swm341_lcd.o(.text.__NVIC_EnableIRQ), (16 bytes).
    Removing swm341_lcd.o(.ARM.exidx.text.__NVIC_EnableIRQ), (8 bytes).
    Removing swm341_lcd.o(.text.LCD_LayerInit), (58 bytes).
    Removing swm341_lcd.o(.ARM.exidx.text.LCD_LayerInit), (8 bytes).
    Removing swm341_lcd.o(.text.LCD_SetLayerPos), (40 bytes).
    Removing swm341_lcd.o(.ARM.exidx.text.LCD_SetLayerPos), (8 bytes).
    Removing swm341_lcd.o(.ARM.exidx.text.LCD_Start), (8 bytes).
    Removing swm341_lcd.o(.text.LCD_IsBusy), (8 bytes).
    Removing swm341_lcd.o(.ARM.exidx.text.LCD_IsBusy), (8 bytes).
    Removing swm341_lcd.o(.text.LCD_INTEn), (6 bytes).
    Removing swm341_lcd.o(.ARM.exidx.text.LCD_INTEn), (8 bytes).
    Removing swm341_lcd.o(.text.LCD_INTDis), (6 bytes).
    Removing swm341_lcd.o(.ARM.exidx.text.LCD_INTDis), (8 bytes).
    Removing swm341_lcd.o(.ARM.exidx.text.LCD_INTClr), (8 bytes).
    Removing swm341_lcd.o(.text.LCD_INTStat), (8 bytes).
    Removing swm341_lcd.o(.ARM.exidx.text.LCD_INTStat), (8 bytes).
    Removing swm341_lcd.o(.text.MPULCD_Init), (138 bytes).
    Removing swm341_lcd.o(.ARM.exidx.text.MPULCD_Init), (8 bytes).
    Removing swm341_lcd.o(.text.LCD_WR_REG), (34 bytes).
    Removing swm341_lcd.o(.ARM.exidx.text.LCD_WR_REG), (8 bytes).
    Removing swm341_lcd.o(.text.LCD_WR_DATA), (34 bytes).
    Removing swm341_lcd.o(.ARM.exidx.text.LCD_WR_DATA), (8 bytes).
    Removing swm341_lcd.o(.text.LCD_WriteReg), (54 bytes).
    Removing swm341_lcd.o(.ARM.exidx.text.LCD_WriteReg), (8 bytes).
    Removing swm341_lcd.o(.text.LCD_ReadReg), (36 bytes).
    Removing swm341_lcd.o(.ARM.exidx.text.LCD_ReadReg), (8 bytes).
    Removing swm341_lcd.o(.text.MPULCD_DMAStart), (32 bytes).
    Removing swm341_lcd.o(.ARM.exidx.text.MPULCD_DMAStart), (8 bytes).
    Removing swm341_lcd.o(.text.MPULCD_DMABusy), (8 bytes).
    Removing swm341_lcd.o(.ARM.exidx.text.MPULCD_DMABusy), (8 bytes).
    Removing swm341_pwm.o(.text), (0 bytes).
    Removing swm341_pwm.o(.text.PWM_Init), (320 bytes).
    Removing swm341_pwm.o(.ARM.exidx.text.PWM_Init), (8 bytes).
    Removing swm341_pwm.o(.text.__NVIC_EnableIRQ), (22 bytes).
    Removing swm341_pwm.o(.ARM.exidx.text.__NVIC_EnableIRQ), (8 bytes).
    Removing swm341_pwm.o(.text.PWM_Start), (16 bytes).
    Removing swm341_pwm.o(.ARM.exidx.text.PWM_Start), (8 bytes).
    Removing swm341_pwm.o(.text.PWM_Stop), (18 bytes).
    Removing swm341_pwm.o(.ARM.exidx.text.PWM_Stop), (8 bytes).
    Removing swm341_pwm.o(.text.PWM_Restart), (14 bytes).
    Removing swm341_pwm.o(.ARM.exidx.text.PWM_Restart), (8 bytes).
    Removing swm341_pwm.o(.text.PWM_ReloadEn), (16 bytes).
    Removing swm341_pwm.o(.ARM.exidx.text.PWM_ReloadEn), (8 bytes).
    Removing swm341_pwm.o(.text.PWM_ReloadDis), (18 bytes).
    Removing swm341_pwm.o(.ARM.exidx.text.PWM_ReloadDis), (8 bytes).
    Removing swm341_pwm.o(.text.PWM_BrkInPolarity), (24 bytes).
    Removing swm341_pwm.o(.ARM.exidx.text.PWM_BrkInPolarity), (8 bytes).
    Removing swm341_pwm.o(.text.PWM_BrkConfig), (98 bytes).
    Removing swm341_pwm.o(.ARM.exidx.text.PWM_BrkConfig), (8 bytes).
    Removing swm341_pwm.o(.text.PWM_OvfTrigger), (12 bytes).
    Removing swm341_pwm.o(.ARM.exidx.text.PWM_OvfTrigger), (8 bytes).
    Removing swm341_pwm.o(.text.PWM_CmpTrigger), (48 bytes).
    Removing swm341_pwm.o(.ARM.exidx.text.PWM_CmpTrigger), (8 bytes).
    Removing swm341_pwm.o(.text.PWM_OutMask), (108 bytes).
    Removing swm341_pwm.o(.ARM.exidx.text.PWM_OutMask), (8 bytes).
    Removing swm341_pwm.o(.text.PWM_SetPeriod), (6 bytes).
    Removing swm341_pwm.o(.ARM.exidx.text.PWM_SetPeriod), (8 bytes).
    Removing swm341_pwm.o(.text.PWM_GetPeriod), (8 bytes).
    Removing swm341_pwm.o(.ARM.exidx.text.PWM_GetPeriod), (8 bytes).
    Removing swm341_pwm.o(.text.PWM_SetHDuty), (12 bytes).
    Removing swm341_pwm.o(.ARM.exidx.text.PWM_SetHDuty), (8 bytes).
    Removing swm341_pwm.o(.text.PWM_GetHDuty), (14 bytes).
    Removing swm341_pwm.o(.ARM.exidx.text.PWM_GetHDuty), (8 bytes).
    Removing swm341_pwm.o(.text.PWM_SetHDuty2), (14 bytes).
    Removing swm341_pwm.o(.ARM.exidx.text.PWM_SetHDuty2), (8 bytes).
    Removing swm341_pwm.o(.text.PWM_GetHDuty2), (22 bytes).
    Removing swm341_pwm.o(.ARM.exidx.text.PWM_GetHDuty2), (8 bytes).
    Removing swm341_pwm.o(.text.PWM_SetDeadzone), (12 bytes).
    Removing swm341_pwm.o(.ARM.exidx.text.PWM_SetDeadzone), (8 bytes).
    Removing swm341_pwm.o(.text.PWM_GetDeadzone), (14 bytes).
    Removing swm341_pwm.o(.ARM.exidx.text.PWM_GetDeadzone), (8 bytes).
    Removing swm341_pwm.o(.text.PWM_IntEn), (8 bytes).
    Removing swm341_pwm.o(.ARM.exidx.text.PWM_IntEn), (8 bytes).
    Removing swm341_pwm.o(.text.PWM_IntDis), (10 bytes).
    Removing swm341_pwm.o(.ARM.exidx.text.PWM_IntDis), (8 bytes).
    Removing swm341_pwm.o(.text.PWM_IntClr), (4 bytes).
    Removing swm341_pwm.o(.ARM.exidx.text.PWM_IntClr), (8 bytes).
    Removing swm341_pwm.o(.text.PWM_IntStat), (6 bytes).
    Removing swm341_pwm.o(.ARM.exidx.text.PWM_IntStat), (8 bytes).
    Removing swm341_pwm.o(.text.PWM_BrkIntEn), (16 bytes).
    Removing swm341_pwm.o(.ARM.exidx.text.PWM_BrkIntEn), (8 bytes).
    Removing swm341_pwm.o(.text.PWM_BrkIntDis), (18 bytes).
    Removing swm341_pwm.o(.ARM.exidx.text.PWM_BrkIntDis), (8 bytes).
    Removing swm341_pwm.o(.text.PWM_BrkIntClr), (12 bytes).
    Removing swm341_pwm.o(.ARM.exidx.text.PWM_BrkIntClr), (8 bytes).
    Removing swm341_pwm.o(.text.PWM_BrkIntStat), (14 bytes).
    Removing swm341_pwm.o(.ARM.exidx.text.PWM_BrkIntStat), (8 bytes).
    Removing swm341_sdram.o(.text), (0 bytes).
    Removing swm341_sdram.o(.text.SDRAM_Init), (204 bytes).
    Removing swm341_sdram.o(.ARM.exidx.text.SDRAM_Init), (8 bytes).
    Removing swm341_sdram.o(.text.SDRAM_Enable), (24 bytes).
    Removing swm341_sdram.o(.ARM.exidx.text.SDRAM_Enable), (8 bytes).
    Removing swm341_sdram.o(.text.SDRAM_Disable), (24 bytes).
    Removing swm341_sdram.o(.ARM.exidx.text.SDRAM_Disable), (8 bytes).
    Removing swm341_uart.o(.text), (0 bytes).
    Removing swm341_uart.o(.ARM.exidx.text.UART_Init), (8 bytes).
    Removing swm341_uart.o(.ARM.exidx.text.UART_Close), (8 bytes).
    Removing swm341_uart.o(.ARM.exidx.text.__NVIC_EnableIRQ), (8 bytes).
    Removing swm341_uart.o(.ARM.exidx.text.__NVIC_DisableIRQ), (8 bytes).
    Removing swm341_uart.o(.ARM.exidx.text.UART_Open), (8 bytes).
    Removing swm341_uart.o(.ARM.exidx.text.UART_WriteByte), (8 bytes).
    Removing swm341_uart.o(.ARM.exidx.text.UART_ReadByte), (8 bytes).
    Removing swm341_uart.o(.ARM.exidx.text.UART_IsTXBusy), (8 bytes).
    Removing swm341_uart.o(.ARM.exidx.text.UART_IsRXFIFOEmpty), (8 bytes).
    Removing swm341_uart.o(.text.UART_IsTXFIFOFull), (8 bytes).
    Removing swm341_uart.o(.ARM.exidx.text.UART_IsTXFIFOFull), (8 bytes).
    Removing swm341_uart.o(.text.UART_SetBaudrate), (40 bytes).
    Removing swm341_uart.o(.ARM.exidx.text.UART_SetBaudrate), (8 bytes).
    Removing swm341_uart.o(.text.UART_GetBaudrate), (38 bytes).
    Removing swm341_uart.o(.ARM.exidx.text.UART_GetBaudrate), (8 bytes).
    Removing swm341_uart.o(.text.UART_CTSConfig), (20 bytes).
    Removing swm341_uart.o(.ARM.exidx.text.UART_CTSConfig), (8 bytes).
    Removing swm341_uart.o(.text.UART_CTSLineState), (8 bytes).
    Removing swm341_uart.o(.ARM.exidx.text.UART_CTSLineState), (8 bytes).
    Removing swm341_uart.o(.text.UART_RTSConfig), (30 bytes).
    Removing swm341_uart.o(.ARM.exidx.text.UART_RTSConfig), (8 bytes).
    Removing swm341_uart.o(.text.UART_RTSLineState), (8 bytes).
    Removing swm341_uart.o(.ARM.exidx.text.UART_RTSLineState), (8 bytes).
    Removing swm341_uart.o(.text.UART_LINConfig), (54 bytes).
    Removing swm341_uart.o(.ARM.exidx.text.UART_LINConfig), (8 bytes).
    Removing swm341_uart.o(.text.UART_LINGenerate), (10 bytes).
    Removing swm341_uart.o(.ARM.exidx.text.UART_LINGenerate), (8 bytes).
    Removing swm341_uart.o(.text.UART_LINIsDetected), (8 bytes).
    Removing swm341_uart.o(.ARM.exidx.text.UART_LINIsDetected), (8 bytes).
    Removing swm341_uart.o(.text.UART_LINIsGenerated), (8 bytes).
    Removing swm341_uart.o(.ARM.exidx.text.UART_LINIsGenerated), (8 bytes).
    Removing swm341_uart.o(.text.UART_ABRStart), (64 bytes).
    Removing swm341_uart.o(.ARM.exidx.text.UART_ABRStart), (8 bytes).
    Removing swm341_uart.o(.text.UART_ABRIsDone), (24 bytes).
    Removing swm341_uart.o(.ARM.exidx.text.UART_ABRIsDone), (8 bytes).
    Removing swm341_uart.o(.text.UART_INTEn), (8 bytes).
    Removing swm341_uart.o(.ARM.exidx.text.UART_INTEn), (8 bytes).
    Removing swm341_uart.o(.text.UART_INTDis), (10 bytes).
    Removing swm341_uart.o(.ARM.exidx.text.UART_INTDis), (8 bytes).
    Removing swm341_uart.o(.ARM.exidx.text.UART_INTClr), (8 bytes).
    Removing swm341_uart.o(.ARM.exidx.text.UART_INTStat), (8 bytes).
    Removing dadd.o(.text), (334 bytes).
    Removing dmul.o(.text), (228 bytes).
    Removing ddiv.o(.text), (222 bytes).
    Removing dfixul.o(.text), (48 bytes).
    Removing cdrcmple.o(.text), (48 bytes).
    Removing depilogue.o(.text), (186 bytes).

631 unused section(s) (total 21659 bytes) removed from the image.

==============================================================================

Image Symbol Table

    Local Symbols

    Symbol Name                              Value     Ov Type        Size  Object(Section)

    ../Core/startup_SWM341.s                 0x00000000   Number         0  startup_swm341.o ABSOLUTE
    ../clib/division.s                       0x00000000   Number         0  aeabi_sdiv.o ABSOLUTE
    ../clib/microlib/division.c              0x00000000   Number         0  uidiv.o ABSOLUTE
    ../clib/microlib/division.c              0x00000000   Number         0  uldiv.o ABSOLUTE
    ../clib/microlib/init/entry.s            0x00000000   Number         0  entry.o ABSOLUTE
    ../clib/microlib/init/entry.s            0x00000000   Number         0  entry2.o ABSOLUTE
    ../clib/microlib/init/entry.s            0x00000000   Number         0  entry5.o ABSOLUTE
    ../clib/microlib/init/entry.s            0x00000000   Number         0  entry7a.o ABSOLUTE
    ../clib/microlib/init/entry.s            0x00000000   Number         0  entry7b.o ABSOLUTE
    ../clib/microlib/init/entry.s            0x00000000   Number         0  entry8a.o ABSOLUTE
    ../clib/microlib/init/entry.s            0x00000000   Number         0  entry8b.o ABSOLUTE
    ../clib/microlib/init/entry.s            0x00000000   Number         0  entry9a.o ABSOLUTE
    ../clib/microlib/init/entry.s            0x00000000   Number         0  entry9b.o ABSOLUTE
    ../clib/microlib/init/entry.s            0x00000000   Number         0  entry10a.o ABSOLUTE
    ../clib/microlib/init/entry.s            0x00000000   Number         0  entry10b.o ABSOLUTE
    ../clib/microlib/init/entry.s            0x00000000   Number         0  entry11a.o ABSOLUTE
    ../clib/microlib/init/entry.s            0x00000000   Number         0  entry11b.o ABSOLUTE
    ../clib/microlib/longlong.c              0x00000000   Number         0  llshl.o ABSOLUTE
    ../clib/microlib/longlong.c              0x00000000   Number         0  llushr.o ABSOLUTE
    ../clib/microlib/longlong.c              0x00000000   Number         0  llsshr.o ABSOLUTE
    ../clib/microlib/printf/printf.c         0x00000000   Number         0  printfb.o ABSOLUTE
    ../clib/microlib/printf/printf.c         0x00000000   Number         0  printf0.o ABSOLUTE
    ../clib/microlib/printf/printf.c         0x00000000   Number         0  printf1.o ABSOLUTE
    ../clib/microlib/printf/printf.c         0x00000000   Number         0  printf2.o ABSOLUTE
    ../clib/microlib/printf/printf.c         0x00000000   Number         0  printf3.o ABSOLUTE
    ../clib/microlib/printf/printf.c         0x00000000   Number         0  printf4.o ABSOLUTE
    ../clib/microlib/printf/printf.c         0x00000000   Number         0  printf5.o ABSOLUTE
    ../clib/microlib/printf/printf.c         0x00000000   Number         0  printf6.o ABSOLUTE
    ../clib/microlib/printf/printf.c         0x00000000   Number         0  printf7.o ABSOLUTE
    ../clib/microlib/printf/printf.c         0x00000000   Number         0  printf8.o ABSOLUTE
    ../clib/microlib/printf/printf.c         0x00000000   Number         0  printfa.o ABSOLUTE
    ../clib/microlib/printf/stubs.s          0x00000000   Number         0  printfstubs.o ABSOLUTE
    ../clib/microlib/stdio/puts.c            0x00000000   Number         0  puts.o ABSOLUTE
    ../clib/microlib/stdio/puts.c            0x00000000   Number         0  puts_e.o ABSOLUTE
    ../clib/microlib/stdio/streams.c         0x00000000   Number         0  stdout.o ABSOLUTE
    ../clib/microlib/string/memcpy.c         0x00000000   Number         0  memcpya.o ABSOLUTE
    ../clib/microlib/string/memcpy.c         0x00000000   Number         0  memcpyb.o ABSOLUTE
    ../clib/microlib/stubs.s                 0x00000000   Number         0  iusefp.o ABSOLUTE
    ../fplib/microlib/fpadd.c                0x00000000   Number         0  dadd.o ABSOLUTE
    ../fplib/microlib/fpdiv.c                0x00000000   Number         0  ddiv.o ABSOLUTE
    ../fplib/microlib/fpepilogue.c           0x00000000   Number         0  depilogue.o ABSOLUTE
    ../fplib/microlib/fpfix.c                0x00000000   Number         0  dfixul.o ABSOLUTE
    ../fplib/microlib/fpmul.c                0x00000000   Number         0  dmul.o ABSOLUTE
    SWM341_flash.c                           0x00000000   Number         0  swm341_flash.o ABSOLUTE
    SWM341_gpio.c                            0x00000000   Number         0  swm341_gpio.o ABSOLUTE
    SWM341_lcd.c                             0x00000000   Number         0  swm341_lcd.o ABSOLUTE
    SWM341_port.c                            0x00000000   Number         0  swm341_port.o ABSOLUTE
    SWM341_pwm.c                             0x00000000   Number         0  swm341_pwm.o ABSOLUTE
    SWM341_sdram.c                           0x00000000   Number         0  swm341_sdram.o ABSOLUTE
    SWM341_uart.c                            0x00000000   Number         0  swm341_uart.o ABSOLUTE
    cdrcmple.s                               0x00000000   Number         0  cdrcmple.o ABSOLUTE
    dc.s                                     0x00000000   Number         0  dc.o ABSOLUTE
    dev_systick.c                            0x00000000   Number         0  dev_systick.o ABSOLUTE
    handlers.s                               0x00000000   Number         0  handlers.o ABSOLUTE
    init.s                                   0x00000000   Number         0  init.o ABSOLUTE
    lcd.c                                    0x00000000   Number         0  lcd.o ABSOLUTE
    main.c                                   0x00000000   Number         0  main.o ABSOLUTE
    modbus_crc16.c                           0x00000000   Number         0  modbus_crc16.o ABSOLUTE
    rs485.c                                  0x00000000   Number         0  rs485.o ABSOLUTE
    rs485_host.c                             0x00000000   Number         0  rs485_host.o ABSOLUTE
    system_SWM341.c                          0x00000000   Number         0  system_swm341.o ABSOLUTE
    uart.c                                   0x00000000   Number         0  uart.o ABSOLUTE
    ugui.c                                   0x00000000   Number         0  ugui.o ABSOLUTE
    RESET                                    0x00000000   Section      424  startup_swm341.o(RESET)
    .ARM.Collect$$$$00000000                 0x000001a8   Section        0  entry.o(.ARM.Collect$$$$00000000)
    .ARM.Collect$$$$00000001                 0x000001a8   Section        4  entry2.o(.ARM.Collect$$$$00000001)
    .ARM.Collect$$$$00000004                 0x000001ac   Section        4  entry5.o(.ARM.Collect$$$$00000004)
    .ARM.Collect$$$$00000008                 0x000001b0   Section        0  entry7b.o(.ARM.Collect$$$$00000008)
    .ARM.Collect$$$$0000000A                 0x000001b0   Section        0  entry8b.o(.ARM.Collect$$$$0000000A)
    .ARM.Collect$$$$0000000B                 0x000001b0   Section        8  entry9a.o(.ARM.Collect$$$$0000000B)
    __lit__00000000                          0x000001b8   Data           4  entry2.o(.ARM.Collect$$$$00002712)
    .ARM.Collect$$$$0000000D                 0x000001b8   Section        0  entry10a.o(.ARM.Collect$$$$0000000D)
    .ARM.Collect$$$$0000000F                 0x000001b8   Section        0  entry11a.o(.ARM.Collect$$$$0000000F)
    .ARM.Collect$$$$00002712                 0x000001b8   Section        4  entry2.o(.ARM.Collect$$$$00002712)
    $v0                                      0x000001bc   Number         0  startup_swm341.o(.text)
    .text                                    0x000001bc   Section      216  startup_swm341.o(.text)
    .text                                    0x00000294   Section        0  memcpya.o(.text)
    .text                                    0x000002b8   Section        0  uldiv.o(.text)
    .text                                    0x0000031c   Section       36  init.o(.text)
    .text                                    0x00000340   Section        0  llshl.o(.text)
    .text                                    0x0000035e   Section        0  llushr.o(.text)
    CirBuf_Full                              0x00000381   Thumb Code    14  rs485.o(.text.CirBuf_Full)
    [Anonymous Symbol]                       0x00000380   Section        0  rs485.o(.text.CirBuf_Full)
    CirBuf_Space                             0x00000391   Thumb Code    26  rs485.o(.text.CirBuf_Space)
    [Anonymous Symbol]                       0x00000390   Section        0  rs485.o(.text.CirBuf_Space)
    CirBuf_Write                             0x000003ad   Thumb Code   158  rs485.o(.text.CirBuf_Write)
    [Anonymous Symbol]                       0x000003ac   Section        0  rs485.o(.text.CirBuf_Write)
    [Anonymous Symbol]                       0x0000044c   Section        0  system_swm341.o(.text.FPU_Enable)
    [Anonymous Symbol]                       0x00000460   Section        0  swm341_flash.o(.text.Flash_Param_at_xMHz)
    [Anonymous Symbol]                       0x00000500   Section        0  swm341_gpio.o(.text.GPIO_Init)
    [Anonymous Symbol]                       0x00000664   Section        0  lcd.o(.text.LCD_Handler)
    [Anonymous Symbol]                       0x0000067c   Section        0  swm341_lcd.o(.text.LCD_INTClr)
    [Anonymous Symbol]                       0x00000684   Section        0  swm341_lcd.o(.text.LCD_Start)
    [Anonymous Symbol]                       0x00000690   Section        0  system_swm341.o(.text.PLLInit)
    [Anonymous Symbol]                       0x0000070c   Section        0  swm341_port.o(.text.PORT_Init)
    [Anonymous Symbol]                       0x00000758   Section        0  uart.o(.text.SerialInit)
    SysTick_Config                           0x000007b1   Thumb Code    40  dev_systick.o(.text.SysTick_Config)
    [Anonymous Symbol]                       0x000007b0   Section        0  dev_systick.o(.text.SysTick_Config)
    [Anonymous Symbol]                       0x000007d8   Section        0  dev_systick.o(.text.SysTick_Handler)
    [Anonymous Symbol]                       0x000007e0   Section        0  system_swm341.o(.text.SystemCoreClockUpdate)
    [Anonymous Symbol]                       0x000008ac   Section        0  system_swm341.o(.text.SystemInit)
    [Anonymous Symbol]                       0x0000094c   Section        0  rs485.o(.text.UART2_Handler)
    [Anonymous Symbol]                       0x000009b8   Section        0  swm341_uart.o(.text.UART_Close)
    [Anonymous Symbol]                       0x000009c4   Section        0  swm341_uart.o(.text.UART_INTClr)
    [Anonymous Symbol]                       0x000009d4   Section        0  swm341_uart.o(.text.UART_INTStat)
    [Anonymous Symbol]                       0x00000a0c   Section        0  swm341_uart.o(.text.UART_Init)
    [Anonymous Symbol]                       0x00000b54   Section        0  swm341_uart.o(.text.UART_IsRXFIFOEmpty)
    [Anonymous Symbol]                       0x00000b60   Section        0  swm341_uart.o(.text.UART_IsTXBusy)
    [Anonymous Symbol]                       0x00000b6c   Section        0  swm341_uart.o(.text.UART_Open)
    [Anonymous Symbol]                       0x00000b78   Section        0  swm341_uart.o(.text.UART_ReadByte)
    [Anonymous Symbol]                       0x00000b88   Section        0  swm341_uart.o(.text.UART_WriteByte)
    __NVIC_DisableIRQ                        0x00000b8d   Thumb Code    30  swm341_uart.o(.text.__NVIC_DisableIRQ)
    [Anonymous Symbol]                       0x00000b8c   Section        0  swm341_uart.o(.text.__NVIC_DisableIRQ)
    __NVIC_EnableIRQ                         0x00000bad   Thumb Code    22  swm341_uart.o(.text.__NVIC_EnableIRQ)
    [Anonymous Symbol]                       0x00000bac   Section        0  swm341_uart.o(.text.__NVIC_EnableIRQ)
    __NVIC_SetPriority                       0x00000bc5   Thumb Code    14  dev_systick.o(.text.__NVIC_SetPriority)
    [Anonymous Symbol]                       0x00000bc4   Section        0  dev_systick.o(.text.__NVIC_SetPriority)
    delay_3ms                                0x00000bd5   Thumb Code    56  system_swm341.o(.text.delay_3ms)
    [Anonymous Symbol]                       0x00000bd4   Section        0  system_swm341.o(.text.delay_3ms)
    [Anonymous Symbol]                       0x00000c0c   Section        0  uart.o(.text.fputc)
    [Anonymous Symbol]                       0x00000c30   Section        0  main.o(.text.main)
    [Anonymous Symbol]                       0x00000cac   Section        0  rs485.o(.text.modbus_06_set_req)
    [Anonymous Symbol]                       0x00000cf8   Section        0  modbus_crc16.o(.text.modbus_crc16)
    [Anonymous Symbol]                       0x00000d40   Section        0  rs485.o(.text.modbus_protocol_encode)
    [Anonymous Symbol]                       0x00000d54   Section        0  rs485_host.o(.text.rs485_host_process)
    [Anonymous Symbol]                       0x00000e3c   Section        0  rs485_host.o(.text.rs485_host_send)
    [Anonymous Symbol]                       0x00000e70   Section        0  system_swm341.o(.text.switchTo20MHz)
    [Anonymous Symbol]                       0x00000e90   Section        0  system_swm341.o(.text.switchToPLL)
    [Anonymous Symbol]                       0x00000ed4   Section        0  dev_systick.o(.text.systick_delay_ms)
    [Anonymous Symbol]                       0x00000eec   Section        0  dev_systick.o(.text.systick_inc_tick)
    [Anonymous Symbol]                       0x00000efc   Section        0  dev_systick.o(.text.systick_init)
    [Anonymous Symbol]                       0x00000f24   Section        0  rs485.o(.text.uart2_init)
    i.__0printf$8                            0x00000f7c   Section        0  printf8.o(i.__0printf$8)
    i.__scatterload_copy                     0x00000f9c   Section       14  handlers.o(i.__scatterload_copy)
    i.__scatterload_null                     0x00000faa   Section        2  handlers.o(i.__scatterload_null)
    i.__scatterload_zeroinit                 0x00000fac   Section       14  handlers.o(i.__scatterload_zeroinit)
    _printf_core                             0x00000fbd   Thumb Code   996  printf8.o(i._printf_core)
    i._printf_core                           0x00000fbc   Section        0  printf8.o(i._printf_core)
    _printf_post_padding                     0x000013cd   Thumb Code    36  printf8.o(i._printf_post_padding)
    i._printf_post_padding                   0x000013cc   Section        0  printf8.o(i._printf_post_padding)
    _printf_pre_padding                      0x000013f1   Thumb Code    46  printf8.o(i._printf_pre_padding)
    i._printf_pre_padding                    0x000013f0   Section        0  printf8.o(i._printf_pre_padding)
    i.puts                                   0x00001420   Section        0  puts.o(i.puts)
    auchCRCHi                                0x00001444   Data         256  modbus_crc16.o(.rodata.auchCRCHi)
    [Anonymous Symbol]                       0x00001444   Section        0  modbus_crc16.o(.rodata.auchCRCHi)
    auchCRCLo                                0x00001544   Data         256  modbus_crc16.o(.rodata.auchCRCLo)
    [Anonymous Symbol]                       0x00001544   Section        0  modbus_crc16.o(.rodata.auchCRCLo)
    .data                                    0x20000000   Section        4  stdout.o(.data)
    Systick_Tick                             0x20000418   Data           4  dev_systick.o(.bss.Systick_Tick)
    [Anonymous Symbol]                       0x20000418   Section        0  dev_systick.o(.bss.Systick_Tick)
    host_arr                                 0x2000041c   Data           8  rs485_host.o(.bss.host_arr)
    [Anonymous Symbol]                       0x2000041c   Section        0  rs485_host.o(.bss.host_arr)
    STACK                                    0x20000450   Section    16384  startup_swm341.o(STACK)

    Global Symbols

    Symbol Name                              Value     Ov Type        Size  Object(Section)

    BuildAttributes$$THM_ISAv4$E$P$D$K$B$S$7EM$8M$VFPi5$EXTD16$VFPS$VFMA$PE$A:L22UL41UL21$X:L11$S22US41US21$IEEE1$IW$~IW$USESV6$~STKCKD$USESV7$~SHL$OTIME$ROPI$EBA8$MICROLIB$REQ8$PRES8$EABIv2 0x00000000   Number         0  anon$$obj.o ABSOLUTE
    __Vectors                                0x00000000   Data           4  startup_swm341.o(RESET)
    _printf_a                                0x00000000   Number         0  printfstubs.o ABSOLUTE
    _printf_c                                0x00000000   Number         0  printfstubs.o ABSOLUTE
    _printf_charcount                        0x00000000   Number         0  printfstubs.o ABSOLUTE
    _printf_d                                0x00000000   Number         0  printfstubs.o ABSOLUTE
    _printf_e                                0x00000000   Number         0  printfstubs.o ABSOLUTE
    _printf_f                                0x00000000   Number         0  printfstubs.o ABSOLUTE
    _printf_flags                            0x00000000   Number         0  printfstubs.o ABSOLUTE
    _printf_fp_dec                           0x00000000   Number         0  printfstubs.o ABSOLUTE
    _printf_fp_hex                           0x00000000   Number         0  printfstubs.o ABSOLUTE
    _printf_g                                0x00000000   Number         0  printfstubs.o ABSOLUTE
    _printf_i                                0x00000000   Number         0  printfstubs.o ABSOLUTE
    _printf_int_dec                          0x00000000   Number         0  printfstubs.o ABSOLUTE
    _printf_l                                0x00000000   Number         0  printfstubs.o ABSOLUTE
    _printf_lc                               0x00000000   Number         0  printfstubs.o ABSOLUTE
    _printf_ll                               0x00000000   Number         0  printfstubs.o ABSOLUTE
    _printf_lld                              0x00000000   Number         0  printfstubs.o ABSOLUTE
    _printf_lli                              0x00000000   Number         0  printfstubs.o ABSOLUTE
    _printf_llo                              0x00000000   Number         0  printfstubs.o ABSOLUTE
    _printf_llu                              0x00000000   Number         0  printfstubs.o ABSOLUTE
    _printf_llx                              0x00000000   Number         0  printfstubs.o ABSOLUTE
    _printf_longlong_dec                     0x00000000   Number         0  printfstubs.o ABSOLUTE
    _printf_longlong_hex                     0x00000000   Number         0  printfstubs.o ABSOLUTE
    _printf_longlong_oct                     0x00000000   Number         0  printfstubs.o ABSOLUTE
    _printf_ls                               0x00000000   Number         0  printfstubs.o ABSOLUTE
    _printf_mbtowc                           0x00000000   Number         0  printfstubs.o ABSOLUTE
    _printf_n                                0x00000000   Number         0  printfstubs.o ABSOLUTE
    _printf_o                                0x00000000   Number         0  printfstubs.o ABSOLUTE
    _printf_p                                0x00000000   Number         0  printfstubs.o ABSOLUTE
    _printf_percent                          0x00000000   Number         0  printfstubs.o ABSOLUTE
    _printf_pre_padding                      0x00000000   Number         0  printfstubs.o ABSOLUTE
    _printf_return_value                     0x00000000   Number         0  printfstubs.o ABSOLUTE
    _printf_s                                0x00000000   Number         0  printfstubs.o ABSOLUTE
    _printf_sizespec                         0x00000000   Number         0  printfstubs.o ABSOLUTE
    _printf_str                              0x00000000   Number         0  printfstubs.o ABSOLUTE
    _printf_truncate_signed                  0x00000000   Number         0  printfstubs.o ABSOLUTE
    _printf_truncate_unsigned                0x00000000   Number         0  printfstubs.o ABSOLUTE
    _printf_u                                0x00000000   Number         0  printfstubs.o ABSOLUTE
    _printf_wc                               0x00000000   Number         0  printfstubs.o ABSOLUTE
    _printf_wctomb                           0x00000000   Number         0  printfstubs.o ABSOLUTE
    _printf_widthprec                        0x00000000   Number         0  printfstubs.o ABSOLUTE
    _printf_x                                0x00000000   Number         0  printfstubs.o ABSOLUTE
    __cpp_initialize__aeabi_                  - Undefined Weak Reference
    __cxa_finalize                            - Undefined Weak Reference
    __decompress                              - Undefined Weak Reference
    _clock_init                               - Undefined Weak Reference
    _microlib_exit                            - Undefined Weak Reference
    __Vectors_End                            0x000001a8   Data           0  startup_swm341.o(RESET)
    __Vectors_Size                           0x000001a8   Number         0  startup_swm341.o ABSOLUTE
    __main                                   0x000001a9   Thumb Code     0  entry.o(.ARM.Collect$$$$00000000)
    _main_stk                                0x000001a9   Thumb Code     0  entry2.o(.ARM.Collect$$$$00000001)
    _main_scatterload                        0x000001ad   Thumb Code     0  entry5.o(.ARM.Collect$$$$00000004)
    __main_after_scatterload                 0x000001b1   Thumb Code     0  entry5.o(.ARM.Collect$$$$00000004)
    _main_clock                              0x000001b1   Thumb Code     0  entry7b.o(.ARM.Collect$$$$00000008)
    _main_cpp_init                           0x000001b1   Thumb Code     0  entry8b.o(.ARM.Collect$$$$0000000A)
    _main_init                               0x000001b1   Thumb Code     0  entry9a.o(.ARM.Collect$$$$0000000B)
    __rt_final_cpp                           0x000001b9   Thumb Code     0  entry10a.o(.ARM.Collect$$$$0000000D)
    __rt_final_exit                          0x000001b9   Thumb Code     0  entry11a.o(.ARM.Collect$$$$0000000F)
    Reset_Handler                            0x000001bd   Thumb Code     8  startup_swm341.o(.text)
    NMI_Handler                              0x000001c5   Thumb Code     2  startup_swm341.o(.text)
    HardFault_Handler                        0x000001c7   Thumb Code     2  startup_swm341.o(.text)
    MemManage_Handler                        0x000001c9   Thumb Code     2  startup_swm341.o(.text)
    BusFault_Handler                         0x000001cb   Thumb Code     2  startup_swm341.o(.text)
    UsageFault_Handler                       0x000001cd   Thumb Code     2  startup_swm341.o(.text)
    SVC_Handler                              0x000001cf   Thumb Code     2  startup_swm341.o(.text)
    DebugMon_Handler                         0x000001d1   Thumb Code     2  startup_swm341.o(.text)
    PendSV_Handler                           0x000001d3   Thumb Code     2  startup_swm341.o(.text)
    UART0_Handler                            0x000001d7   Thumb Code     2  startup_swm341.o(.text)
    UART1_Handler                            0x000001d9   Thumb Code     2  startup_swm341.o(.text)
    TIMR0_Handler                            0x000001db   Thumb Code     2  startup_swm341.o(.text)
    TIMR1_Handler                            0x000001dd   Thumb Code     2  startup_swm341.o(.text)
    DMA_Handler                              0x000001df   Thumb Code     2  startup_swm341.o(.text)
    SPI0_Handler                             0x000001e1   Thumb Code     2  startup_swm341.o(.text)
    PWM0_Handler                             0x000001e3   Thumb Code     2  startup_swm341.o(.text)
    WDT_Handler                              0x000001e5   Thumb Code     2  startup_swm341.o(.text)
    PWM1_Handler                             0x000001e9   Thumb Code     2  startup_swm341.o(.text)
    ADC0_Handler                             0x000001eb   Thumb Code     2  startup_swm341.o(.text)
    BTIMR0_Handler                           0x000001ed   Thumb Code     2  startup_swm341.o(.text)
    HALL0_Handler                            0x000001ef   Thumb Code     2  startup_swm341.o(.text)
    PWM2_Handler                             0x000001f1   Thumb Code     2  startup_swm341.o(.text)
    PWMBRK_Handler                           0x000001f3   Thumb Code     2  startup_swm341.o(.text)
    I2C0_Handler                             0x000001f5   Thumb Code     2  startup_swm341.o(.text)
    CAN0_Handler                             0x000001f7   Thumb Code     2  startup_swm341.o(.text)
    SPI1_Handler                             0x000001f9   Thumb Code     2  startup_swm341.o(.text)
    RTC_Handler                              0x000001fb   Thumb Code     2  startup_swm341.o(.text)
    PWM3_Handler                             0x000001fd   Thumb Code     2  startup_swm341.o(.text)
    TIMR2_Handler                            0x000001ff   Thumb Code     2  startup_swm341.o(.text)
    UART3_Handler                            0x00000201   Thumb Code     2  startup_swm341.o(.text)
    TIMR3_Handler                            0x00000203   Thumb Code     2  startup_swm341.o(.text)
    ADC1_Handler                             0x00000205   Thumb Code     2  startup_swm341.o(.text)
    BOD_Handler                              0x00000207   Thumb Code     2  startup_swm341.o(.text)
    CORDIC_Handler                           0x00000209   Thumb Code     2  startup_swm341.o(.text)
    BTIMR1_Handler                           0x0000020b   Thumb Code     2  startup_swm341.o(.text)
    PWM4_Handler                             0x0000020d   Thumb Code     2  startup_swm341.o(.text)
    HALL3_Handler                            0x0000020f   Thumb Code     2  startup_swm341.o(.text)
    BTIMR2_Handler                           0x00000211   Thumb Code     2  startup_swm341.o(.text)
    I2C1_Handler                             0x00000213   Thumb Code     2  startup_swm341.o(.text)
    BTIMR3_Handler                           0x00000215   Thumb Code     2  startup_swm341.o(.text)
    ACMP_Handler                             0x00000217   Thumb Code     2  startup_swm341.o(.text)
    XTALSTOP_Handler                         0x00000219   Thumb Code     2  startup_swm341.o(.text)
    FSPI_Handler                             0x0000021b   Thumb Code     2  startup_swm341.o(.text)
    GPIOA_Handler                            0x0000021d   Thumb Code     2  startup_swm341.o(.text)
    GPIOB_Handler                            0x0000021f   Thumb Code     2  startup_swm341.o(.text)
    GPIOC_Handler                            0x00000221   Thumb Code     2  startup_swm341.o(.text)
    GPIOD_Handler                            0x00000223   Thumb Code     2  startup_swm341.o(.text)
    GPIOM_Handler                            0x00000225   Thumb Code     2  startup_swm341.o(.text)
    GPION_Handler                            0x00000227   Thumb Code     2  startup_swm341.o(.text)
    GPIOA0_Handler                           0x00000229   Thumb Code     2  startup_swm341.o(.text)
    GPIOA1_Handler                           0x0000022b   Thumb Code     2  startup_swm341.o(.text)
    GPIOA5_Handler                           0x0000022d   Thumb Code     2  startup_swm341.o(.text)
    GPIOA6_Handler                           0x0000022f   Thumb Code     2  startup_swm341.o(.text)
    GPIOA10_Handler                          0x00000231   Thumb Code     2  startup_swm341.o(.text)
    GPIOA11_Handler                          0x00000233   Thumb Code     2  startup_swm341.o(.text)
    GPIOA12_Handler                          0x00000235   Thumb Code     2  startup_swm341.o(.text)
    GPIOA13_Handler                          0x00000237   Thumb Code     2  startup_swm341.o(.text)
    GPIOB0_Handler                           0x00000239   Thumb Code     2  startup_swm341.o(.text)
    GPIOB1_Handler                           0x0000023b   Thumb Code     2  startup_swm341.o(.text)
    GPIOB2_Handler                           0x0000023d   Thumb Code     2  startup_swm341.o(.text)
    GPIOC0_Handler                           0x0000023f   Thumb Code     2  startup_swm341.o(.text)
    GPIOC1_Handler                           0x00000241   Thumb Code     2  startup_swm341.o(.text)
    GPIOC2_Handler                           0x00000243   Thumb Code     2  startup_swm341.o(.text)
    GPIOC3_Handler                           0x00000245   Thumb Code     2  startup_swm341.o(.text)
    GPIOC4_Handler                           0x00000247   Thumb Code     2  startup_swm341.o(.text)
    GPIOD3_Handler                           0x00000249   Thumb Code     2  startup_swm341.o(.text)
    GPIOD4_Handler                           0x0000024b   Thumb Code     2  startup_swm341.o(.text)
    GPIOD5_Handler                           0x0000024d   Thumb Code     2  startup_swm341.o(.text)
    GPIOD6_Handler                           0x0000024f   Thumb Code     2  startup_swm341.o(.text)
    GPIOD7_Handler                           0x00000251   Thumb Code     2  startup_swm341.o(.text)
    GPIOD8_Handler                           0x00000253   Thumb Code     2  startup_swm341.o(.text)
    GPIOC9_Handler                           0x00000255   Thumb Code     2  startup_swm341.o(.text)
    GPIOC10_Handler                          0x00000257   Thumb Code     2  startup_swm341.o(.text)
    GPIOC11_Handler                          0x00000259   Thumb Code     2  startup_swm341.o(.text)
    GPIOC12_Handler                          0x0000025b   Thumb Code     2  startup_swm341.o(.text)
    GPIOM0_Handler                           0x0000025d   Thumb Code     2  startup_swm341.o(.text)
    GPIOM1_Handler                           0x0000025f   Thumb Code     2  startup_swm341.o(.text)
    GPIOM2_Handler                           0x00000261   Thumb Code     2  startup_swm341.o(.text)
    GPIOM3_Handler                           0x00000263   Thumb Code     2  startup_swm341.o(.text)
    GPIOM4_Handler                           0x00000265   Thumb Code     2  startup_swm341.o(.text)
    DIV_Handler                              0x00000267   Thumb Code     2  startup_swm341.o(.text)
    GPIOE_Handler                            0x0000026b   Thumb Code     2  startup_swm341.o(.text)
    JPEG_Handler                             0x0000026d   Thumb Code     2  startup_swm341.o(.text)
    SDIO_Handler                             0x0000026f   Thumb Code     2  startup_swm341.o(.text)
    USB_Handler                              0x00000271   Thumb Code     2  startup_swm341.o(.text)
    CAN1_Handler                             0x00000273   Thumb Code     2  startup_swm341.o(.text)
    TIMR4_Handler                            0x00000275   Thumb Code     2  startup_swm341.o(.text)
    BTIMR4_Handler                           0x00000277   Thumb Code     2  startup_swm341.o(.text)
    BTIMR5_Handler                           0x00000279   Thumb Code     2  startup_swm341.o(.text)
    BTIMR6_Handler                           0x0000027b   Thumb Code     2  startup_swm341.o(.text)
    BTIMR7_Handler                           0x0000027d   Thumb Code     2  startup_swm341.o(.text)
    BTIMR8_Handler                           0x0000027f   Thumb Code     2  startup_swm341.o(.text)
    BTIMR9_Handler                           0x00000281   Thumb Code     2  startup_swm341.o(.text)
    BTIMR10_Handler                          0x00000283   Thumb Code     2  startup_swm341.o(.text)
    BTIMR11_Handler                          0x00000285   Thumb Code     2  startup_swm341.o(.text)
    DMA2D_Handler                            0x00000287   Thumb Code     2  startup_swm341.o(.text)
    QEI_Handler                              0x00000289   Thumb Code     2  startup_swm341.o(.text)
    __aeabi_memcpy                           0x00000295   Thumb Code    36  memcpya.o(.text)
    __aeabi_memcpy4                          0x00000295   Thumb Code     0  memcpya.o(.text)
    __aeabi_memcpy8                          0x00000295   Thumb Code     0  memcpya.o(.text)
    __aeabi_uldivmod                         0x000002b9   Thumb Code    98  uldiv.o(.text)
    __scatterload                            0x0000031d   Thumb Code    28  init.o(.text)
    __scatterload_rt2                        0x0000031d   Thumb Code     0  init.o(.text)
    __aeabi_llsl                             0x00000341   Thumb Code    30  llshl.o(.text)
    _ll_shift_l                              0x00000341   Thumb Code     0  llshl.o(.text)
    __aeabi_llsr                             0x0000035f   Thumb Code    32  llushr.o(.text)
    _ll_ushift_r                             0x0000035f   Thumb Code     0  llushr.o(.text)
    FPU_Enable                               0x0000044d   Thumb Code    18  system_swm341.o(.text.FPU_Enable)
    Flash_Param_at_xMHz                      0x00000461   Thumb Code   158  swm341_flash.o(.text.Flash_Param_at_xMHz)
    GPIO_Init                                0x00000501   Thumb Code   356  swm341_gpio.o(.text.GPIO_Init)
    LCD_Handler                              0x00000665   Thumb Code    24  lcd.o(.text.LCD_Handler)
    LCD_INTClr                               0x0000067d   Thumb Code     6  swm341_lcd.o(.text.LCD_INTClr)
    LCD_Start                                0x00000685   Thumb Code    10  swm341_lcd.o(.text.LCD_Start)
    PLLInit                                  0x00000691   Thumb Code   124  system_swm341.o(.text.PLLInit)
    PORT_Init                                0x0000070d   Thumb Code    74  swm341_port.o(.text.PORT_Init)
    SerialInit                               0x00000759   Thumb Code    88  uart.o(.text.SerialInit)
    SysTick_Handler                          0x000007d9   Thumb Code     8  dev_systick.o(.text.SysTick_Handler)
    SystemCoreClockUpdate                    0x000007e1   Thumb Code   202  system_swm341.o(.text.SystemCoreClockUpdate)
    SystemInit                               0x000008ad   Thumb Code   160  system_swm341.o(.text.SystemInit)
    UART2_Handler                            0x0000094d   Thumb Code   108  rs485.o(.text.UART2_Handler)
    UART_Close                               0x000009b9   Thumb Code    10  swm341_uart.o(.text.UART_Close)
    UART_INTClr                              0x000009c5   Thumb Code    16  swm341_uart.o(.text.UART_INTClr)
    UART_INTStat                             0x000009d5   Thumb Code    54  swm341_uart.o(.text.UART_INTStat)
    UART_Init                                0x00000a0d   Thumb Code   312  swm341_uart.o(.text.UART_Init)
    UART_IsRXFIFOEmpty                       0x00000b55   Thumb Code    10  swm341_uart.o(.text.UART_IsRXFIFOEmpty)
    UART_IsTXBusy                            0x00000b61   Thumb Code    10  swm341_uart.o(.text.UART_IsTXBusy)
    UART_Open                                0x00000b6d   Thumb Code    10  swm341_uart.o(.text.UART_Open)
    UART_ReadByte                            0x00000b79   Thumb Code    16  swm341_uart.o(.text.UART_ReadByte)
    UART_WriteByte                           0x00000b89   Thumb Code     4  swm341_uart.o(.text.UART_WriteByte)
    fputc                                    0x00000c0d   Thumb Code    34  uart.o(.text.fputc)
    main                                     0x00000c31   Thumb Code   104  main.o(.text.main)
    modbus_06_set_req                        0x00000cad   Thumb Code    74  rs485.o(.text.modbus_06_set_req)
    modbus_crc16                             0x00000cf9   Thumb Code    70  modbus_crc16.o(.text.modbus_crc16)
    modbus_protocol_encode                   0x00000d41   Thumb Code    18  rs485.o(.text.modbus_protocol_encode)
    rs485_host_process                       0x00000d55   Thumb Code   232  rs485_host.o(.text.rs485_host_process)
    rs485_host_send                          0x00000e3d   Thumb Code    44  rs485_host.o(.text.rs485_host_send)
    switchTo20MHz                            0x00000e71   Thumb Code    32  system_swm341.o(.text.switchTo20MHz)
    switchToPLL                              0x00000e91   Thumb Code    66  system_swm341.o(.text.switchToPLL)
    systick_delay_ms                         0x00000ed5   Thumb Code    22  dev_systick.o(.text.systick_delay_ms)
    systick_inc_tick                         0x00000eed   Thumb Code    16  dev_systick.o(.text.systick_inc_tick)
    systick_init                             0x00000efd   Thumb Code    38  dev_systick.o(.text.systick_init)
    uart2_init                               0x00000f25   Thumb Code    88  rs485.o(.text.uart2_init)
    __0printf$8                              0x00000f7d   Thumb Code    22  printf8.o(i.__0printf$8)
    __1printf$8                              0x00000f7d   Thumb Code     0  printf8.o(i.__0printf$8)
    __2printf                                0x00000f7d   Thumb Code     0  printf8.o(i.__0printf$8)
    __scatterload_copy                       0x00000f9d   Thumb Code    14  handlers.o(i.__scatterload_copy)
    __scatterload_null                       0x00000fab   Thumb Code     2  handlers.o(i.__scatterload_null)
    __scatterload_zeroinit                   0x00000fad   Thumb Code    14  handlers.o(i.__scatterload_zeroinit)
    puts                                     0x00001421   Thumb Code    30  puts.o(i.puts)
    Region$$Table$$Base                      0x00001644   Number         0  anon$$obj.o(Region$$Table)
    Region$$Table$$Limit                     0x00001664   Number         0  anon$$obj.o(Region$$Table)
    __stdout                                 0x20000000   Data           4  stdout.o(.data)
    CyclesPerUs                              0x20000004   Data           4  system_swm341.o(.data.CyclesPerUs)
    SystemCoreClock                          0x20000008   Data           4  system_swm341.o(.data.SystemCoreClock)
    CirBuf                                   0x20000010   Data        1032  rs485.o(.bss.CirBuf)
    host_count                               0x20000424   Data           1  rs485_host.o(.bss.host_count)
    msg_rcvd                                 0x20000425   Data           1  rs485.o(.bss.msg_rcvd)
    rs485_host_device1                       0x20000428   Data          36  rs485.o(.bss.rs485_host_device1)
    __initial_sp                             0x20004450   Data           0  startup_swm341.o(STACK)



==============================================================================

Memory Map of the image

  Image Entry point : 0x000001a9

  Load Region LR_IROM1 (Base: 0x00000000, Size: 0x00001678, Max: 0x00080000, ABSOLUTE)

    Execution Region ER_IROM1 (Exec base: 0x00000000, Load base: 0x00000000, Size: 0x00001664, Max: 0x00080000, ABSOLUTE)

    Exec Addr    Load Addr    Size         Type   Attr      Idx    E Section Name        Object

    0x00000000   0x00000000   0x000001a8   Data   RO          493    RESET               startup_swm341.o
    0x000001a8   0x000001a8   0x00000000   Code   RO          796  * .ARM.Collect$$$$00000000  mc_w.l(entry.o)
    0x000001a8   0x000001a8   0x00000004   Code   RO         1068    .ARM.Collect$$$$00000001  mc_w.l(entry2.o)
    0x000001ac   0x000001ac   0x00000004   Code   RO         1071    .ARM.Collect$$$$00000004  mc_w.l(entry5.o)
    0x000001b0   0x000001b0   0x00000000   Code   RO         1073    .ARM.Collect$$$$00000008  mc_w.l(entry7b.o)
    0x000001b0   0x000001b0   0x00000000   Code   RO         1075    .ARM.Collect$$$$0000000A  mc_w.l(entry8b.o)
    0x000001b0   0x000001b0   0x00000008   Code   RO         1076    .ARM.Collect$$$$0000000B  mc_w.l(entry9a.o)
    0x000001b8   0x000001b8   0x00000000   Code   RO         1078    .ARM.Collect$$$$0000000D  mc_w.l(entry10a.o)
    0x000001b8   0x000001b8   0x00000000   Code   RO         1080    .ARM.Collect$$$$0000000F  mc_w.l(entry11a.o)
    0x000001b8   0x000001b8   0x00000004   Code   RO         1069    .ARM.Collect$$$$00002712  mc_w.l(entry2.o)
    0x000001bc   0x000001bc   0x000000d8   Code   RO          494    .text               startup_swm341.o
    0x00000294   0x00000294   0x00000024   Code   RO          803    .text               mc_w.l(memcpya.o)
    0x000002b8   0x000002b8   0x00000062   Code   RO         1094    .text               mc_w.l(uldiv.o)
    0x0000031a   0x0000031a   0x00000002   PAD
    0x0000031c   0x0000031c   0x00000024   Code   RO         1107    .text               mc_w.l(init.o)
    0x00000340   0x00000340   0x0000001e   Code   RO         1109    .text               mc_w.l(llshl.o)
    0x0000035e   0x0000035e   0x00000020   Code   RO         1111    .text               mc_w.l(llushr.o)
    0x0000037e   0x0000037e   0x00000002   PAD
    0x00000380   0x00000380   0x0000000e   Code   RO          430    .text.CirBuf_Full   rs485.o
    0x0000038e   0x0000038e   0x00000002   PAD
    0x00000390   0x00000390   0x0000001a   Code   RO          432    .text.CirBuf_Space  rs485.o
    0x000003aa   0x000003aa   0x00000002   PAD
    0x000003ac   0x000003ac   0x0000009e   Code   RO          390    .text.CirBuf_Write  rs485.o
    0x0000044a   0x0000044a   0x00000002   PAD
    0x0000044c   0x0000044c   0x00000012   Code   RO          507    .text.FPU_Enable    system_swm341.o
    0x0000045e   0x0000045e   0x00000002   PAD
    0x00000460   0x00000460   0x0000009e   Code   RO          541    .text.Flash_Param_at_xMHz  swm341_flash.o
    0x000004fe   0x000004fe   0x00000002   PAD
    0x00000500   0x00000500   0x00000164   Code   RO          591    .text.GPIO_Init     swm341_gpio.o
    0x00000664   0x00000664   0x00000018   Code   RO           16    .text.LCD_Handler   lcd.o
    0x0000067c   0x0000067c   0x00000006   Code   RO          633    .text.LCD_INTClr    swm341_lcd.o
    0x00000682   0x00000682   0x00000002   PAD
    0x00000684   0x00000684   0x0000000a   Code   RO          625    .text.LCD_Start     swm341_lcd.o
    0x0000068e   0x0000068e   0x00000002   PAD
    0x00000690   0x00000690   0x0000007c   Code   RO          521    .text.PLLInit       system_swm341.o
    0x0000070c   0x0000070c   0x0000004a   Code   RO          555    .text.PORT_Init     swm341_port.o
    0x00000756   0x00000756   0x00000002   PAD
    0x00000758   0x00000758   0x00000058   Code   RO          451    .text.SerialInit    uart.o
    0x000007b0   0x000007b0   0x00000028   Code   RO          566    .text.SysTick_Config  dev_systick.o
    0x000007d8   0x000007d8   0x00000008   Code   RO          578    .text.SysTick_Handler  dev_systick.o
    0x000007e0   0x000007e0   0x000000ca   Code   RO          501    .text.SystemCoreClockUpdate  system_swm341.o
    0x000008aa   0x000008aa   0x00000002   PAD
    0x000008ac   0x000008ac   0x000000a0   Code   RO          503    .text.SystemInit    system_swm341.o
    0x0000094c   0x0000094c   0x0000006c   Code   RO          388    .text.UART2_Handler  rs485.o
    0x000009b8   0x000009b8   0x0000000a   Code   RO          739    .text.UART_Close    swm341_uart.o
    0x000009c2   0x000009c2   0x00000002   PAD
    0x000009c4   0x000009c4   0x00000010   Code   RO          785    .text.UART_INTClr   swm341_uart.o
    0x000009d4   0x000009d4   0x00000036   Code   RO          787    .text.UART_INTStat  swm341_uart.o
    0x00000a0a   0x00000a0a   0x00000002   PAD
    0x00000a0c   0x00000a0c   0x00000148   Code   RO          737    .text.UART_Init     swm341_uart.o
    0x00000b54   0x00000b54   0x0000000a   Code   RO          753    .text.UART_IsRXFIFOEmpty  swm341_uart.o
    0x00000b5e   0x00000b5e   0x00000002   PAD
    0x00000b60   0x00000b60   0x0000000a   Code   RO          751    .text.UART_IsTXBusy  swm341_uart.o
    0x00000b6a   0x00000b6a   0x00000002   PAD
    0x00000b6c   0x00000b6c   0x0000000a   Code   RO          745    .text.UART_Open     swm341_uart.o
    0x00000b76   0x00000b76   0x00000002   PAD
    0x00000b78   0x00000b78   0x00000010   Code   RO          749    .text.UART_ReadByte  swm341_uart.o
    0x00000b88   0x00000b88   0x00000004   Code   RO          747    .text.UART_WriteByte  swm341_uart.o
    0x00000b8c   0x00000b8c   0x0000001e   Code   RO          743    .text.__NVIC_DisableIRQ  swm341_uart.o
    0x00000baa   0x00000baa   0x00000002   PAD
    0x00000bac   0x00000bac   0x00000016   Code   RO          741    .text.__NVIC_EnableIRQ  swm341_uart.o
    0x00000bc2   0x00000bc2   0x00000002   PAD
    0x00000bc4   0x00000bc4   0x0000000e   Code   RO          580    .text.__NVIC_SetPriority  dev_systick.o
    0x00000bd2   0x00000bd2   0x00000002   PAD
    0x00000bd4   0x00000bd4   0x00000038   Code   RO          511    .text.delay_3ms     system_swm341.o
    0x00000c0c   0x00000c0c   0x00000022   Code   RO          453    .text.fputc         uart.o
    0x00000c2e   0x00000c2e   0x00000002   PAD
    0x00000c30   0x00000c30   0x0000007c   Code   RO            2    .text.main          main.o
    0x00000cac   0x00000cac   0x0000004a   Code   RO          420    .text.modbus_06_set_req  rs485.o
    0x00000cf6   0x00000cf6   0x00000002   PAD
    0x00000cf8   0x00000cf8   0x00000046   Code   RO          481    .text.modbus_crc16  modbus_crc16.o
    0x00000d3e   0x00000d3e   0x00000002   PAD
    0x00000d40   0x00000d40   0x00000012   Code   RO          418    .text.modbus_protocol_encode  rs485.o
    0x00000d52   0x00000d52   0x00000002   PAD
    0x00000d54   0x00000d54   0x000000e8   Code   RO          469    .text.rs485_host_process  rs485_host.o
    0x00000e3c   0x00000e3c   0x00000034   Code   RO          467    .text.rs485_host_send  rs485_host.o
    0x00000e70   0x00000e70   0x00000020   Code   RO          509    .text.switchTo20MHz  system_swm341.o
    0x00000e90   0x00000e90   0x00000042   Code   RO          505    .text.switchToPLL   system_swm341.o
    0x00000ed2   0x00000ed2   0x00000002   PAD
    0x00000ed4   0x00000ed4   0x00000016   Code   RO          574    .text.systick_delay_ms  dev_systick.o
    0x00000eea   0x00000eea   0x00000002   PAD
    0x00000eec   0x00000eec   0x00000010   Code   RO          570    .text.systick_inc_tick  dev_systick.o
    0x00000efc   0x00000efc   0x00000026   Code   RO          564    .text.systick_init  dev_systick.o
    0x00000f22   0x00000f22   0x00000002   PAD
    0x00000f24   0x00000f24   0x00000058   Code   RO          392    .text.uart2_init    rs485.o
    0x00000f7c   0x00000f7c   0x00000020   Code   RO         1014    i.__0printf$8       mc_w.l(printf8.o)
    0x00000f9c   0x00000f9c   0x0000000e   Code   RO         1119    i.__scatterload_copy  mc_w.l(handlers.o)
    0x00000faa   0x00000faa   0x00000002   Code   RO         1120    i.__scatterload_null  mc_w.l(handlers.o)
    0x00000fac   0x00000fac   0x0000000e   Code   RO         1121    i.__scatterload_zeroinit  mc_w.l(handlers.o)
    0x00000fba   0x00000fba   0x00000002   PAD
    0x00000fbc   0x00000fbc   0x00000410   Code   RO         1021    i._printf_core      mc_w.l(printf8.o)
    0x000013cc   0x000013cc   0x00000024   Code   RO         1022    i._printf_post_padding  mc_w.l(printf8.o)
    0x000013f0   0x000013f0   0x0000002e   Code   RO         1023    i._printf_pre_padding  mc_w.l(printf8.o)
    0x0000141e   0x0000141e   0x00000002   PAD
    0x00001420   0x00001420   0x00000024   Code   RO          799    i.puts              mc_w.l(puts.o)
    0x00001444   0x00001444   0x00000100   Data   RO          483    .rodata.auchCRCHi   modbus_crc16.o
    0x00001544   0x00001544   0x00000100   Data   RO          484    .rodata.auchCRCLo   modbus_crc16.o
    0x00001644   0x00001644   0x00000020   Data   RO         1118    Region$$Table       anon$$obj.o


    Execution Region RW_IRAM1 (Exec base: 0x20000000, Load base: 0x00001668, Size: 0x00004450, Max: 0x00010000, ABSOLUTE)

    Exec Addr    Load Addr    Size         Type   Attr      Idx    E Section Name        Object

    0x20000000   0x00001668   0x00000004   Data   RW         1082    .data               mc_w.l(stdout.o)
    0x20000004   0x0000166c   0x00000004   Data   RW          528    .data.CyclesPerUs   system_swm341.o
    0x20000008   0x00001670   0x00000004   Data   RW          527    .data.SystemCoreClock  system_swm341.o
    0x2000000c   0x00001674   0x00000004   PAD
    0x20000010        -       0x00000408   Zero   RW          439    .bss.CirBuf         rs485.o
    0x20000418        -       0x00000004   Zero   RW          582    .bss.Systick_Tick   dev_systick.o
    0x2000041c        -       0x00000008   Zero   RW          472    .bss.host_arr       rs485_host.o
    0x20000424        -       0x00000001   Zero   RW          471    .bss.host_count     rs485_host.o
    0x20000425        -       0x00000001   Zero   RW          436    .bss.msg_rcvd       rs485.o
    0x20000426   0x00001674   0x00000002   PAD
    0x20000428        -       0x00000024   Zero   RW          437    .bss.rs485_host_device1  rs485.o
    0x2000044c   0x00001674   0x00000004   PAD
    0x20000450        -       0x00004000   Zero   RW          491    STACK               startup_swm341.o


==============================================================================

Image component sizes


      Code (inc. data)   RO Data    RW Data    ZI Data      Debug   Object Name

       138          0          0          0          4       5665   dev_systick.o
        24          0          0          0          0       5853   lcd.o
       124         20          0          0          0       1486   main.o
        70          0        512          0          0       1125   modbus_crc16.o
       486          0          0          0       1069       8284   rs485.o
       284          8          0          0          9       2324   rs485_host.o
       216         10        424          0      16384       4416   startup_swm341.o
       158          0          0          0          0       2139   swm341_flash.o
       356          0          0          0          0       6007   swm341_gpio.o
        16          0          0          0          0       9546   swm341_lcd.o
        74          0          0          0          0       1222   swm341_port.o
       510         20          0          0          0      10288   swm341_uart.o
       658          6          0          8          0       5633   system_swm341.o
       122          0          0          0          0       2154   uart.o

    ----------------------------------------------------------------------
      3284         64        968          8      17476      66142   Object Totals
         0          0         32          0          0          0   (incl. Generated)
        48          0          0          0         10          0   (incl. Padding)

    ----------------------------------------------------------------------

      Code (inc. data)   RO Data    RW Data    ZI Data      Debug   Library Member Name

         0          0          0          0          0          0   entry.o
         0          0          0          0          0          0   entry10a.o
         0          0          0          0          0          0   entry11a.o
         8          4          0          0          0          0   entry2.o
         4          0          0          0          0          0   entry5.o
         0          0          0          0          0          0   entry7b.o
         0          0          0          0          0          0   entry8b.o
         8          4          0          0          0          0   entry9a.o
        30          0          0          0          0          0   handlers.o
        36          8          0          0          0         68   init.o
        30          0          0          0          0         68   llshl.o
        32          0          0          0          0         68   llushr.o
        36          0          0          0          0         68   memcpya.o
      1154         54          0          0          0        352   printf8.o
        36          6          0          0          0         80   puts.o
         0          0          0          4          0          0   stdout.o
        98          0          0          0          0         92   uldiv.o

    ----------------------------------------------------------------------
      1480         76          0          4          0        796   Library Totals
         8          0          0          0          0          0   (incl. Padding)

    ----------------------------------------------------------------------

      Code (inc. data)   RO Data    RW Data    ZI Data      Debug   Library Name

      1472         76          0          4          0        796   mc_w.l

    ----------------------------------------------------------------------
      1480         76          0          4          0        796   Library Totals

    ----------------------------------------------------------------------

==============================================================================


      Code (inc. data)   RO Data    RW Data    ZI Data      Debug   

      4764        140        968         12      17476      66538   Grand Totals
      4764        140        968         12      17476      66538   ELF Image Totals
      4764        140        968         12          0          0   ROM Totals

==============================================================================

    Total RO  Size (Code + RO Data)                 5732 (   5.60kB)
    Total RW  Size (RW Data + ZI Data)             17488 (  17.08kB)
    Total ROM Size (Code + RO Data + RW Data)       5744 (   5.61kB)

==============================================================================

