Component: ARM Compiler 6.16 Tool: armlink [5dfeaa00]

==============================================================================

Section Cross References

    startup_swm341.o(RESET) refers to startup_swm341.o(STACK) for __initial_sp
    startup_swm341.o(RESET) refers to startup_swm341.o(.text) for Reset_Handler
    startup_swm341.o(RESET) refers to rs485.o(.text.UART2_Handler) for UART2_Handler
    startup_swm341.o(RESET) refers to lcd.o(.text.LCD_Handler) for LCD_Handler
    startup_swm341.o(.text) refers to system_swm341.o(.text.FPU_Enable) for FPU_Enable
    startup_swm341.o(.text) refers to entry.o(.ARM.Collect$$$$00000000) for __main
    system_swm341.o(.text.SystemCoreClockUpdate) refers to system_swm341.o(.data.SystemCoreClock) for SystemCoreClock
    system_swm341.o(.text.SystemCoreClockUpdate) refers to system_swm341.o(.data.CyclesPerUs) for CyclesPerUs
    system_swm341.o(.ARM.exidx.text.SystemCoreClockUpdate) refers to system_swm341.o(.text.SystemCoreClockUpdate) for [Anonymous Symbol]
    system_swm341.o(.text.SystemInit) refers to swm341_flash.o(.text.Flash_Param_at_xMHz) for Flash_Param_at_xMHz
    system_swm341.o(.text.SystemInit) refers to system_swm341.o(.text.switchToPLL) for switchToPLL
    system_swm341.o(.text.SystemInit) refers to system_swm341.o(.text.SystemCoreClockUpdate) for SystemCoreClockUpdate
    system_swm341.o(.text.SystemInit) refers to system_swm341.o(.data.SystemCoreClock) for SystemCoreClock
    system_swm341.o(.ARM.exidx.text.SystemInit) refers to system_swm341.o(.text.SystemInit) for [Anonymous Symbol]
    system_swm341.o(.text.switchToPLL) refers to system_swm341.o(.text.switchTo20MHz) for switchTo20MHz
    system_swm341.o(.text.switchToPLL) refers to system_swm341.o(.text.PLLInit) for PLLInit
    system_swm341.o(.ARM.exidx.text.switchToPLL) refers to system_swm341.o(.text.switchToPLL) for [Anonymous Symbol]
    system_swm341.o(.ARM.exidx.text.FPU_Enable) refers to system_swm341.o(.text.FPU_Enable) for [Anonymous Symbol]
    system_swm341.o(.text.switchTo20MHz) refers to system_swm341.o(.text.delay_3ms) for delay_3ms
    system_swm341.o(.ARM.exidx.text.switchTo20MHz) refers to system_swm341.o(.text.switchTo20MHz) for [Anonymous Symbol]
    system_swm341.o(.ARM.exidx.text.delay_3ms) refers to system_swm341.o(.text.delay_3ms) for [Anonymous Symbol]
    system_swm341.o(.text.switchTo2M5Hz) refers to system_swm341.o(.text.switchTo20MHz) for switchTo20MHz
    system_swm341.o(.text.switchTo2M5Hz) refers to system_swm341.o(.text.delay_3ms) for delay_3ms
    system_swm341.o(.ARM.exidx.text.switchTo2M5Hz) refers to system_swm341.o(.text.switchTo2M5Hz) for [Anonymous Symbol]
    system_swm341.o(.text.switchTo40MHz) refers to system_swm341.o(.text.delay_3ms) for delay_3ms
    system_swm341.o(.ARM.exidx.text.switchTo40MHz) refers to system_swm341.o(.text.switchTo40MHz) for [Anonymous Symbol]
    system_swm341.o(.text.switchTo5MHz) refers to system_swm341.o(.text.switchTo40MHz) for switchTo40MHz
    system_swm341.o(.text.switchTo5MHz) refers to system_swm341.o(.text.delay_3ms) for delay_3ms
    system_swm341.o(.ARM.exidx.text.switchTo5MHz) refers to system_swm341.o(.text.switchTo5MHz) for [Anonymous Symbol]
    system_swm341.o(.text.switchToXTAL) refers to system_swm341.o(.text.switchTo20MHz) for switchTo20MHz
    system_swm341.o(.text.switchToXTAL) refers to swm341_port.o(.text.PORT_Init) for PORT_Init
    system_swm341.o(.text.switchToXTAL) refers to system_swm341.o(.text.delay_3ms) for delay_3ms
    system_swm341.o(.ARM.exidx.text.switchToXTAL) refers to system_swm341.o(.text.switchToXTAL) for [Anonymous Symbol]
    system_swm341.o(.text.PLLInit) refers to swm341_port.o(.text.PORT_Init) for PORT_Init
    system_swm341.o(.text.PLLInit) refers to system_swm341.o(.text.delay_3ms) for delay_3ms
    system_swm341.o(.ARM.exidx.text.PLLInit) refers to system_swm341.o(.text.PLLInit) for [Anonymous Symbol]
    system_swm341.o(.text.switchTo32KHz) refers to system_swm341.o(.text.switchTo20MHz) for switchTo20MHz
    system_swm341.o(.text.switchTo32KHz) refers to system_swm341.o(.text.delay_3ms) for delay_3ms
    system_swm341.o(.ARM.exidx.text.switchTo32KHz) refers to system_swm341.o(.text.switchTo32KHz) for [Anonymous Symbol]
    system_swm341.o(.text.switchToXTAL_32K) refers to system_swm341.o(.text.switchTo20MHz) for switchTo20MHz
    system_swm341.o(.text.switchToXTAL_32K) refers to system_swm341.o(.text.delay_3ms) for delay_3ms
    system_swm341.o(.ARM.exidx.text.switchToXTAL_32K) refers to system_swm341.o(.text.switchToXTAL_32K) for [Anonymous Symbol]
    swm341_flash.o(.ARM.exidx.text.FLASH_Erase) refers to swm341_flash.o(.text.FLASH_Erase) for [Anonymous Symbol]
    swm341_flash.o(.ARM.exidx.text.FLASH_Write) refers to swm341_flash.o(.text.FLASH_Write) for [Anonymous Symbol]
    swm341_flash.o(.ARM.exidx.text.Flash_Param_at_xMHz) refers to swm341_flash.o(.text.Flash_Param_at_xMHz) for [Anonymous Symbol]
[...]
    ugui.o(.text.UG_ImageCreate) refers to ugui.o(.text._UG_GetFreeObject) for _UG_GetFreeObject
    ugui.o(.text.UG_ImageCreate) refers to ugui.o(.text._UG_ImageUpdate) for _UG_ImageUpdate
    ugui.o(.ARM.exidx.text.UG_ImageCreate) refers to ugui.o(.text.UG_ImageCreate) for [Anonymous Symbol]
    ugui.o(.text._UG_ImageUpdate) refers to ugui.o(.text.UG_FillFrame) for UG_FillFrame
    ugui.o(.text._UG_ImageUpdate) refers to ugui.o(.text.UG_WindowGetArea) for UG_WindowGetArea
    ugui.o(.text._UG_ImageUpdate) refers to ugui.o(.text.UG_DrawBMP) for UG_DrawBMP
    ugui.o(.ARM.exidx.text._UG_ImageUpdate) refers to ugui.o(.text._UG_ImageUpdate) for [Anonymous Symbol]
    ugui.o(.text.UG_ImageDelete) refers to ugui.o(.text._UG_DeleteObject) for _UG_DeleteObject
    ugui.o(.ARM.exidx.text.UG_ImageDelete) refers to ugui.o(.text.UG_ImageDelete) for [Anonymous Symbol]
    ugui.o(.text.UG_ImageShow) refers to ugui.o(.text._UG_SearchObject) for _UG_SearchObject
    ugui.o(.ARM.exidx.text.UG_ImageShow) refers to ugui.o(.text.UG_ImageShow) for [Anonymous Symbol]
    ugui.o(.text.UG_ImageHide) refers to ugui.o(.text._UG_SearchObject) for _UG_SearchObject
    ugui.o(.ARM.exidx.text.UG_ImageHide) refers to ugui.o(.text.UG_ImageHide) for [Anonymous Symbol]
    ugui.o(.text.UG_ImageSetBMP) refers to ugui.o(.text._UG_SearchObject) for _UG_SearchObject
    ugui.o(.ARM.exidx.text.UG_ImageSetBMP) refers to ugui.o(.text.UG_ImageSetBMP) for [Anonymous Symbol]
    rs485.o(.text.UART2_Handler) refers to swm341_uart.o(.text.UART_INTStat) for UART_INTStat
    rs485.o(.text.UART2_Handler) refers to swm341_uart.o(.text.UART_IsRXFIFOEmpty) for UART_IsRXFIFOEmpty
    rs485.o(.text.UART2_Handler) refers to swm341_uart.o(.text.UART_INTClr) for UART_INTClr
    rs485.o(.text.UART2_Handler) refers to rs485.o(.bss.msg_rcvd) for msg_rcvd
    rs485.o(.text.UART2_Handler) refers to swm341_uart.o(.text.UART_IsTXFIFOFull) for UART_IsTXFIFOFull
    rs485.o(.text.UART2_Handler) refers to swm341_uart.o(.text.UART_ReadByte) for UART_ReadByte
    rs485.o(.text.UART2_Handler) refers to rs485.o(.text.CirBuf_Write) for CirBuf_Write
    rs485.o(.text.UART2_Handler) refers to rs485.o(.text.CirBuf_Empty) for CirBuf_Empty
    rs485.o(.text.UART2_Handler) refers to rs485.o(.text.CirBuf_Read) for CirBuf_Read
    rs485.o(.text.UART2_Handler) refers to swm341_uart.o(.text.UART_WriteByte) for UART_WriteByte
    rs485.o(.text.UART2_Handler) refers to swm341_uart.o(.text.UART_INTDis) for UART_INTDis
    rs485.o(.ARM.exidx.text.UART2_Handler) refers to rs485.o(.text.UART2_Handler) for [Anonymous Symbol]
    rs485.o(.text.CirBuf_Write) refers to rs485.o(.bss.CirBuf) for CirBuf
    rs485.o(.text.CirBuf_Write) refers to rs485.o(.text.CirBuf_Space) for CirBuf_Space
    rs485.o(.text.CirBuf_Write) refers to memcpya.o(.text) for __aeabi_memcpy
    rs485.o(.text.CirBuf_Write) refers to rs485.o(.text.CirBuf_Full) for CirBuf_Full
    rs485.o(.ARM.exidx.text.CirBuf_Write) refers to rs485.o(.text.CirBuf_Write) for [Anonymous Symbol]
    rs485.o(.text.CirBuf_Empty) refers to rs485.o(.text.CirBuf_Count) for CirBuf_Count
    rs485.o(.ARM.exidx.text.CirBuf_Empty) refers to rs485.o(.text.CirBuf_Empty) for [Anonymous Symbol]
    rs485.o(.text.CirBuf_Read) refers to rs485.o(.bss.CirBuf) for CirBuf
    rs485.o(.text.CirBuf_Read) refers to memcpya.o(.text) for __aeabi_memcpy
    rs485.o(.text.CirBuf_Read) refers to rs485.o(.text.CirBuf_Empty) for CirBuf_Empty
    rs485.o(.text.CirBuf_Read) refers to rs485.o(.text.CirBuf_Count) for CirBuf_Count
    rs485.o(.ARM.exidx.text.CirBuf_Read) refers to rs485.o(.text.CirBuf_Read) for [Anonymous Symbol]
    rs485.o(.text.uart2_init) refers to swm341_port.o(.text.PORT_Init) for PORT_Init
    rs485.o(.text.uart2_init) refers to swm341_uart.o(.text.UART_Init) for UART_Init
    rs485.o(.text.uart2_init) refers to swm341_uart.o(.text.UART_Open) for UART_Open
    rs485.o(.ARM.exidx.text.uart2_init) refers to rs485.o(.text.uart2_init) for [Anonymous Symbol]
    rs485.o(.text.get_uart2_msgStatus) refers to rs485.o(.bss.msg_rcvd) for msg_rcvd
    rs485.o(.ARM.exidx.text.get_uart2_msgStatus) refers to rs485.o(.text.get_uart2_msgStatus) for [Anonymous Symbol]
    rs485.o(.text.clear_uart2_msgStatus) refers to rs485.o(.bss.msg_rcvd) for msg_rcvd
    rs485.o(.ARM.exidx.text.clear_uart2_msgStatus) refers to rs485.o(.text.clear_uart2_msgStatus) for [Anonymous Symbol]
    rs485.o(.text.CirBuf_Full) refers to rs485.o(.text.CirBuf_Space) for CirBuf_Space
    rs485.o(.ARM.exidx.text.CirBuf_Full) refers to rs485.o(.text.CirBuf_Full) for [Anonymous Symbol]
    rs485.o(.text.CirBuf_Space) refers to rs485.o(.bss.CirBuf) for CirBuf
    rs485.o(.ARM.exidx.text.CirBuf_Space) refers to rs485.o(.text.CirBuf_Space) for [Anonymous Symbol]
    rs485.o(.text.CirBuf_Count) refers to rs485.o(.bss.CirBuf) for CirBuf
    rs485.o(.ARM.exidx.text.CirBuf_Count) refers to rs485.o(.text.CirBuf_Count) for [Anonymous Symbol]
    main.o(.text.main) refers to system_swm341.o(.text.SystemInit) for SystemInit
    main.o(.text.main) refers to swm341_gpio.o(.text.GPIO_Init) for GPIO_Init
    main.o(.text.main) refers to rs485.o(.text.uart2_init) for uart2_init
    main.o(.text.main) refers to swm341_gpio.o(.text.GPIO_GetBit) for GPIO_GetBit
    main.o(.text.main) refers to swm341_gpio.o(.text.GPIO_ClrBit) for GPIO_ClrBit
    main.o(.text.main) refers to rs485.o(.text.get_uart2_msgStatus) for get_uart2_msgStatus
    main.o(.text.main) refers to rs485.o(.text.clear_uart2_msgStatus) for clear_uart2_msgStatus
    main.o(.text.main) refers to swm341_uart.o(.text.UART_INTEn) for UART_INTEn
    main.o(.text.main) refers to swm341_gpio.o(.text.GPIO_SetBit) for GPIO_SetBit
    main.o(.ARM.exidx.text.main) refers to main.o(.text.main) for [Anonymous Symbol]
    swm341_gpio.o(.text.GPIO_Init) refers to swm341_port.o(.text.PORT_Init) for PORT_Init
    swm341_gpio.o(.ARM.exidx.text.GPIO_Init) refers to swm341_gpio.o(.text.GPIO_Init) for [Anonymous Symbol]
    swm341_gpio.o(.ARM.exidx.text.GPIO_SetBit) refers to swm341_gpio.o(.text.GPIO_SetBit) for [Anonymous Symbol]
    swm341_gpio.o(.ARM.exidx.text.GPIO_ClrBit) refers to swm341_gpio.o(.text.GPIO_ClrBit) for [Anonymous Symbol]
    swm341_gpio.o(.ARM.exidx.text.GPIO_InvBit) refers to swm341_gpio.o(.text.GPIO_InvBit) for [Anonymous Symbol]
    swm341_gpio.o(.ARM.exidx.text.GPIO_GetBit) refers to swm341_gpio.o(.text.GPIO_GetBit) for [Anonymous Symbol]
    swm341_gpio.o(.ARM.exidx.text.GPIO_SetBits) refers to swm341_gpio.o(.text.GPIO_SetBits) for [Anonymous Symbol]
    swm341_gpio.o(.ARM.exidx.text.GPIO_ClrBits) refers to swm341_gpio.o(.text.GPIO_ClrBits) for [Anonymous Symbol]
    swm341_gpio.o(.ARM.exidx.text.GPIO_InvBits) refers to swm341_gpio.o(.text.GPIO_InvBits) for [Anonymous Symbol]
    swm341_gpio.o(.ARM.exidx.text.GPIO_GetBits) refers to swm341_gpio.o(.text.GPIO_GetBits) for [Anonymous Symbol]
    swm341_lcd.o(.text.LCD_Init) refers to swm341_lcd.o(.text.__NVIC_EnableIRQ) for __NVIC_EnableIRQ
    swm341_lcd.o(.ARM.exidx.text.LCD_Init) refers to swm341_lcd.o(.text.LCD_Init) for [Anonymous Symbol]
    swm341_lcd.o(.ARM.exidx.text.__NVIC_EnableIRQ) refers to swm341_lcd.o(.text.__NVIC_EnableIRQ) for [Anonymous Symbol]
    swm341_lcd.o(.ARM.exidx.text.LCD_LayerInit) refers to swm341_lcd.o(.text.LCD_LayerInit) for [Anonymous Symbol]
    swm341_lcd.o(.ARM.exidx.text.LCD_SetLayerPos) refers to swm341_lcd.o(.text.LCD_SetLayerPos) for [Anonymous Symbol]
    swm341_lcd.o(.ARM.exidx.text.LCD_Start) refers to swm341_lcd.o(.text.LCD_Start) for [Anonymous Symbol]
    swm341_lcd.o(.ARM.exidx.text.LCD_IsBusy) refers to swm341_lcd.o(.text.LCD_IsBusy) for [Anonymous Symbol]
    swm341_lcd.o(.ARM.exidx.text.LCD_INTEn) refers to swm341_lcd.o(.text.LCD_INTEn) for [Anonymous Symbol]
    swm341_lcd.o(.ARM.exidx.text.LCD_INTDis) refers to swm341_lcd.o(.text.LCD_INTDis) for [Anonymous Symbol]
    swm341_lcd.o(.ARM.exidx.text.LCD_INTClr) refers to swm341_lcd.o(.text.LCD_INTClr) for [Anonymous Symbol]
    swm341_lcd.o(.ARM.exidx.text.LCD_INTStat) refers to swm341_lcd.o(.text.LCD_INTStat) for [Anonymous Symbol]
    swm341_lcd.o(.ARM.exidx.text.MPULCD_Init) refers to swm341_lcd.o(.text.MPULCD_Init) for [Anonymous Symbol]
    swm341_lcd.o(.text.LCD_WR_REG) refers to swm341_lcd.o(.text.LCD_IsBusy) for LCD_IsBusy
    swm341_lcd.o(.ARM.exidx.text.LCD_WR_REG) refers to swm341_lcd.o(.text.LCD_WR_REG) for [Anonymous Symbol]
    swm341_lcd.o(.text.LCD_WR_DATA) refers to swm341_lcd.o(.text.LCD_IsBusy) for LCD_IsBusy
    swm341_lcd.o(.ARM.exidx.text.LCD_WR_DATA) refers to swm341_lcd.o(.text.LCD_WR_DATA) for [Anonymous Symbol]
    swm341_lcd.o(.text.LCD_WriteReg) refers to swm341_lcd.o(.text.LCD_IsBusy) for LCD_IsBusy
    swm341_lcd.o(.ARM.exidx.text.LCD_WriteReg) refers to swm341_lcd.o(.text.LCD_WriteReg) for [Anonymous Symbol]
    swm341_lcd.o(.text.LCD_ReadReg) refers to swm341_lcd.o(.text.LCD_IsBusy) for LCD_IsBusy
    swm341_lcd.o(.ARM.exidx.text.LCD_ReadReg) refers to swm341_lcd.o(.text.LCD_ReadReg) for [Anonymous Symbol]
    swm341_lcd.o(.ARM.exidx.text.MPULCD_DMAStart) refers to swm341_lcd.o(.text.MPULCD_DMAStart) for [Anonymous Symbol]
    swm341_lcd.o(.ARM.exidx.text.MPULCD_DMABusy) refers to swm341_lcd.o(.text.MPULCD_DMABusy) for [Anonymous Symbol]
    swm341_pwm.o(.text.PWM_Init) refers to swm341_pwm.o(.text.__NVIC_EnableIRQ) for __NVIC_EnableIRQ
    swm341_pwm.o(.ARM.exidx.text.PWM_Init) refers to swm341_pwm.o(.text.PWM_Init) for [Anonymous Symbol]
    swm341_pwm.o(.ARM.exidx.text.__NVIC_EnableIRQ) refers to swm341_pwm.o(.text.__NVIC_EnableIRQ) for [Anonymous Symbol]
    swm341_pwm.o(.ARM.exidx.text.PWM_Start) refers to swm341_pwm.o(.text.PWM_Start) for [Anonymous Symbol]
    swm341_pwm.o(.ARM.exidx.text.PWM_Stop) refers to swm341_pwm.o(.text.PWM_Stop) for [Anonymous Symbol]
    swm341_pwm.o(.ARM.exidx.text.PWM_Restart) refers to swm341_pwm.o(.text.PWM_Restart) for [Anonymous Symbol]
    swm341_pwm.o(.ARM.exidx.text.PWM_ReloadEn) refers to swm341_pwm.o(.text.PWM_ReloadEn) for [Anonymous Symbol]
    swm341_pwm.o(.ARM.exidx.text.PWM_ReloadDis) refers to swm341_pwm.o(.text.PWM_ReloadDis) for [Anonymous Symbol]
    swm341_pwm.o(.ARM.exidx.text.PWM_BrkInPolarity) refers to swm341_pwm.o(.text.PWM_BrkInPolarity) for [Anonymous Symbol]
    swm341_pwm.o(.ARM.exidx.text.PWM_BrkConfig) refers to swm341_pwm.o(.text.PWM_BrkConfig) for [Anonymous Symbol]
    swm341_pwm.o(.ARM.exidx.text.PWM_OvfTrigger) refers to swm341_pwm.o(.text.PWM_OvfTrigger) for [Anonymous Symbol]
    swm341_pwm.o(.ARM.exidx.text.PWM_CmpTrigger) refers to swm341_pwm.o(.text.PWM_CmpTrigger) for [Anonymous Symbol]
    swm341_pwm.o(.ARM.exidx.text.PWM_OutMask) refers to swm341_pwm.o(.text.PWM_OutMask) for [Anonymous Symbol]
    swm341_pwm.o(.ARM.exidx.text.PWM_SetPeriod) refers to swm341_pwm.o(.text.PWM_SetPeriod) for [Anonymous Symbol]
    swm341_pwm.o(.ARM.exidx.text.PWM_GetPeriod) refers to swm341_pwm.o(.text.PWM_GetPeriod) for [Anonymous Symbol]
    swm341_pwm.o(.ARM.exidx.text.PWM_SetHDuty) refers to swm341_pwm.o(.text.PWM_SetHDuty) for [Anonymous Symbol]
    swm341_pwm.o(.ARM.exidx.text.PWM_GetHDuty) refers to swm341_pwm.o(.text.PWM_GetHDuty) for [Anonymous Symbol]
    swm341_pwm.o(.ARM.exidx.text.PWM_SetHDuty2) refers to swm341_pwm.o(.text.PWM_SetHDuty2) for [Anonymous Symbol]
    swm341_pwm.o(.ARM.exidx.text.PWM_GetHDuty2) refers to swm341_pwm.o(.text.PWM_GetHDuty2) for [Anonymous Symbol]
    swm341_pwm.o(.ARM.exidx.text.PWM_SetDeadzone) refers to swm341_pwm.o(.text.PWM_SetDeadzone) for [Anonymous Symbol]
    swm341_pwm.o(.ARM.exidx.text.PWM_GetDeadzone) refers to swm341_pwm.o(.text.PWM_GetDeadzone) for [Anonymous Symbol]
    swm341_pwm.o(.ARM.exidx.text.PWM_IntEn) refers to swm341_pwm.o(.text.PWM_IntEn) for [Anonymous Symbol]
    swm341_pwm.o(.ARM.exidx.text.PWM_IntDis) refers to swm341_pwm.o(.text.PWM_IntDis) for [Anonymous Symbol]
    swm341_pwm.o(.ARM.exidx.text.PWM_IntClr) refers to swm341_pwm.o(.text.PWM_IntClr) for [Anonymous Symbol]
    swm341_pwm.o(.ARM.exidx.text.PWM_IntStat) refers to swm341_pwm.o(.text.PWM_IntStat) for [Anonymous Symbol]
    swm341_pwm.o(.ARM.exidx.text.PWM_BrkIntEn) refers to swm341_pwm.o(.text.PWM_BrkIntEn) for [Anonymous Symbol]
    swm341_pwm.o(.ARM.exidx.text.PWM_BrkIntDis) refers to swm341_pwm.o(.text.PWM_BrkIntDis) for [Anonymous Symbol]
    swm341_pwm.o(.ARM.exidx.text.PWM_BrkIntClr) refers to swm341_pwm.o(.text.PWM_BrkIntClr) for [Anonymous Symbol]
    swm341_pwm.o(.ARM.exidx.text.PWM_BrkIntStat) refers to swm341_pwm.o(.text.PWM_BrkIntStat) for [Anonymous Symbol]
    swm341_sdram.o(.text.SDRAM_Init) refers to system_swm341.o(.data.CyclesPerUs) for CyclesPerUs
    swm341_sdram.o(.text.SDRAM_Init) refers to system_swm341.o(.data.SystemCoreClock) for SystemCoreClock
    swm341_sdram.o(.ARM.exidx.text.SDRAM_Init) refers to swm341_sdram.o(.text.SDRAM_Init) for [Anonymous Symbol]
    swm341_sdram.o(.ARM.exidx.text.SDRAM_Enable) refers to swm341_sdram.o(.text.SDRAM_Enable) for [Anonymous Symbol]
    swm341_sdram.o(.ARM.exidx.text.SDRAM_Disable) refers to swm341_sdram.o(.text.SDRAM_Disable) for [Anonymous Symbol]
    swm341_uart.o(.text.UART_Init) refers to swm341_uart.o(.text.UART_Close) for UART_Close
    swm341_uart.o(.text.UART_Init) refers to system_swm341.o(.data.SystemCoreClock) for SystemCoreClock
    swm341_uart.o(.text.UART_Init) refers to swm341_uart.o(.text.__NVIC_EnableIRQ) for __NVIC_EnableIRQ
    swm341_uart.o(.text.UART_Init) refers to swm341_uart.o(.text.__NVIC_DisableIRQ) for __NVIC_DisableIRQ
    swm341_uart.o(.ARM.exidx.text.UART_Init) refers to swm341_uart.o(.text.UART_Init) for [Anonymous Symbol]
    swm341_uart.o(.ARM.exidx.text.UART_Close) refers to swm341_uart.o(.text.UART_Close) for [Anonymous Symbol]
    swm341_uart.o(.ARM.exidx.text.__NVIC_EnableIRQ) refers to swm341_uart.o(.text.__NVIC_EnableIRQ) for [Anonymous Symbol]
    swm341_uart.o(.ARM.exidx.text.__NVIC_DisableIRQ) refers to swm341_uart.o(.text.__NVIC_DisableIRQ) for [Anonymous Symbol]
    swm341_uart.o(.ARM.exidx.text.UART_Open) refers to swm341_uart.o(.text.UART_Open) for [Anonymous Symbol]
    swm341_uart.o(.ARM.exidx.text.UART_WriteByte) refers to swm341_uart.o(.text.UART_WriteByte) for [Anonymous Symbol]
    swm341_uart.o(.ARM.exidx.text.UART_ReadByte) refers to swm341_uart.o(.text.UART_ReadByte) for [Anonymous Symbol]
    swm341_uart.o(.ARM.exidx.text.UART_IsTXBusy) refers to swm341_uart.o(.text.UART_IsTXBusy) for [Anonymous Symbol]
    swm341_uart.o(.ARM.exidx.text.UART_IsRXFIFOEmpty) refers to swm341_uart.o(.text.UART_IsRXFIFOEmpty) for [Anonymous Symbol]
    swm341_uart.o(.ARM.exidx.text.UART_IsTXFIFOFull) refers to swm341_uart.o(.text.UART_IsTXFIFOFull) for [Anonymous Symbol]
    swm341_uart.o(.text.UART_SetBaudrate) refers to system_swm341.o(.data.SystemCoreClock) for SystemCoreClock
    swm341_uart.o(.ARM.exidx.text.UART_SetBaudrate) refers to swm341_uart.o(.text.UART_SetBaudrate) for [Anonymous Symbol]
    swm341_uart.o(.text.UART_GetBaudrate) refers to system_swm341.o(.data.SystemCoreClock) for SystemCoreClock
    swm341_uart.o(.ARM.exidx.text.UART_GetBaudrate) refers to swm341_uart.o(.text.UART_GetBaudrate) for [Anonymous Symbol]
    swm341_uart.o(.ARM.exidx.text.UART_CTSConfig) refers to swm341_uart.o(.text.UART_CTSConfig) for [Anonymous Symbol]
    swm341_uart.o(.ARM.exidx.text.UART_CTSLineState) refers to swm341_uart.o(.text.UART_CTSLineState) for [Anonymous Symbol]
    swm341_uart.o(.ARM.exidx.text.UART_RTSConfig) refers to swm341_uart.o(.text.UART_RTSConfig) for [Anonymous Symbol]
    swm341_uart.o(.ARM.exidx.text.UART_RTSLineState) refers to swm341_uart.o(.text.UART_RTSLineState) for [Anonymous Symbol]
    swm341_uart.o(.ARM.exidx.text.UART_LINConfig) refers to swm341_uart.o(.text.UART_LINConfig) for [Anonymous Symbol]
    swm341_uart.o(.ARM.exidx.text.UART_LINGenerate) refers to swm341_uart.o(.text.UART_LINGenerate) for [Anonymous Symbol]
    swm341_uart.o(.ARM.exidx.text.UART_LINIsDetected) refers to swm341_uart.o(.text.UART_LINIsDetected) for [Anonymous Symbol]
    swm341_uart.o(.ARM.exidx.text.UART_LINIsGenerated) refers to swm341_uart.o(.text.UART_LINIsGenerated) for [Anonymous Symbol]
    swm341_uart.o(.ARM.exidx.text.UART_ABRStart) refers to swm341_uart.o(.text.UART_ABRStart) for [Anonymous Symbol]
    swm341_uart.o(.ARM.exidx.text.UART_ABRIsDone) refers to swm341_uart.o(.text.UART_ABRIsDone) for [Anonymous Symbol]
    swm341_uart.o(.ARM.exidx.text.UART_INTEn) refers to swm341_uart.o(.text.UART_INTEn) for [Anonymous Symbol]
    swm341_uart.o(.ARM.exidx.text.UART_INTDis) refers to swm341_uart.o(.text.UART_INTDis) for [Anonymous Symbol]
    swm341_uart.o(.ARM.exidx.text.UART_INTClr) refers to swm341_uart.o(.text.UART_INTClr) for [Anonymous Symbol]
    swm341_uart.o(.ARM.exidx.text.UART_INTStat) refers to swm341_uart.o(.text.UART_INTStat) for [Anonymous Symbol]
    entry.o(.ARM.Collect$$$$00000000) refers (Special) to entry10a.o(.ARM.Collect$$$$0000000D) for __rt_final_cpp
    entry.o(.ARM.Collect$$$$00000000) refers (Special) to entry11a.o(.ARM.Collect$$$$0000000F) for __rt_final_exit
    entry.o(.ARM.Collect$$$$00000000) refers (Special) to entry7b.o(.ARM.Collect$$$$00000008) for _main_clock
    entry.o(.ARM.Collect$$$$00000000) refers (Special) to entry8b.o(.ARM.Collect$$$$0000000A) for _main_cpp_init
    entry.o(.ARM.Collect$$$$00000000) refers (Special) to entry9a.o(.ARM.Collect$$$$0000000B) for _main_init
    entry.o(.ARM.Collect$$$$00000000) refers (Special) to entry5.o(.ARM.Collect$$$$00000004) for _main_scatterload
    entry.o(.ARM.Collect$$$$00000000) refers (Special) to entry2.o(.ARM.Collect$$$$00000001) for _main_stk
    entry2.o(.ARM.Collect$$$$00000001) refers to entry2.o(.ARM.Collect$$$$00002712) for __lit__00000000
    entry2.o(.ARM.Collect$$$$00002712) refers to startup_swm341.o(STACK) for __initial_sp
    entry2.o(__vectab_stack_and_reset_area) refers to startup_swm341.o(STACK) for __initial_sp
    entry2.o(__vectab_stack_and_reset_area) refers to entry.o(.ARM.Collect$$$$00000000) for __main
    entry5.o(.ARM.Collect$$$$00000004) refers to init.o(.text) for __scatterload
    entry9a.o(.ARM.Collect$$$$0000000B) refers to main.o(.text.main) for main
    entry9b.o(.ARM.Collect$$$$0000000C) refers to main.o(.text.main) for main
    init.o(.text) refers to entry5.o(.ARM.Collect$$$$00000004) for __main_after_scatterload


==============================================================================

Removing Unused input sections from the image.

    Removing startup_swm341.o(HEAP), (0 bytes).
    Removing system_swm341.o(.text), (0 bytes).
    Removing system_swm341.o(.ARM.exidx.text.SystemCoreClockUpdate), (8 bytes).
    Removing system_swm341.o(.ARM.exidx.text.SystemInit), (8 bytes).
    Removing system_swm341.o(.ARM.exidx.text.switchToPLL), (8 bytes).
    Removing system_swm341.o(.ARM.exidx.text.FPU_Enable), (8 bytes).
    Removing system_swm341.o(.ARM.exidx.text.switchTo20MHz), (8 bytes).
    Removing system_swm341.o(.ARM.exidx.text.delay_3ms), (8 bytes).
    Removing system_swm341.o(.text.switchTo2M5Hz), (58 bytes).
    Removing system_swm341.o(.ARM.exidx.text.switchTo2M5Hz), (8 bytes).
    Removing system_swm341.o(.text.switchTo40MHz), (32 bytes).
    Removing system_swm341.o(.ARM.exidx.text.switchTo40MHz), (8 bytes).
    Removing system_swm341.o(.text.switchTo5MHz), (58 bytes).
    Removing system_swm341.o(.ARM.exidx.text.switchTo5MHz), (8 bytes).
    Removing system_swm341.o(.text.switchToXTAL), (120 bytes).
    Removing system_swm341.o(.ARM.exidx.text.switchToXTAL), (8 bytes).
    Removing system_swm341.o(.ARM.exidx.text.PLLInit), (8 bytes).
    Removing system_swm341.o(.text.switchTo32KHz), (64 bytes).
    Removing system_swm341.o(.ARM.exidx.text.switchTo32KHz), (8 bytes).
    Removing system_swm341.o(.text.switchToXTAL_32K), (86 bytes).
    Removing system_swm341.o(.ARM.exidx.text.switchToXTAL_32K), (8 bytes).
    Removing swm341_flash.o(.text), (0 bytes).
    Removing swm341_flash.o(.text.FLASH_Erase), (70 bytes).
    Removing swm341_flash.o(.ARM.exidx.text.FLASH_Erase), (8 bytes).
    Removing swm341_flash.o(.text.FLASH_Write), (78 bytes).
    Removing swm341_flash.o(.ARM.exidx.text.FLASH_Write), (8 bytes).
    Removing swm341_flash.o(.ARM.exidx.text.Flash_Param_at_xMHz), (8 bytes).
    Removing swm341_flash.o(.rodata.IAP_Cache_Reset), (4 bytes).
    Removing swm341_flash.o(.rodata.IAP_Flash_Param), (4 bytes).
    Removing swm341_flash.o(.rodata.IAP_Flash_Erase), (4 bytes).
    Removing swm341_flash.o(.rodata.IAP_Flash_Write), (4 bytes).
    Removing swm341_port.o(.text), (0 bytes).
    Removing swm341_port.o(.ARM.exidx.text.PORT_Init), (8 bytes).
    Removing dev_systick.o(.text), (0 bytes).
    Removing dev_systick.o(.text.systick_init), (38 bytes).
    Removing dev_systick.o(.ARM.exidx.text.systick_init), (8 bytes).
    Removing dev_systick.o(.text.SysTick_Config), (40 bytes).
    Removing dev_systick.o(.ARM.exidx.text.SysTick_Config), (8 bytes).
    Removing dev_systick.o(.text.systick_stop), (18 bytes).
    Removing dev_systick.o(.ARM.exidx.text.systick_stop), (8 bytes).
    Removing dev_systick.o(.text.systick_inc_tick), (16 bytes).
    Removing dev_systick.o(.ARM.exidx.text.systick_inc_tick), (8 bytes).
    Removing dev_systick.o(.text.systick_get_tick), (12 bytes).
    Removing dev_systick.o(.ARM.exidx.text.systick_get_tick), (8 bytes).
    Removing dev_systick.o(.text.systick_delay_ms), (22 bytes).
    Removing dev_systick.o(.ARM.exidx.text.systick_delay_ms), (8 bytes).
    Removing dev_systick.o(.text.systick_delay_us), (66 bytes).
    Removing dev_systick.o(.ARM.exidx.text.systick_delay_us), (8 bytes).
    Removing dev_systick.o(.text.__NVIC_SetPriority), (14 bytes).
    Removing dev_systick.o(.ARM.exidx.text.__NVIC_SetPriority), (8 bytes).
    Removing dev_systick.o(.bss.Systick_Tick), (4 bytes).
    Removing lcd.o(.text), (0 bytes).
    Removing lcd.o(.text.lcd_init), (182 bytes).
    Removing lcd.o(.ARM.exidx.text.lcd_init), (8 bytes).
    Removing lcd.o(.text.lcd_port_init), (356 bytes).
    Removing lcd.o(.ARM.exidx.text.lcd_port_init), (8 bytes).
    Removing lcd.o(.ARM.exidx.text.LCD_Handler), (8 bytes).
    Removing lcd.o(.text.MemoryInit), (528 bytes).
    Removing lcd.o(.ARM.exidx.text.MemoryInit), (8 bytes).
    Removing lcd.o(.text._HW_DrawPoint), (20 bytes).
    Removing lcd.o(.ARM.exidx.text._HW_DrawPoint), (8 bytes).
    Removing lcd.o(.text.ug_init), (32 bytes).
    Removing lcd.o(.ARM.exidx.text.ug_init), (8 bytes).
    Removing lcd.o(.data.LCD_Buffer), (4 bytes).
    Removing lcd.o(.bss.gui), (112 bytes).
    Removing ugui.o(.text), (0 bytes).
    Removing ugui.o(.text.UG_Init), (124 bytes).
    Removing ugui.o(.ARM.exidx.text.UG_Init), (8 bytes).
    Removing ugui.o(.text.UG_SelectGUI), (16 bytes).
    Removing ugui.o(.ARM.exidx.text.UG_SelectGUI), (8 bytes).
    Removing ugui.o(.text.UG_FontSelect), (30 bytes).
    Removing ugui.o(.ARM.exidx.text.UG_FontSelect), (8 bytes).
    Removing ugui.o(.text.UG_FillScreen), (44 bytes).
    Removing ugui.o(.ARM.exidx.text.UG_FillScreen), (8 bytes).
    Removing ugui.o(.text.UG_FillFrame), (124 bytes).
    Removing ugui.o(.ARM.exidx.text.UG_FillFrame), (8 bytes).
    Removing ugui.o(.text.UG_FillRoundFrame), (290 bytes).
    Removing ugui.o(.ARM.exidx.text.UG_FillRoundFrame), (8 bytes).
    Removing ugui.o(.text.UG_DrawLine), (286 bytes).
    Removing ugui.o(.ARM.exidx.text.UG_DrawLine), (8 bytes).
    Removing ugui.o(.text.UG_DrawMesh), (82 bytes).
    Removing ugui.o(.ARM.exidx.text.UG_DrawMesh), (8 bytes).
    Removing ugui.o(.text.UG_DrawFrame), (82 bytes).
    Removing ugui.o(.ARM.exidx.text.UG_DrawFrame), (8 bytes).
    Removing ugui.o(.text.UG_DrawRoundFrame), (200 bytes).
    Removing ugui.o(.ARM.exidx.text.UG_DrawRoundFrame), (8 bytes).
    Removing ugui.o(.text.UG_DrawArc), (352 bytes).
    Removing ugui.o(.ARM.exidx.text.UG_DrawArc), (8 bytes).
    Removing ugui.o(.text.UG_DrawPixel), (18 bytes).
    Removing ugui.o(.ARM.exidx.text.UG_DrawPixel), (8 bytes).
    Removing ugui.o(.text.UG_DrawCircle), (322 bytes).
    Removing ugui.o(.ARM.exidx.text.UG_DrawCircle), (8 bytes).
    Removing ugui.o(.text.UG_FillCircle), (220 bytes).
    Removing ugui.o(.ARM.exidx.text.UG_FillCircle), (8 bytes).
    Removing ugui.o(.text.UG_PutString), (158 bytes).
    Removing ugui.o(.ARM.exidx.text.UG_PutString), (8 bytes).
    Removing ugui.o(.text.UG_PutChar), (36 bytes).
    Removing ugui.o(.ARM.exidx.text.UG_PutChar), (8 bytes).
    Removing ugui.o(.text._UG_PutChar), (1078 bytes).
    Removing ugui.o(.ARM.exidx.text._UG_PutChar), (8 bytes).
    Removing ugui.o(.text.UG_ConsolePutString), (186 bytes).
    Removing ugui.o(.ARM.exidx.text.UG_ConsolePutString), (8 bytes).
    Removing ugui.o(.text.UG_ConsoleSetArea), (30 bytes).
    Removing ugui.o(.ARM.exidx.text.UG_ConsoleSetArea), (8 bytes).
    Removing ugui.o(.text.UG_ConsoleSetForecolor), (14 bytes).
    Removing ugui.o(.ARM.exidx.text.UG_ConsoleSetForecolor), (8 bytes).
    Removing ugui.o(.text.UG_ConsoleSetBackcolor), (14 bytes).
    Removing ugui.o(.ARM.exidx.text.UG_ConsoleSetBackcolor), (8 bytes).
    Removing ugui.o(.text.UG_SetForecolor), (14 bytes).
    Removing ugui.o(.ARM.exidx.text.UG_SetForecolor), (8 bytes).
    Removing ugui.o(.text.UG_SetBackcolor), (14 bytes).
    Removing ugui.o(.ARM.exidx.text.UG_SetBackcolor), (8 bytes).
    Removing ugui.o(.text.UG_GetXDim), (16 bytes).
    Removing ugui.o(.ARM.exidx.text.UG_GetXDim), (8 bytes).
    Removing ugui.o(.text.UG_GetYDim), (16 bytes).
    Removing ugui.o(.ARM.exidx.text.UG_GetYDim), (8 bytes).
    Removing ugui.o(.text.UG_FontSetHSpace), (16 bytes).
    Removing ugui.o(.ARM.exidx.text.UG_FontSetHSpace), (8 bytes).
    Removing ugui.o(.text.UG_FontSetVSpace), (16 bytes).
    Removing ugui.o(.ARM.exidx.text.UG_FontSetVSpace), (8 bytes).
    Removing ugui.o(.text._UG_PutText), (352 bytes).
    Removing ugui.o(.ARM.exidx.text._UG_PutText), (8 bytes).
    Removing ugui.o(.text._UG_GetFreeObject), (48 bytes).
    Removing ugui.o(.ARM.exidx.text._UG_GetFreeObject), (8 bytes).
    Removing ugui.o(.text._UG_SearchObject), (70 bytes).
    Removing ugui.o(.ARM.exidx.text._UG_SearchObject), (8 bytes).
    Removing ugui.o(.text._UG_DeleteObject), (40 bytes).
    Removing ugui.o(.ARM.exidx.text._UG_DeleteObject), (8 bytes).
    Removing ugui.o(.text._UG_ProcessTouchData), (192 bytes).
    Removing ugui.o(.ARM.exidx.text._UG_ProcessTouchData), (8 bytes).
    Removing ugui.o(.text._UG_UpdateObjects), (86 bytes).
    Removing ugui.o(.ARM.exidx.text._UG_UpdateObjects), (8 bytes).
    Removing ugui.o(.text._UG_HandleEvents), (102 bytes).
    Removing ugui.o(.ARM.exidx.text._UG_HandleEvents), (8 bytes).
    Removing ugui.o(.text._UG_DrawObjectFrame), (310 bytes).
    Removing ugui.o(.ARM.exidx.text._UG_DrawObjectFrame), (8 bytes).
    Removing ugui.o(.text._UG_SendObjectPrerenderEvent), (32 bytes).
    Removing ugui.o(.ARM.exidx.text._UG_SendObjectPrerenderEvent), (8 bytes).
    Removing ugui.o(.text._UG_SendObjectPostrenderEvent), (34 bytes).
    Removing ugui.o(.ARM.exidx.text._UG_SendObjectPostrenderEvent), (8 bytes).
    Removing ugui.o(.text.UG_DriverRegister), (30 bytes).
    Removing ugui.o(.ARM.exidx.text.UG_DriverRegister), (8 bytes).
    Removing ugui.o(.text.UG_DriverEnable), (36 bytes).
    Removing ugui.o(.ARM.exidx.text.UG_DriverEnable), (8 bytes).
    Removing ugui.o(.text.UG_DriverDisable), (36 bytes).
    Removing ugui.o(.ARM.exidx.text.UG_DriverDisable), (8 bytes).
    Removing ugui.o(.text.UG_Update), (162 bytes).
    Removing ugui.o(.ARM.exidx.text.UG_Update), (8 bytes).
    Removing ugui.o(.text._UG_WindowDrawTitle), (224 bytes).
    Removing ugui.o(.ARM.exidx.text._UG_WindowDrawTitle), (8 bytes).
    Removing ugui.o(.text._UG_WindowUpdate), (206 bytes).
    Removing ugui.o(.ARM.exidx.text._UG_WindowUpdate), (8 bytes).
    Removing ugui.o(.text.UG_WaitForUpdate), (26 bytes).
    Removing ugui.o(.ARM.exidx.text.UG_WaitForUpdate), (8 bytes).
    Removing ugui.o(.text.UG_DrawBMP), (120 bytes).
    Removing ugui.o(.ARM.exidx.text.UG_DrawBMP), (8 bytes).
    Removing ugui.o(.text.UG_TouchUpdate), (18 bytes).
    Removing ugui.o(.ARM.exidx.text.UG_TouchUpdate), (8 bytes).
    Removing ugui.o(.text.UG_WindowCreate), (162 bytes).
    Removing ugui.o(.ARM.exidx.text.UG_WindowCreate), (8 bytes).
    Removing ugui.o(.text.UG_WindowDelete), (54 bytes).
    Removing ugui.o(.ARM.exidx.text.UG_WindowDelete), (8 bytes).
    Removing ugui.o(.text.UG_WindowShow), (36 bytes).
    Removing ugui.o(.ARM.exidx.text.UG_WindowShow), (8 bytes).
    Removing ugui.o(.text.UG_WindowHide), (124 bytes).
    Removing ugui.o(.ARM.exidx.text.UG_WindowHide), (8 bytes).
    Removing ugui.o(.text._UG_WindowClear), (98 bytes).
    Removing ugui.o(.ARM.exidx.text._UG_WindowClear), (8 bytes).
    Removing ugui.o(.text.UG_WindowResize), (278 bytes).
    Removing ugui.o(.ARM.exidx.text.UG_WindowResize), (8 bytes).
    Removing ugui.o(.text.UG_WindowAlert), (50 bytes).
    Removing ugui.o(.ARM.exidx.text.UG_WindowAlert), (8 bytes).
    Removing ugui.o(.text.UG_WindowGetTitleTextColor), (16 bytes).
    Removing ugui.o(.ARM.exidx.text.UG_WindowGetTitleTextColor), (8 bytes).
    Removing ugui.o(.text.UG_WindowSetTitleTextColor), (28 bytes).
    Removing ugui.o(.ARM.exidx.text.UG_WindowSetTitleTextColor), (8 bytes).
    Removing ugui.o(.text.UG_WindowGetTitleColor), (16 bytes).
    Removing ugui.o(.ARM.exidx.text.UG_WindowGetTitleColor), (8 bytes).
    Removing ugui.o(.text.UG_WindowSetTitleColor), (28 bytes).
    Removing ugui.o(.ARM.exidx.text.UG_WindowSetTitleColor), (8 bytes).
    Removing ugui.o(.text.UG_WindowSetForeColor), (28 bytes).
    Removing ugui.o(.ARM.exidx.text.UG_WindowSetForeColor), (8 bytes).
    Removing ugui.o(.text.UG_WindowSetBackColor), (28 bytes).
    Removing ugui.o(.ARM.exidx.text.UG_WindowSetBackColor), (8 bytes).
    Removing ugui.o(.text.UG_WindowSetTitleInactiveTextColor), (28 bytes).
    Removing ugui.o(.ARM.exidx.text.UG_WindowSetTitleInactiveTextColor), (8 bytes).
    Removing ugui.o(.text.UG_WindowSetTitleInactiveColor), (28 bytes).
    Removing ugui.o(.ARM.exidx.text.UG_WindowSetTitleInactiveColor), (8 bytes).
    Removing ugui.o(.text.UG_WindowSetTitleText), (28 bytes).
    Removing ugui.o(.ARM.exidx.text.UG_WindowSetTitleText), (8 bytes).
    Removing ugui.o(.text.UG_WindowSetTitleTextFont), (60 bytes).
    Removing ugui.o(.ARM.exidx.text.UG_WindowSetTitleTextFont), (8 bytes).
    Removing ugui.o(.text.UG_WindowSetTitleTextHSpace), (30 bytes).
    Removing ugui.o(.ARM.exidx.text.UG_WindowSetTitleTextHSpace), (8 bytes).
    Removing ugui.o(.text.UG_WindowSetTitleTextVSpace), (30 bytes).
    Removing ugui.o(.ARM.exidx.text.UG_WindowSetTitleTextVSpace), (8 bytes).
    Removing ugui.o(.text.UG_WindowSetTitleTextAlignment), (30 bytes).
    Removing ugui.o(.ARM.exidx.text.UG_WindowSetTitleTextAlignment), (8 bytes).
    Removing ugui.o(.text.UG_WindowSetTitleHeight), (32 bytes).
    Removing ugui.o(.ARM.exidx.text.UG_WindowSetTitleHeight), (8 bytes).
    Removing ugui.o(.text.UG_WindowSetXStart), (52 bytes).
    Removing ugui.o(.ARM.exidx.text.UG_WindowSetXStart), (8 bytes).
    Removing ugui.o(.text.UG_WindowSetYStart), (54 bytes).
    Removing ugui.o(.ARM.exidx.text.UG_WindowSetYStart), (8 bytes).
    Removing ugui.o(.text.UG_WindowSetXEnd), (54 bytes).
    Removing ugui.o(.ARM.exidx.text.UG_WindowSetXEnd), (8 bytes).
    Removing ugui.o(.text.UG_WindowSetYEnd), (56 bytes).
    Removing ugui.o(.ARM.exidx.text.UG_WindowSetYEnd), (8 bytes).
    Removing ugui.o(.text.UG_WindowSetStyle), (46 bytes).
    Removing ugui.o(.ARM.exidx.text.UG_WindowSetStyle), (8 bytes).
    Removing ugui.o(.text.UG_WindowGetForeColor), (16 bytes).
    Removing ugui.o(.ARM.exidx.text.UG_WindowGetForeColor), (8 bytes).
    Removing ugui.o(.text.UG_WindowGetBackColor), (16 bytes).
    Removing ugui.o(.ARM.exidx.text.UG_WindowGetBackColor), (8 bytes).
    Removing ugui.o(.text.UG_WindowGetTitleInactiveTextColor), (16 bytes).
    Removing ugui.o(.ARM.exidx.text.UG_WindowGetTitleInactiveTextColor), (8 bytes).
    Removing ugui.o(.text.UG_WindowGetTitleInactiveColor), (16 bytes).
    Removing ugui.o(.ARM.exidx.text.UG_WindowGetTitleInactiveColor), (8 bytes).
    Removing ugui.o(.text.UG_WindowGetTitleText), (16 bytes).
    Removing ugui.o(.ARM.exidx.text.UG_WindowGetTitleText), (8 bytes).
    Removing ugui.o(.text.UG_WindowGetTitleTextFont), (16 bytes).
    Removing ugui.o(.ARM.exidx.text.UG_WindowGetTitleTextFont), (8 bytes).
    Removing ugui.o(.text.UG_WindowGetTitleTextHSpace), (22 bytes).
    Removing ugui.o(.ARM.exidx.text.UG_WindowGetTitleTextHSpace), (8 bytes).
    Removing ugui.o(.text.UG_WindowGetTitleTextVSpace), (22 bytes).
    Removing ugui.o(.ARM.exidx.text.UG_WindowGetTitleTextVSpace), (8 bytes).
    Removing ugui.o(.text.UG_WindowGetTitleTextAlignment), (18 bytes).
    Removing ugui.o(.ARM.exidx.text.UG_WindowGetTitleTextAlignment), (8 bytes).
    Removing ugui.o(.text.UG_WindowGetTitleHeight), (18 bytes).
    Removing ugui.o(.ARM.exidx.text.UG_WindowGetTitleHeight), (8 bytes).
    Removing ugui.o(.text.UG_WindowGetXStart), (18 bytes).
    Removing ugui.o(.ARM.exidx.text.UG_WindowGetXStart), (8 bytes).
    Removing ugui.o(.text.UG_WindowGetYStart), (18 bytes).
    Removing ugui.o(.ARM.exidx.text.UG_WindowGetYStart), (8 bytes).
    Removing ugui.o(.text.UG_WindowGetXEnd), (18 bytes).
    Removing ugui.o(.ARM.exidx.text.UG_WindowGetXEnd), (8 bytes).
    Removing ugui.o(.text.UG_WindowGetYEnd), (18 bytes).
    Removing ugui.o(.ARM.exidx.text.UG_WindowGetYEnd), (8 bytes).
    Removing ugui.o(.text.UG_WindowGetStyle), (16 bytes).
    Removing ugui.o(.ARM.exidx.text.UG_WindowGetStyle), (8 bytes).
    Removing ugui.o(.text.UG_WindowGetArea), (88 bytes).
    Removing ugui.o(.ARM.exidx.text.UG_WindowGetArea), (8 bytes).
    Removing ugui.o(.text.UG_WindowGetInnerWidth), (38 bytes).
    Removing ugui.o(.ARM.exidx.text.UG_WindowGetInnerWidth), (8 bytes).
    Removing ugui.o(.text.UG_WindowGetOuterWidth), (36 bytes).
    Removing ugui.o(.ARM.exidx.text.UG_WindowGetOuterWidth), (8 bytes).
    Removing ugui.o(.text.UG_WindowGetInnerHeight), (48 bytes).
    Removing ugui.o(.ARM.exidx.text.UG_WindowGetInnerHeight), (8 bytes).
    Removing ugui.o(.text.UG_WindowGetOuterHeight), (36 bytes).
    Removing ugui.o(.ARM.exidx.text.UG_WindowGetOuterHeight), (8 bytes).
    Removing ugui.o(.text.UG_ButtonCreate), (144 bytes).
    Removing ugui.o(.ARM.exidx.text.UG_ButtonCreate), (8 bytes).
    Removing ugui.o(.text._UG_ButtonUpdate), (464 bytes).
    Removing ugui.o(.ARM.exidx.text._UG_ButtonUpdate), (8 bytes).
    Removing ugui.o(.text.UG_ButtonDelete), (12 bytes).
    Removing ugui.o(.ARM.exidx.text.UG_ButtonDelete), (8 bytes).
    Removing ugui.o(.text.UG_ButtonShow), (32 bytes).
    Removing ugui.o(.ARM.exidx.text.UG_ButtonShow), (8 bytes).
    Removing ugui.o(.text.UG_ButtonHide), (48 bytes).
    Removing ugui.o(.ARM.exidx.text.UG_ButtonHide), (8 bytes).
    Removing ugui.o(.text.UG_ButtonSetForeColor), (38 bytes).
    Removing ugui.o(.ARM.exidx.text.UG_ButtonSetForeColor), (8 bytes).
    Removing ugui.o(.text.UG_ButtonSetBackColor), (38 bytes).
    Removing ugui.o(.ARM.exidx.text.UG_ButtonSetBackColor), (8 bytes).
    Removing ugui.o(.text.UG_ButtonSetAlternateForeColor), (38 bytes).
    Removing ugui.o(.ARM.exidx.text.UG_ButtonSetAlternateForeColor), (8 bytes).
    Removing ugui.o(.text.UG_ButtonSetAlternateBackColor), (38 bytes).
    Removing ugui.o(.ARM.exidx.text.UG_ButtonSetAlternateBackColor), (8 bytes).
    Removing ugui.o(.text.UG_ButtonSetText), (38 bytes).
    Removing ugui.o(.ARM.exidx.text.UG_ButtonSetText), (8 bytes).
    Removing ugui.o(.text.UG_ButtonSetFont), (38 bytes).
    Removing ugui.o(.ARM.exidx.text.UG_ButtonSetFont), (8 bytes).
    Removing ugui.o(.text.UG_ButtonSetStyle), (124 bytes).
    Removing ugui.o(.ARM.exidx.text.UG_ButtonSetStyle), (8 bytes).
    Removing ugui.o(.text.UG_ButtonSetHSpace), (38 bytes).
    Removing ugui.o(.ARM.exidx.text.UG_ButtonSetHSpace), (8 bytes).
    Removing ugui.o(.text.UG_ButtonSetVSpace), (38 bytes).
    Removing ugui.o(.ARM.exidx.text.UG_ButtonSetVSpace), (8 bytes).
    Removing ugui.o(.text.UG_ButtonSetAlignment), (38 bytes).
    Removing ugui.o(.ARM.exidx.text.UG_ButtonSetAlignment), (8 bytes).
    Removing ugui.o(.text.UG_ButtonGetForeColor), (22 bytes).
    Removing ugui.o(.ARM.exidx.text.UG_ButtonGetForeColor), (8 bytes).
    Removing ugui.o(.text.UG_ButtonGetBackColor), (22 bytes).
    Removing ugui.o(.ARM.exidx.text.UG_ButtonGetBackColor), (8 bytes).
    Removing ugui.o(.text.UG_ButtonGetAlternateForeColor), (22 bytes).
    Removing ugui.o(.ARM.exidx.text.UG_ButtonGetAlternateForeColor), (8 bytes).
    Removing ugui.o(.text.UG_ButtonGetAlternateBackColor), (22 bytes).
    Removing ugui.o(.ARM.exidx.text.UG_ButtonGetAlternateBackColor), (8 bytes).
    Removing ugui.o(.text.UG_ButtonGetText), (22 bytes).
    Removing ugui.o(.ARM.exidx.text.UG_ButtonGetText), (8 bytes).
    Removing ugui.o(.text.UG_ButtonGetFont), (22 bytes).
    Removing ugui.o(.ARM.exidx.text.UG_ButtonGetFont), (8 bytes).
    Removing ugui.o(.text.UG_ButtonGetStyle), (22 bytes).
    Removing ugui.o(.ARM.exidx.text.UG_ButtonGetStyle), (8 bytes).
    Removing ugui.o(.text.UG_ButtonGetHSpace), (24 bytes).
    Removing ugui.o(.ARM.exidx.text.UG_ButtonGetHSpace), (8 bytes).
    Removing ugui.o(.text.UG_ButtonGetVSpace), (24 bytes).
    Removing ugui.o(.ARM.exidx.text.UG_ButtonGetVSpace), (8 bytes).
    Removing ugui.o(.text.UG_ButtonGetAlignment), (22 bytes).
    Removing ugui.o(.ARM.exidx.text.UG_ButtonGetAlignment), (8 bytes).
    Removing ugui.o(.text.UG_CheckboxCreate), (148 bytes).
    Removing ugui.o(.ARM.exidx.text.UG_CheckboxCreate), (8 bytes).
    Removing ugui.o(.text._UG_CheckboxUpdate), (802 bytes).
    Removing ugui.o(.ARM.exidx.text._UG_CheckboxUpdate), (8 bytes).
    Removing ugui.o(.text.UG_CheckboxDelete), (12 bytes).
    Removing ugui.o(.ARM.exidx.text.UG_CheckboxDelete), (8 bytes).
    Removing ugui.o(.text.UG_CheckboxShow), (32 bytes).
    Removing ugui.o(.ARM.exidx.text.UG_CheckboxShow), (8 bytes).
    Removing ugui.o(.text.UG_CheckboxHide), (48 bytes).
    Removing ugui.o(.ARM.exidx.text.UG_CheckboxHide), (8 bytes).
    Removing ugui.o(.text.UG_CheckboxSetCheched), (40 bytes).
    Removing ugui.o(.ARM.exidx.text.UG_CheckboxSetCheched), (8 bytes).
    Removing ugui.o(.text.UG_CheckboxSetForeColor), (38 bytes).
    Removing ugui.o(.ARM.exidx.text.UG_CheckboxSetForeColor), (8 bytes).
    Removing ugui.o(.text.UG_CheckboxSetBackColor), (38 bytes).
    Removing ugui.o(.ARM.exidx.text.UG_CheckboxSetBackColor), (8 bytes).
    Removing ugui.o(.text.UG_CheckboxSetAlternateForeColor), (38 bytes).
    Removing ugui.o(.ARM.exidx.text.UG_CheckboxSetAlternateForeColor), (8 bytes).
    Removing ugui.o(.text.UG_CheckboxSetAlternateBackColor), (38 bytes).
    Removing ugui.o(.ARM.exidx.text.UG_CheckboxSetAlternateBackColor), (8 bytes).
    Removing ugui.o(.text.UG_CheckboxSetText), (38 bytes).
    Removing ugui.o(.ARM.exidx.text.UG_CheckboxSetText), (8 bytes).
    Removing ugui.o(.text.UG_CheckboxSetFont), (38 bytes).
    Removing ugui.o(.ARM.exidx.text.UG_CheckboxSetFont), (8 bytes).
    Removing ugui.o(.text.UG_CheckboxSetStyle), (124 bytes).
    Removing ugui.o(.ARM.exidx.text.UG_CheckboxSetStyle), (8 bytes).
    Removing ugui.o(.text.UG_CheckboxSetHSpace), (38 bytes).
    Removing ugui.o(.ARM.exidx.text.UG_CheckboxSetHSpace), (8 bytes).
    Removing ugui.o(.text.UG_CheckboxSetVSpace), (38 bytes).
    Removing ugui.o(.ARM.exidx.text.UG_CheckboxSetVSpace), (8 bytes).
    Removing ugui.o(.text.UG_CheckboxSetAlignment), (38 bytes).
    Removing ugui.o(.ARM.exidx.text.UG_CheckboxSetAlignment), (8 bytes).
    Removing ugui.o(.text.UG_CheckboxGetChecked), (24 bytes).
    Removing ugui.o(.ARM.exidx.text.UG_CheckboxGetChecked), (8 bytes).
    Removing ugui.o(.text.UG_CheckboxGetForeColor), (22 bytes).
    Removing ugui.o(.ARM.exidx.text.UG_CheckboxGetForeColor), (8 bytes).
    Removing ugui.o(.text.UG_CheckboxGetBackColor), (22 bytes).
    Removing ugui.o(.ARM.exidx.text.UG_CheckboxGetBackColor), (8 bytes).
    Removing ugui.o(.text.UG_CheckboxGetAlternateForeColor), (22 bytes).
    Removing ugui.o(.ARM.exidx.text.UG_CheckboxGetAlternateForeColor), (8 bytes).
    Removing ugui.o(.text.UG_CheckboxGetAlternateBackColor), (22 bytes).
    Removing ugui.o(.ARM.exidx.text.UG_CheckboxGetAlternateBackColor), (8 bytes).
    Removing ugui.o(.text.UG_CheckboxGetText), (22 bytes).
    Removing ugui.o(.ARM.exidx.text.UG_CheckboxGetText), (8 bytes).
    Removing ugui.o(.text.UG_CheckboxGetFont), (22 bytes).
    Removing ugui.o(.ARM.exidx.text.UG_CheckboxGetFont), (8 bytes).
    Removing ugui.o(.text.UG_CheckboxGetStyle), (22 bytes).
    Removing ugui.o(.ARM.exidx.text.UG_CheckboxGetStyle), (8 bytes).
    Removing ugui.o(.text.UG_CheckboxGetHSpace), (24 bytes).
    Removing ugui.o(.ARM.exidx.text.UG_CheckboxGetHSpace), (8 bytes).
    Removing ugui.o(.text.UG_CheckboxGetVSpace), (24 bytes).
    Removing ugui.o(.ARM.exidx.text.UG_CheckboxGetVSpace), (8 bytes).
    Removing ugui.o(.text.UG_CheckboxGetAlignment), (22 bytes).
    Removing ugui.o(.ARM.exidx.text.UG_CheckboxGetAlignment), (8 bytes).
    Removing ugui.o(.text.UG_TextboxCreate), (128 bytes).
    Removing ugui.o(.ARM.exidx.text.UG_TextboxCreate), (8 bytes).
    Removing ugui.o(.text._UG_TextboxUpdate), (224 bytes).
    Removing ugui.o(.ARM.exidx.text._UG_TextboxUpdate), (8 bytes).
    Removing ugui.o(.text.UG_TextboxDelete), (12 bytes).
    Removing ugui.o(.ARM.exidx.text.UG_TextboxDelete), (8 bytes).
    Removing ugui.o(.text.UG_TextboxShow), (32 bytes).
    Removing ugui.o(.ARM.exidx.text.UG_TextboxShow), (8 bytes).
    Removing ugui.o(.text.UG_TextboxHide), (34 bytes).
    Removing ugui.o(.ARM.exidx.text.UG_TextboxHide), (8 bytes).
    Removing ugui.o(.text.UG_TextboxSetForeColor), (38 bytes).
    Removing ugui.o(.ARM.exidx.text.UG_TextboxSetForeColor), (8 bytes).
    Removing ugui.o(.text.UG_TextboxSetBackColor), (38 bytes).
    Removing ugui.o(.ARM.exidx.text.UG_TextboxSetBackColor), (8 bytes).
    Removing ugui.o(.text.UG_TextboxSetText), (38 bytes).
    Removing ugui.o(.ARM.exidx.text.UG_TextboxSetText), (8 bytes).
    Removing ugui.o(.text.UG_TextboxSetFont), (38 bytes).
    Removing ugui.o(.ARM.exidx.text.UG_TextboxSetFont), (8 bytes).
    Removing ugui.o(.text.UG_TextboxSetHSpace), (38 bytes).
    Removing ugui.o(.ARM.exidx.text.UG_TextboxSetHSpace), (8 bytes).
    Removing ugui.o(.text.UG_TextboxSetVSpace), (38 bytes).
    Removing ugui.o(.ARM.exidx.text.UG_TextboxSetVSpace), (8 bytes).
    Removing ugui.o(.text.UG_TextboxSetAlignment), (38 bytes).
    Removing ugui.o(.ARM.exidx.text.UG_TextboxSetAlignment), (8 bytes).
    Removing ugui.o(.text.UG_TextboxGetForeColor), (22 bytes).
    Removing ugui.o(.ARM.exidx.text.UG_TextboxGetForeColor), (8 bytes).
    Removing ugui.o(.text.UG_TextboxGetBackColor), (22 bytes).
    Removing ugui.o(.ARM.exidx.text.UG_TextboxGetBackColor), (8 bytes).
    Removing ugui.o(.text.UG_TextboxGetText), (22 bytes).
    Removing ugui.o(.ARM.exidx.text.UG_TextboxGetText), (8 bytes).
    Removing ugui.o(.text.UG_TextboxGetFont), (22 bytes).
    Removing ugui.o(.ARM.exidx.text.UG_TextboxGetFont), (8 bytes).
    Removing ugui.o(.text.UG_TextboxGetHSpace), (24 bytes).
    Removing ugui.o(.ARM.exidx.text.UG_TextboxGetHSpace), (8 bytes).
    Removing ugui.o(.text.UG_TextboxGetVSpace), (24 bytes).
    Removing ugui.o(.ARM.exidx.text.UG_TextboxGetVSpace), (8 bytes).
    Removing ugui.o(.text.UG_TextboxGetAlignment), (22 bytes).
    Removing ugui.o(.ARM.exidx.text.UG_TextboxGetAlignment), (8 bytes).
    Removing ugui.o(.text.UG_ImageCreate), (94 bytes).
    Removing ugui.o(.ARM.exidx.text.UG_ImageCreate), (8 bytes).
    Removing ugui.o(.text._UG_ImageUpdate), (170 bytes).
    Removing ugui.o(.ARM.exidx.text._UG_ImageUpdate), (8 bytes).
    Removing ugui.o(.text.UG_ImageDelete), (12 bytes).
    Removing ugui.o(.ARM.exidx.text.UG_ImageDelete), (8 bytes).
    Removing ugui.o(.text.UG_ImageShow), (32 bytes).
    Removing ugui.o(.ARM.exidx.text.UG_ImageShow), (8 bytes).
    Removing ugui.o(.text.UG_ImageHide), (34 bytes).
    Removing ugui.o(.ARM.exidx.text.UG_ImageHide), (8 bytes).
    Removing ugui.o(.text.UG_ImageSetBMP), (42 bytes).
    Removing ugui.o(.ARM.exidx.text.UG_ImageSetBMP), (8 bytes).
    Removing ugui.o(.bss.gui), (4 bytes).
    Removing ugui.o(.rodata.pal_window), (48 bytes).
    Removing ugui.o(.rodata.pal_button_pressed), (48 bytes).
    Removing ugui.o(.rodata.pal_button_released), (48 bytes).
    Removing ugui.o(.rodata.pal_checkbox_pressed), (48 bytes).
    Removing ugui.o(.rodata.pal_checkbox_released), (48 bytes).
    Removing ugui.o(.bss._UG_HandleEvents.msg), (8 bytes).
    Removing ugui.o(.rodata.str1.1), (2 bytes).
    Removing rs485.o(.text), (0 bytes).
    Removing rs485.o(.ARM.exidx.text.UART2_Handler), (8 bytes).
    Removing rs485.o(.ARM.exidx.text.CirBuf_Write), (8 bytes).
    Removing rs485.o(.ARM.exidx.text.CirBuf_Empty), (8 bytes).
    Removing rs485.o(.ARM.exidx.text.CirBuf_Read), (8 bytes).
    Removing rs485.o(.ARM.exidx.text.uart2_init), (8 bytes).
    Removing rs485.o(.ARM.exidx.text.get_uart2_msgStatus), (8 bytes).
    Removing rs485.o(.ARM.exidx.text.clear_uart2_msgStatus), (8 bytes).
    Removing rs485.o(.ARM.exidx.text.CirBuf_Full), (8 bytes).
    Removing rs485.o(.ARM.exidx.text.CirBuf_Space), (8 bytes).
    Removing rs485.o(.ARM.exidx.text.CirBuf_Count), (8 bytes).
    Removing main.o(.text), (0 bytes).
    Removing main.o(.ARM.exidx.text.main), (8 bytes).
    Removing main.o(.ARM.use_no_argv), (4 bytes).
    Removing swm341_gpio.o(.text), (0 bytes).
    Removing swm341_gpio.o(.ARM.exidx.text.GPIO_Init), (8 bytes).
    Removing swm341_gpio.o(.ARM.exidx.text.GPIO_SetBit), (8 bytes).
    Removing swm341_gpio.o(.ARM.exidx.text.GPIO_ClrBit), (8 bytes).
    Removing swm341_gpio.o(.text.GPIO_InvBit), (14 bytes).
    Removing swm341_gpio.o(.ARM.exidx.text.GPIO_InvBit), (8 bytes).
    Removing swm341_gpio.o(.ARM.exidx.text.GPIO_GetBit), (8 bytes).
    Removing swm341_gpio.o(.text.GPIO_SetBits), (32 bytes).
    Removing swm341_gpio.o(.ARM.exidx.text.GPIO_SetBits), (8 bytes).
    Removing swm341_gpio.o(.text.GPIO_ClrBits), (34 bytes).
    Removing swm341_gpio.o(.ARM.exidx.text.GPIO_ClrBits), (8 bytes).
    Removing swm341_gpio.o(.text.GPIO_InvBits), (32 bytes).
    Removing swm341_gpio.o(.ARM.exidx.text.GPIO_InvBits), (8 bytes).
    Removing swm341_gpio.o(.text.GPIO_GetBits), (20 bytes).
    Removing swm341_gpio.o(.ARM.exidx.text.GPIO_GetBits), (8 bytes).
    Removing swm341_lcd.o(.text), (0 bytes).
    Removing swm341_lcd.o(.text.LCD_Init), (218 bytes).
    Removing swm341_lcd.o(.ARM.exidx.text.LCD_Init), (8 bytes).
    Removing swm341_lcd.o(.text.__NVIC_EnableIRQ), (16 bytes).
    Removing swm341_lcd.o(.ARM.exidx.text.__NVIC_EnableIRQ), (8 bytes).
    Removing swm341_lcd.o(.text.LCD_LayerInit), (58 bytes).
    Removing swm341_lcd.o(.ARM.exidx.text.LCD_LayerInit), (8 bytes).
    Removing swm341_lcd.o(.text.LCD_SetLayerPos), (40 bytes).
    Removing swm341_lcd.o(.ARM.exidx.text.LCD_SetLayerPos), (8 bytes).
    Removing swm341_lcd.o(.ARM.exidx.text.LCD_Start), (8 bytes).
    Removing swm341_lcd.o(.text.LCD_IsBusy), (8 bytes).
    Removing swm341_lcd.o(.ARM.exidx.text.LCD_IsBusy), (8 bytes).
    Removing swm341_lcd.o(.text.LCD_INTEn), (6 bytes).
    Removing swm341_lcd.o(.ARM.exidx.text.LCD_INTEn), (8 bytes).
    Removing swm341_lcd.o(.text.LCD_INTDis), (6 bytes).
    Removing swm341_lcd.o(.ARM.exidx.text.LCD_INTDis), (8 bytes).
    Removing swm341_lcd.o(.ARM.exidx.text.LCD_INTClr), (8 bytes).
    Removing swm341_lcd.o(.text.LCD_INTStat), (8 bytes).
    Removing swm341_lcd.o(.ARM.exidx.text.LCD_INTStat), (8 bytes).
    Removing swm341_lcd.o(.text.MPULCD_Init), (138 bytes).
    Removing swm341_lcd.o(.ARM.exidx.text.MPULCD_Init), (8 bytes).
    Removing swm341_lcd.o(.text.LCD_WR_REG), (34 bytes).
    Removing swm341_lcd.o(.ARM.exidx.text.LCD_WR_REG), (8 bytes).
    Removing swm341_lcd.o(.text.LCD_WR_DATA), (34 bytes).
    Removing swm341_lcd.o(.ARM.exidx.text.LCD_WR_DATA), (8 bytes).
    Removing swm341_lcd.o(.text.LCD_WriteReg), (54 bytes).
    Removing swm341_lcd.o(.ARM.exidx.text.LCD_WriteReg), (8 bytes).
    Removing swm341_lcd.o(.text.LCD_ReadReg), (36 bytes).
    Removing swm341_lcd.o(.ARM.exidx.text.LCD_ReadReg), (8 bytes).
    Removing swm341_lcd.o(.text.MPULCD_DMAStart), (32 bytes).
    Removing swm341_lcd.o(.ARM.exidx.text.MPULCD_DMAStart), (8 bytes).
    Removing swm341_lcd.o(.text.MPULCD_DMABusy), (8 bytes).
    Removing swm341_lcd.o(.ARM.exidx.text.MPULCD_DMABusy), (8 bytes).
    Removing swm341_pwm.o(.text), (0 bytes).
    Removing swm341_pwm.o(.text.PWM_Init), (320 bytes).
    Removing swm341_pwm.o(.ARM.exidx.text.PWM_Init), (8 bytes).
    Removing swm341_pwm.o(.text.__NVIC_EnableIRQ), (22 bytes).
    Removing swm341_pwm.o(.ARM.exidx.text.__NVIC_EnableIRQ), (8 bytes).
    Removing swm341_pwm.o(.text.PWM_Start), (16 bytes).
    Removing swm341_pwm.o(.ARM.exidx.text.PWM_Start), (8 bytes).
    Removing swm341_pwm.o(.text.PWM_Stop), (18 bytes).
    Removing swm341_pwm.o(.ARM.exidx.text.PWM_Stop), (8 bytes).
    Removing swm341_pwm.o(.text.PWM_Restart), (14 bytes).
    Removing swm341_pwm.o(.ARM.exidx.text.PWM_Restart), (8 bytes).
    Removing swm341_pwm.o(.text.PWM_ReloadEn), (16 bytes).
    Removing swm341_pwm.o(.ARM.exidx.text.PWM_ReloadEn), (8 bytes).
    Removing swm341_pwm.o(.text.PWM_ReloadDis), (18 bytes).
    Removing swm341_pwm.o(.ARM.exidx.text.PWM_ReloadDis), (8 bytes).
    Removing swm341_pwm.o(.text.PWM_BrkInPolarity), (24 bytes).
    Removing swm341_pwm.o(.ARM.exidx.text.PWM_BrkInPolarity), (8 bytes).
    Removing swm341_pwm.o(.text.PWM_BrkConfig), (98 bytes).
    Removing swm341_pwm.o(.ARM.exidx.text.PWM_BrkConfig), (8 bytes).
    Removing swm341_pwm.o(.text.PWM_OvfTrigger), (12 bytes).
    Removing swm341_pwm.o(.ARM.exidx.text.PWM_OvfTrigger), (8 bytes).
    Removing swm341_pwm.o(.text.PWM_CmpTrigger), (48 bytes).
    Removing swm341_pwm.o(.ARM.exidx.text.PWM_CmpTrigger), (8 bytes).
    Removing swm341_pwm.o(.text.PWM_OutMask), (108 bytes).
    Removing swm341_pwm.o(.ARM.exidx.text.PWM_OutMask), (8 bytes).
    Removing swm341_pwm.o(.text.PWM_SetPeriod), (6 bytes).
    Removing swm341_pwm.o(.ARM.exidx.text.PWM_SetPeriod), (8 bytes).
    Removing swm341_pwm.o(.text.PWM_GetPeriod), (8 bytes).
    Removing swm341_pwm.o(.ARM.exidx.text.PWM_GetPeriod), (8 bytes).
    Removing swm341_pwm.o(.text.PWM_SetHDuty), (12 bytes).
    Removing swm341_pwm.o(.ARM.exidx.text.PWM_SetHDuty), (8 bytes).
    Removing swm341_pwm.o(.text.PWM_GetHDuty), (14 bytes).
    Removing swm341_pwm.o(.ARM.exidx.text.PWM_GetHDuty), (8 bytes).
    Removing swm341_pwm.o(.text.PWM_SetHDuty2), (14 bytes).
    Removing swm341_pwm.o(.ARM.exidx.text.PWM_SetHDuty2), (8 bytes).
    Removing swm341_pwm.o(.text.PWM_GetHDuty2), (22 bytes).
    Removing swm341_pwm.o(.ARM.exidx.text.PWM_GetHDuty2), (8 bytes).
    Removing swm341_pwm.o(.text.PWM_SetDeadzone), (12 bytes).
    Removing swm341_pwm.o(.ARM.exidx.text.PWM_SetDeadzone), (8 bytes).
    Removing swm341_pwm.o(.text.PWM_GetDeadzone), (14 bytes).
    Removing swm341_pwm.o(.ARM.exidx.text.PWM_GetDeadzone), (8 bytes).
    Removing swm341_pwm.o(.text.PWM_IntEn), (8 bytes).
    Removing swm341_pwm.o(.ARM.exidx.text.PWM_IntEn), (8 bytes).
    Removing swm341_pwm.o(.text.PWM_IntDis), (10 bytes).
    Removing swm341_pwm.o(.ARM.exidx.text.PWM_IntDis), (8 bytes).
    Removing swm341_pwm.o(.text.PWM_IntClr), (4 bytes).
    Removing swm341_pwm.o(.ARM.exidx.text.PWM_IntClr), (8 bytes).
    Removing swm341_pwm.o(.text.PWM_IntStat), (6 bytes).
    Removing swm341_pwm.o(.ARM.exidx.text.PWM_IntStat), (8 bytes).
    Removing swm341_pwm.o(.text.PWM_BrkIntEn), (16 bytes).
    Removing swm341_pwm.o(.ARM.exidx.text.PWM_BrkIntEn), (8 bytes).
    Removing swm341_pwm.o(.text.PWM_BrkIntDis), (18 bytes).
    Removing swm341_pwm.o(.ARM.exidx.text.PWM_BrkIntDis), (8 bytes).
    Removing swm341_pwm.o(.text.PWM_BrkIntClr), (12 bytes).
    Removing swm341_pwm.o(.ARM.exidx.text.PWM_BrkIntClr), (8 bytes).
    Removing swm341_pwm.o(.text.PWM_BrkIntStat), (14 bytes).
    Removing swm341_pwm.o(.ARM.exidx.text.PWM_BrkIntStat), (8 bytes).
    Removing swm341_sdram.o(.text), (0 bytes).
    Removing swm341_sdram.o(.text.SDRAM_Init), (204 bytes).
    Removing swm341_sdram.o(.ARM.exidx.text.SDRAM_Init), (8 bytes).
    Removing swm341_sdram.o(.text.SDRAM_Enable), (24 bytes).
    Removing swm341_sdram.o(.ARM.exidx.text.SDRAM_Enable), (8 bytes).
    Removing swm341_sdram.o(.text.SDRAM_Disable), (24 bytes).
    Removing swm341_sdram.o(.ARM.exidx.text.SDRAM_Disable), (8 bytes).
    Removing swm341_uart.o(.text), (0 bytes).
    Removing swm341_uart.o(.ARM.exidx.text.UART_Init), (8 bytes).
    Removing swm341_uart.o(.ARM.exidx.text.UART_Close), (8 bytes).
    Removing swm341_uart.o(.ARM.exidx.text.__NVIC_EnableIRQ), (8 bytes).
    Removing swm341_uart.o(.ARM.exidx.text.__NVIC_DisableIRQ), (8 bytes).
    Removing swm341_uart.o(.ARM.exidx.text.UART_Open), (8 bytes).
    Removing swm341_uart.o(.ARM.exidx.text.UART_WriteByte), (8 bytes).
    Removing swm341_uart.o(.ARM.exidx.text.UART_ReadByte), (8 bytes).
    Removing swm341_uart.o(.text.UART_IsTXBusy), (10 bytes).
    Removing swm341_uart.o(.ARM.exidx.text.UART_IsTXBusy), (8 bytes).
    Removing swm341_uart.o(.ARM.exidx.text.UART_IsRXFIFOEmpty), (8 bytes).
    Removing swm341_uart.o(.ARM.exidx.text.UART_IsTXFIFOFull), (8 bytes).
    Removing swm341_uart.o(.text.UART_SetBaudrate), (40 bytes).
    Removing swm341_uart.o(.ARM.exidx.text.UART_SetBaudrate), (8 bytes).
    Removing swm341_uart.o(.text.UART_GetBaudrate), (38 bytes).
    Removing swm341_uart.o(.ARM.exidx.text.UART_GetBaudrate), (8 bytes).
    Removing swm341_uart.o(.text.UART_CTSConfig), (20 bytes).
    Removing swm341_uart.o(.ARM.exidx.text.UART_CTSConfig), (8 bytes).
    Removing swm341_uart.o(.text.UART_CTSLineState), (8 bytes).
    Removing swm341_uart.o(.ARM.exidx.text.UART_CTSLineState), (8 bytes).
    Removing swm341_uart.o(.text.UART_RTSConfig), (30 bytes).
    Removing swm341_uart.o(.ARM.exidx.text.UART_RTSConfig), (8 bytes).
    Removing swm341_uart.o(.text.UART_RTSLineState), (8 bytes).
    Removing swm341_uart.o(.ARM.exidx.text.UART_RTSLineState), (8 bytes).
    Removing swm341_uart.o(.text.UART_LINConfig), (54 bytes).
    Removing swm341_uart.o(.ARM.exidx.text.UART_LINConfig), (8 bytes).
    Removing swm341_uart.o(.text.UART_LINGenerate), (10 bytes).
    Removing swm341_uart.o(.ARM.exidx.text.UART_LINGenerate), (8 bytes).
    Removing swm341_uart.o(.text.UART_LINIsDetected), (8 bytes).
    Removing swm341_uart.o(.ARM.exidx.text.UART_LINIsDetected), (8 bytes).
    Removing swm341_uart.o(.text.UART_LINIsGenerated), (8 bytes).
    Removing swm341_uart.o(.ARM.exidx.text.UART_LINIsGenerated), (8 bytes).
    Removing swm341_uart.o(.text.UART_ABRStart), (64 bytes).
    Removing swm341_uart.o(.ARM.exidx.text.UART_ABRStart), (8 bytes).
    Removing swm341_uart.o(.text.UART_ABRIsDone), (24 bytes).
    Removing swm341_uart.o(.ARM.exidx.text.UART_ABRIsDone), (8 bytes).
    Removing swm341_uart.o(.ARM.exidx.text.UART_INTEn), (8 bytes).
    Removing swm341_uart.o(.ARM.exidx.text.UART_INTDis), (8 bytes).
    Removing swm341_uart.o(.ARM.exidx.text.UART_INTClr), (8 bytes).
    Removing swm341_uart.o(.ARM.exidx.text.UART_INTStat), (8 bytes).

578 unused section(s) (total 19292 bytes) removed from the image.

==============================================================================

Image Symbol Table

    Local Symbols

    Symbol Name                              Value     Ov Type        Size  Object(Section)

    ../Core/startup_SWM341.s                 0x00000000   Number         0  startup_swm341.o ABSOLUTE
    ../clib/microlib/init/entry.s            0x00000000   Number         0  entry.o ABSOLUTE
    ../clib/microlib/init/entry.s            0x00000000   Number         0  entry2.o ABSOLUTE
    ../clib/microlib/init/entry.s            0x00000000   Number         0  entry5.o ABSOLUTE
    ../clib/microlib/init/entry.s            0x00000000   Number         0  entry7a.o ABSOLUTE
    ../clib/microlib/init/entry.s            0x00000000   Number         0  entry7b.o ABSOLUTE
    ../clib/microlib/init/entry.s            0x00000000   Number         0  entry8a.o ABSOLUTE
    ../clib/microlib/init/entry.s            0x00000000   Number         0  entry8b.o ABSOLUTE
    ../clib/microlib/init/entry.s            0x00000000   Number         0  entry9a.o ABSOLUTE
    ../clib/microlib/init/entry.s            0x00000000   Number         0  entry9b.o ABSOLUTE
    ../clib/microlib/init/entry.s            0x00000000   Number         0  entry10a.o ABSOLUTE
    ../clib/microlib/init/entry.s            0x00000000   Number         0  entry10b.o ABSOLUTE
    ../clib/microlib/init/entry.s            0x00000000   Number         0  entry11a.o ABSOLUTE
    ../clib/microlib/init/entry.s            0x00000000   Number         0  entry11b.o ABSOLUTE
    ../clib/microlib/string/memcpy.c         0x00000000   Number         0  memcpya.o ABSOLUTE
    ../clib/microlib/string/memcpy.c         0x00000000   Number         0  memcpyb.o ABSOLUTE
    SWM341_flash.c                           0x00000000   Number         0  swm341_flash.o ABSOLUTE
    SWM341_gpio.c                            0x00000000   Number         0  swm341_gpio.o ABSOLUTE
    SWM341_lcd.c                             0x00000000   Number         0  swm341_lcd.o ABSOLUTE
    SWM341_port.c                            0x00000000   Number         0  swm341_port.o ABSOLUTE
    SWM341_pwm.c                             0x00000000   Number         0  swm341_pwm.o ABSOLUTE
    SWM341_sdram.c                           0x00000000   Number         0  swm341_sdram.o ABSOLUTE
    SWM341_uart.c                            0x00000000   Number         0  swm341_uart.o ABSOLUTE
    dc.s                                     0x00000000   Number         0  dc.o ABSOLUTE
    dev_systick.c                            0x00000000   Number         0  dev_systick.o ABSOLUTE
    handlers.s                               0x00000000   Number         0  handlers.o ABSOLUTE
    init.s                                   0x00000000   Number         0  init.o ABSOLUTE
    lcd.c                                    0x00000000   Number         0  lcd.o ABSOLUTE
    main.c                                   0x00000000   Number         0  main.o ABSOLUTE
    rs485.c                                  0x00000000   Number         0  rs485.o ABSOLUTE
    system_SWM341.c                          0x00000000   Number         0  system_swm341.o ABSOLUTE
    ugui.c                                   0x00000000   Number         0  ugui.o ABSOLUTE
    RESET                                    0x00000000   Section      424  startup_swm341.o(RESET)
    .ARM.Collect$$$$00000000                 0x000001a8   Section        0  entry.o(.ARM.Collect$$$$00000000)
    .ARM.Collect$$$$00000001                 0x000001a8   Section        4  entry2.o(.ARM.Collect$$$$00000001)
    .ARM.Collect$$$$00000004                 0x000001ac   Section        4  entry5.o(.ARM.Collect$$$$00000004)
    .ARM.Collect$$$$00000008                 0x000001b0   Section        0  entry7b.o(.ARM.Collect$$$$00000008)
    .ARM.Collect$$$$0000000A                 0x000001b0   Section        0  entry8b.o(.ARM.Collect$$$$0000000A)
    .ARM.Collect$$$$0000000B                 0x000001b0   Section        8  entry9a.o(.ARM.Collect$$$$0000000B)
    __lit__00000000                          0x000001b8   Data           4  entry2.o(.ARM.Collect$$$$00002712)
    .ARM.Collect$$$$0000000D                 0x000001b8   Section        0  entry10a.o(.ARM.Collect$$$$0000000D)
    .ARM.Collect$$$$0000000F                 0x000001b8   Section        0  entry11a.o(.ARM.Collect$$$$0000000F)
    .ARM.Collect$$$$00002712                 0x000001b8   Section        4  entry2.o(.ARM.Collect$$$$00002712)
    $v0                                      0x000001bc   Number         0  startup_swm341.o(.text)
    .text                                    0x000001bc   Section      216  startup_swm341.o(.text)
    .text                                    0x00000294   Section        0  memcpya.o(.text)
    .text                                    0x000002b8   Section       36  init.o(.text)
    CirBuf_Count                             0x000002dd   Thumb Code    24  rs485.o(.text.CirBuf_Count)
    [Anonymous Symbol]                       0x000002dc   Section        0  rs485.o(.text.CirBuf_Count)
    CirBuf_Empty                             0x000002f5   Thumb Code    14  rs485.o(.text.CirBuf_Empty)
    [Anonymous Symbol]                       0x000002f4   Section        0  rs485.o(.text.CirBuf_Empty)
    CirBuf_Full                              0x00000305   Thumb Code    14  rs485.o(.text.CirBuf_Full)
    [Anonymous Symbol]                       0x00000304   Section        0  rs485.o(.text.CirBuf_Full)
    CirBuf_Read                              0x00000315   Thumb Code   148  rs485.o(.text.CirBuf_Read)
    [Anonymous Symbol]                       0x00000314   Section        0  rs485.o(.text.CirBuf_Read)
    CirBuf_Space                             0x000003a9   Thumb Code    26  rs485.o(.text.CirBuf_Space)
    [Anonymous Symbol]                       0x000003a8   Section        0  rs485.o(.text.CirBuf_Space)
    CirBuf_Write                             0x000003c5   Thumb Code   158  rs485.o(.text.CirBuf_Write)
    [Anonymous Symbol]                       0x000003c4   Section        0  rs485.o(.text.CirBuf_Write)
    [Anonymous Symbol]                       0x00000464   Section        0  system_swm341.o(.text.FPU_Enable)
    [Anonymous Symbol]                       0x00000478   Section        0  swm341_flash.o(.text.Flash_Param_at_xMHz)
    [Anonymous Symbol]                       0x00000518   Section        0  swm341_gpio.o(.text.GPIO_ClrBit)
    [Anonymous Symbol]                       0x00000524   Section        0  swm341_gpio.o(.text.GPIO_GetBit)
    [Anonymous Symbol]                       0x0000052c   Section        0  swm341_gpio.o(.text.GPIO_Init)
    [Anonymous Symbol]                       0x00000690   Section        0  swm341_gpio.o(.text.GPIO_SetBit)
    [Anonymous Symbol]                       0x0000069c   Section        0  lcd.o(.text.LCD_Handler)
    [Anonymous Symbol]                       0x000006b4   Section        0  swm341_lcd.o(.text.LCD_INTClr)
    [Anonymous Symbol]                       0x000006bc   Section        0  swm341_lcd.o(.text.LCD_Start)
    [Anonymous Symbol]                       0x000006c8   Section        0  system_swm341.o(.text.PLLInit)
    [Anonymous Symbol]                       0x00000744   Section        0  swm341_port.o(.text.PORT_Init)
    [Anonymous Symbol]                       0x00000790   Section        0  system_swm341.o(.text.SystemCoreClockUpdate)
    [Anonymous Symbol]                       0x0000085c   Section        0  system_swm341.o(.text.SystemInit)
    [Anonymous Symbol]                       0x000008fc   Section        0  rs485.o(.text.UART2_Handler)
    [Anonymous Symbol]                       0x000009ac   Section        0  swm341_uart.o(.text.UART_Close)
    [Anonymous Symbol]                       0x000009b8   Section        0  swm341_uart.o(.text.UART_INTClr)
    [Anonymous Symbol]                       0x000009c8   Section        0  swm341_uart.o(.text.UART_INTDis)
    [Anonymous Symbol]                       0x000009d4   Section        0  swm341_uart.o(.text.UART_INTEn)
    [Anonymous Symbol]                       0x000009dc   Section        0  swm341_uart.o(.text.UART_INTStat)
    [Anonymous Symbol]                       0x00000a14   Section        0  swm341_uart.o(.text.UART_Init)
    [Anonymous Symbol]                       0x00000b5c   Section        0  swm341_uart.o(.text.UART_IsRXFIFOEmpty)
    [Anonymous Symbol]                       0x00000b68   Section        0  swm341_uart.o(.text.UART_IsTXFIFOFull)
    [Anonymous Symbol]                       0x00000b70   Section        0  swm341_uart.o(.text.UART_Open)
    [Anonymous Symbol]                       0x00000b7c   Section        0  swm341_uart.o(.text.UART_ReadByte)
    [Anonymous Symbol]                       0x00000b8c   Section        0  swm341_uart.o(.text.UART_WriteByte)
    __NVIC_DisableIRQ                        0x00000b91   Thumb Code    30  swm341_uart.o(.text.__NVIC_DisableIRQ)
    [Anonymous Symbol]                       0x00000b90   Section        0  swm341_uart.o(.text.__NVIC_DisableIRQ)
    __NVIC_EnableIRQ                         0x00000bb1   Thumb Code    22  swm341_uart.o(.text.__NVIC_EnableIRQ)
    [Anonymous Symbol]                       0x00000bb0   Section        0  swm341_uart.o(.text.__NVIC_EnableIRQ)
    [Anonymous Symbol]                       0x00000bc8   Section        0  rs485.o(.text.clear_uart2_msgStatus)
    delay_3ms                                0x00000bd9   Thumb Code    56  system_swm341.o(.text.delay_3ms)
    [Anonymous Symbol]                       0x00000bd8   Section        0  system_swm341.o(.text.delay_3ms)
    [Anonymous Symbol]                       0x00000c10   Section        0  rs485.o(.text.get_uart2_msgStatus)
    [Anonymous Symbol]                       0x00000c1c   Section        0  main.o(.text.main)
    [Anonymous Symbol]                       0x00000c88   Section        0  system_swm341.o(.text.switchTo20MHz)
    [Anonymous Symbol]                       0x00000ca8   Section        0  system_swm341.o(.text.switchToPLL)
    [Anonymous Symbol]                       0x00000cec   Section        0  rs485.o(.text.uart2_init)
    i.__scatterload_copy                     0x00000d44   Section       14  handlers.o(i.__scatterload_copy)
    i.__scatterload_null                     0x00000d52   Section        2  handlers.o(i.__scatterload_null)
    i.__scatterload_zeroinit                 0x00000d54   Section       14  handlers.o(i.__scatterload_zeroinit)
    STACK                                    0x20000418   Section    16384  startup_swm341.o(STACK)

    Global Symbols

    Symbol Name                              Value     Ov Type        Size  Object(Section)

    BuildAttributes$$THM_ISAv4$E$P$D$K$B$S$7EM$8M$VFPi5$EXTD16$VFPS$VFMA$PE$A:L22UL41UL21$X:L11$S22US41US21$IEEE1$IW$~IW$USESV6$~STKCKD$USESV7$~SHL$OTIME$EBA8$MICROLIB$REQ8$PRES8$EABIv2 0x00000000   Number         0  anon$$obj.o ABSOLUTE
    __Vectors                                0x00000000   Data           4  startup_swm341.o(RESET)
    __cpp_initialize__aeabi_                  - Undefined Weak Reference
    __cxa_finalize                            - Undefined Weak Reference
    __decompress                              - Undefined Weak Reference
    _clock_init                               - Undefined Weak Reference
    _microlib_exit                            - Undefined Weak Reference
    __Vectors_End                            0x000001a8   Data           0  startup_swm341.o(RESET)
    __Vectors_Size                           0x000001a8   Number         0  startup_swm341.o ABSOLUTE
    __main                                   0x000001a9   Thumb Code     0  entry.o(.ARM.Collect$$$$00000000)
    _main_stk                                0x000001a9   Thumb Code     0  entry2.o(.ARM.Collect$$$$00000001)
    _main_scatterload                        0x000001ad   Thumb Code     0  entry5.o(.ARM.Collect$$$$00000004)
    __main_after_scatterload                 0x000001b1   Thumb Code     0  entry5.o(.ARM.Collect$$$$00000004)
    _main_clock                              0x000001b1   Thumb Code     0  entry7b.o(.ARM.Collect$$$$00000008)
    _main_cpp_init                           0x000001b1   Thumb Code     0  entry8b.o(.ARM.Collect$$$$0000000A)
    _main_init                               0x000001b1   Thumb Code     0  entry9a.o(.ARM.Collect$$$$0000000B)
    __rt_final_cpp                           0x000001b9   Thumb Code     0  entry10a.o(.ARM.Collect$$$$0000000D)
    __rt_final_exit                          0x000001b9   Thumb Code     0  entry11a.o(.ARM.Collect$$$$0000000F)
    Reset_Handler                            0x000001bd   Thumb Code     8  startup_swm341.o(.text)
    NMI_Handler                              0x000001c5   Thumb Code     2  startup_swm341.o(.text)
    HardFault_Handler                        0x000001c7   Thumb Code     2  startup_swm341.o(.text)
    MemManage_Handler                        0x000001c9   Thumb Code     2  startup_swm341.o(.text)
    BusFault_Handler                         0x000001cb   Thumb Code     2  startup_swm341.o(.text)
    UsageFault_Handler                       0x000001cd   Thumb Code     2  startup_swm341.o(.text)
    SVC_Handler                              0x000001cf   Thumb Code     2  startup_swm341.o(.text)
    DebugMon_Handler                         0x000001d1   Thumb Code     2  startup_swm341.o(.text)
    PendSV_Handler                           0x000001d3   Thumb Code     2  startup_swm341.o(.text)
    SysTick_Handler                          0x000001d5   Thumb Code     2  startup_swm341.o(.text)
    UART0_Handler                            0x000001d7   Thumb Code     2  startup_swm341.o(.text)
    UART1_Handler                            0x000001d9   Thumb Code     2  startup_swm341.o(.text)
    TIMR0_Handler                            0x000001db   Thumb Code     2  startup_swm341.o(.text)
    TIMR1_Handler                            0x000001dd   Thumb Code     2  startup_swm341.o(.text)
    DMA_Handler                              0x000001df   Thumb Code     2  startup_swm341.o(.text)
    SPI0_Handler                             0x000001e1   Thumb Code     2  startup_swm341.o(.text)
    PWM0_Handler                             0x000001e3   Thumb Code     2  startup_swm341.o(.text)
    WDT_Handler                              0x000001e5   Thumb Code     2  startup_swm341.o(.text)
    PWM1_Handler                             0x000001e9   Thumb Code     2  startup_swm341.o(.text)
    ADC0_Handler                             0x000001eb   Thumb Code     2  startup_swm341.o(.text)
    BTIMR0_Handler                           0x000001ed   Thumb Code     2  startup_swm341.o(.text)
    HALL0_Handler                            0x000001ef   Thumb Code     2  startup_swm341.o(.text)
    PWM2_Handler                             0x000001f1   Thumb Code     2  startup_swm341.o(.text)
    PWMBRK_Handler                           0x000001f3   Thumb Code     2  startup_swm341.o(.text)
    I2C0_Handler                             0x000001f5   Thumb Code     2  startup_swm341.o(.text)
    CAN0_Handler                             0x000001f7   Thumb Code     2  startup_swm341.o(.text)
    SPI1_Handler                             0x000001f9   Thumb Code     2  startup_swm341.o(.text)
    RTC_Handler                              0x000001fb   Thumb Code     2  startup_swm341.o(.text)
    PWM3_Handler                             0x000001fd   Thumb Code     2  startup_swm341.o(.text)
    TIMR2_Handler                            0x000001ff   Thumb Code     2  startup_swm341.o(.text)
    UART3_Handler                            0x00000201   Thumb Code     2  startup_swm341.o(.text)
    TIMR3_Handler                            0x00000203   Thumb Code     2  startup_swm341.o(.text)
    ADC1_Handler                             0x00000205   Thumb Code     2  startup_swm341.o(.text)
    BOD_Handler                              0x00000207   Thumb Code     2  startup_swm341.o(.text)
    CORDIC_Handler                           0x00000209   Thumb Code     2  startup_swm341.o(.text)
    BTIMR1_Handler                           0x0000020b   Thumb Code     2  startup_swm341.o(.text)
    PWM4_Handler                             0x0000020d   Thumb Code     2  startup_swm341.o(.text)
    HALL3_Handler                            0x0000020f   Thumb Code     2  startup_swm341.o(.text)
    BTIMR2_Handler                           0x00000211   Thumb Code     2  startup_swm341.o(.text)
    I2C1_Handler                             0x00000213   Thumb Code     2  startup_swm341.o(.text)
    BTIMR3_Handler                           0x00000215   Thumb Code     2  startup_swm341.o(.text)
    ACMP_Handler                             0x00000217   Thumb Code     2  startup_swm341.o(.text)
    XTALSTOP_Handler                         0x00000219   Thumb Code     2  startup_swm341.o(.text)
    FSPI_Handler                             0x0000021b   Thumb Code     2  startup_swm341.o(.text)
    GPIOA_Handler                            0x0000021d   Thumb Code     2  startup_swm341.o(.text)
    GPIOB_Handler                            0x0000021f   Thumb Code     2  startup_swm341.o(.text)
    GPIOC_Handler                            0x00000221   Thumb Code     2  startup_swm341.o(.text)
    GPIOD_Handler                            0x00000223   Thumb Code     2  startup_swm341.o(.text)
    GPIOM_Handler                            0x00000225   Thumb Code     2  startup_swm341.o(.text)
    GPION_Handler                            0x00000227   Thumb Code     2  startup_swm341.o(.text)
    GPIOA0_Handler                           0x00000229   Thumb Code     2  startup_swm341.o(.text)
    GPIOA1_Handler                           0x0000022b   Thumb Code     2  startup_swm341.o(.text)
    GPIOA5_Handler                           0x0000022d   Thumb Code     2  startup_swm341.o(.text)
    GPIOA6_Handler                           0x0000022f   Thumb Code     2  startup_swm341.o(.text)
    GPIOA10_Handler                          0x00000231   Thumb Code     2  startup_swm341.o(.text)
    GPIOA11_Handler                          0x00000233   Thumb Code     2  startup_swm341.o(.text)
    GPIOA12_Handler                          0x00000235   Thumb Code     2  startup_swm341.o(.text)
    GPIOA13_Handler                          0x00000237   Thumb Code     2  startup_swm341.o(.text)
    GPIOB0_Handler                           0x00000239   Thumb Code     2  startup_swm341.o(.text)
    GPIOB1_Handler                           0x0000023b   Thumb Code     2  startup_swm341.o(.text)
    GPIOB2_Handler                           0x0000023d   Thumb Code     2  startup_swm341.o(.text)
    GPIOC0_Handler                           0x0000023f   Thumb Code     2  startup_swm341.o(.text)
    GPIOC1_Handler                           0x00000241   Thumb Code     2  startup_swm341.o(.text)
    GPIOC2_Handler                           0x00000243   Thumb Code     2  startup_swm341.o(.text)
    GPIOC3_Handler                           0x00000245   Thumb Code     2  startup_swm341.o(.text)
    GPIOC4_Handler                           0x00000247   Thumb Code     2  startup_swm341.o(.text)
    GPIOD3_Handler                           0x00000249   Thumb Code     2  startup_swm341.o(.text)
    GPIOD4_Handler                           0x0000024b   Thumb Code     2  startup_swm341.o(.text)
    GPIOD5_Handler                           0x0000024d   Thumb Code     2  startup_swm341.o(.text)
    GPIOD6_Handler                           0x0000024f   Thumb Code     2  startup_swm341.o(.text)
    GPIOD7_Handler                           0x00000251   Thumb Code     2  startup_swm341.o(.text)
    GPIOD8_Handler                           0x00000253   Thumb Code     2  startup_swm341.o(.text)
    GPIOC9_Handler                           0x00000255   Thumb Code     2  startup_swm341.o(.text)
    GPIOC10_Handler                          0x00000257   Thumb Code     2  startup_swm341.o(.text)
    GPIOC11_Handler                          0x00000259   Thumb Code     2  startup_swm341.o(.text)
    GPIOC12_Handler                          0x0000025b   Thumb Code     2  startup_swm341.o(.text)
    GPIOM0_Handler                           0x0000025d   Thumb Code     2  startup_swm341.o(.text)
    GPIOM1_Handler                           0x0000025f   Thumb Code     2  startup_swm341.o(.text)
    GPIOM2_Handler                           0x00000261   Thumb Code     2  startup_swm341.o(.text)
    GPIOM3_Handler                           0x00000263   Thumb Code     2  startup_swm341.o(.text)
    GPIOM4_Handler                           0x00000265   Thumb Code     2  startup_swm341.o(.text)
    DIV_Handler                              0x00000267   Thumb Code     2  startup_swm341.o(.text)
    GPIOE_Handler                            0x0000026b   Thumb Code     2  startup_swm341.o(.text)
    JPEG_Handler                             0x0000026d   Thumb Code     2  startup_swm341.o(.text)
    SDIO_Handler                             0x0000026f   Thumb Code     2  startup_swm341.o(.text)
    USB_Handler                              0x00000271   Thumb Code     2  startup_swm341.o(.text)
    CAN1_Handler                             0x00000273   Thumb Code     2  startup_swm341.o(.text)
    TIMR4_Handler                            0x00000275   Thumb Code     2  startup_swm341.o(.text)
    BTIMR4_Handler                           0x00000277   Thumb Code     2  startup_swm341.o(.text)
    BTIMR5_Handler                           0x00000279   Thumb Code     2  startup_swm341.o(.text)
    BTIMR6_Handler                           0x0000027b   Thumb Code     2  startup_swm341.o(.text)
    BTIMR7_Handler                           0x0000027d   Thumb Code     2  startup_swm341.o(.text)
    BTIMR8_Handler                           0x0000027f   Thumb Code     2  startup_swm341.o(.text)
    BTIMR9_Handler                           0x00000281   Thumb Code     2  startup_swm341.o(.text)
    BTIMR10_Handler                          0x00000283   Thumb Code     2  startup_swm341.o(.text)
    BTIMR11_Handler                          0x00000285   Thumb Code     2  startup_swm341.o(.text)
    DMA2D_Handler                            0x00000287   Thumb Code     2  startup_swm341.o(.text)
    QEI_Handler                              0x00000289   Thumb Code     2  startup_swm341.o(.text)
    __aeabi_memcpy                           0x00000295   Thumb Code    36  memcpya.o(.text)
    __aeabi_memcpy4                          0x00000295   Thumb Code     0  memcpya.o(.text)
    __aeabi_memcpy8                          0x00000295   Thumb Code     0  memcpya.o(.text)
    __scatterload                            0x000002b9   Thumb Code    28  init.o(.text)
    __scatterload_rt2                        0x000002b9   Thumb Code     0  init.o(.text)
    FPU_Enable                               0x00000465   Thumb Code    18  system_swm341.o(.text.FPU_Enable)
    Flash_Param_at_xMHz                      0x00000479   Thumb Code   158  swm341_flash.o(.text.Flash_Param_at_xMHz)
    GPIO_ClrBit                              0x00000519   Thumb Code    10  swm341_gpio.o(.text.GPIO_ClrBit)
    GPIO_GetBit                              0x00000525   Thumb Code     8  swm341_gpio.o(.text.GPIO_GetBit)
    GPIO_Init                                0x0000052d   Thumb Code   356  swm341_gpio.o(.text.GPIO_Init)
    GPIO_SetBit                              0x00000691   Thumb Code    10  swm341_gpio.o(.text.GPIO_SetBit)
    LCD_Handler                              0x0000069d   Thumb Code    24  lcd.o(.text.LCD_Handler)
    LCD_INTClr                               0x000006b5   Thumb Code     6  swm341_lcd.o(.text.LCD_INTClr)
    LCD_Start                                0x000006bd   Thumb Code    10  swm341_lcd.o(.text.LCD_Start)
    PLLInit                                  0x000006c9   Thumb Code   124  system_swm341.o(.text.PLLInit)
    PORT_Init                                0x00000745   Thumb Code    74  swm341_port.o(.text.PORT_Init)
    SystemCoreClockUpdate                    0x00000791   Thumb Code   202  system_swm341.o(.text.SystemCoreClockUpdate)
    SystemInit                               0x0000085d   Thumb Code   160  system_swm341.o(.text.SystemInit)
    UART2_Handler                            0x000008fd   Thumb Code   176  rs485.o(.text.UART2_Handler)
    UART_Close                               0x000009ad   Thumb Code    10  swm341_uart.o(.text.UART_Close)
    UART_INTClr                              0x000009b9   Thumb Code    16  swm341_uart.o(.text.UART_INTClr)
    UART_INTDis                              0x000009c9   Thumb Code    10  swm341_uart.o(.text.UART_INTDis)
    UART_INTEn                               0x000009d5   Thumb Code     8  swm341_uart.o(.text.UART_INTEn)
    UART_INTStat                             0x000009dd   Thumb Code    54  swm341_uart.o(.text.UART_INTStat)
    UART_Init                                0x00000a15   Thumb Code   312  swm341_uart.o(.text.UART_Init)
    UART_IsRXFIFOEmpty                       0x00000b5d   Thumb Code    10  swm341_uart.o(.text.UART_IsRXFIFOEmpty)
    UART_IsTXFIFOFull                        0x00000b69   Thumb Code     8  swm341_uart.o(.text.UART_IsTXFIFOFull)
    UART_Open                                0x00000b71   Thumb Code    10  swm341_uart.o(.text.UART_Open)
    UART_ReadByte                            0x00000b7d   Thumb Code    16  swm341_uart.o(.text.UART_ReadByte)
    UART_WriteByte                           0x00000b8d   Thumb Code     4  swm341_uart.o(.text.UART_WriteByte)
    clear_uart2_msgStatus                    0x00000bc9   Thumb Code    14  rs485.o(.text.clear_uart2_msgStatus)
    get_uart2_msgStatus                      0x00000c11   Thumb Code    12  rs485.o(.text.get_uart2_msgStatus)
    main                                     0x00000c1d   Thumb Code   106  main.o(.text.main)
    switchTo20MHz                            0x00000c89   Thumb Code    32  system_swm341.o(.text.switchTo20MHz)
    switchToPLL                              0x00000ca9   Thumb Code    66  system_swm341.o(.text.switchToPLL)
    uart2_init                               0x00000ced   Thumb Code    88  rs485.o(.text.uart2_init)
    __scatterload_copy                       0x00000d45   Thumb Code    14  handlers.o(i.__scatterload_copy)
    __scatterload_null                       0x00000d53   Thumb Code     2  handlers.o(i.__scatterload_null)
    __scatterload_zeroinit                   0x00000d55   Thumb Code    14  handlers.o(i.__scatterload_zeroinit)
    Region$$Table$$Base                      0x00000d64   Number         0  anon$$obj.o(Region$$Table)
    Region$$Table$$Limit                     0x00000d84   Number         0  anon$$obj.o(Region$$Table)
    CyclesPerUs                              0x20000000   Data           4  system_swm341.o(.data.CyclesPerUs)
    SystemCoreClock                          0x20000004   Data           4  system_swm341.o(.data.SystemCoreClock)
    CirBuf                                   0x20000008   Data        1032  rs485.o(.bss.CirBuf)
    msg_rcvd                                 0x20000410   Data           1  rs485.o(.bss.msg_rcvd)
    __initial_sp                             0x20004418   Data           0  startup_swm341.o(STACK)



==============================================================================

Memory Map of the image

  Image Entry point : 0x000001a9

  Load Region LR_IROM1 (Base: 0x00000000, Size: 0x00000d90, Max: 0x00080000, ABSOLUTE)

    Execution Region ER_IROM1 (Exec base: 0x00000000, Load base: 0x00000000, Size: 0x00000d84, Max: 0x00080000, ABSOLUTE)

    Exec Addr    Load Addr    Size         Type   Attr      Idx    E Section Name        Object

    0x00000000   0x00000000   0x000001a8   Data   RO            3    RESET               startup_swm341.o
    0x000001a8   0x000001a8   0x00000000   Code   RO          719  * .ARM.Collect$$$$00000000  mc_w.l(entry.o)
    0x000001a8   0x000001a8   0x00000004   Code   RO          726    .ARM.Collect$$$$00000001  mc_w.l(entry2.o)
    0x000001ac   0x000001ac   0x00000004   Code   RO          729    .ARM.Collect$$$$00000004  mc_w.l(entry5.o)
    0x000001b0   0x000001b0   0x00000000   Code   RO          731    .ARM.Collect$$$$00000008  mc_w.l(entry7b.o)
    0x000001b0   0x000001b0   0x00000000   Code   RO          733    .ARM.Collect$$$$0000000A  mc_w.l(entry8b.o)
    0x000001b0   0x000001b0   0x00000008   Code   RO          734    .ARM.Collect$$$$0000000B  mc_w.l(entry9a.o)
    0x000001b8   0x000001b8   0x00000000   Code   RO          736    .ARM.Collect$$$$0000000D  mc_w.l(entry10a.o)
    0x000001b8   0x000001b8   0x00000000   Code   RO          738    .ARM.Collect$$$$0000000F  mc_w.l(entry11a.o)
    0x000001b8   0x000001b8   0x00000004   Code   RO          727    .ARM.Collect$$$$00002712  mc_w.l(entry2.o)
    0x000001bc   0x000001bc   0x000000d8   Code   RO            4    .text               startup_swm341.o
    0x00000294   0x00000294   0x00000024   Code   RO          722    .text               mc_w.l(memcpya.o)
    0x000002b8   0x000002b8   0x00000024   Code   RO          740    .text               mc_w.l(init.o)
    0x000002dc   0x000002dc   0x00000018   Code   RO          493    .text.CirBuf_Count  rs485.o
    0x000002f4   0x000002f4   0x0000000e   Code   RO          479    .text.CirBuf_Empty  rs485.o
    0x00000302   0x00000302   0x00000002   PAD
    0x00000304   0x00000304   0x0000000e   Code   RO          489    .text.CirBuf_Full   rs485.o
    0x00000312   0x00000312   0x00000002   PAD
    0x00000314   0x00000314   0x00000094   Code   RO          481    .text.CirBuf_Read   rs485.o
    0x000003a8   0x000003a8   0x0000001a   Code   RO          491    .text.CirBuf_Space  rs485.o
    0x000003c2   0x000003c2   0x00000002   PAD
    0x000003c4   0x000003c4   0x0000009e   Code   RO          477    .text.CirBuf_Write  rs485.o
    0x00000462   0x00000462   0x00000002   PAD
    0x00000464   0x00000464   0x00000012   Code   RO           17    .text.FPU_Enable    system_swm341.o
    0x00000476   0x00000476   0x00000002   PAD
    0x00000478   0x00000478   0x0000009e   Code   RO           51    .text.Flash_Param_at_xMHz  swm341_flash.o
    0x00000516   0x00000516   0x00000002   PAD
    0x00000518   0x00000518   0x0000000a   Code   RO          518    .text.GPIO_ClrBit   swm341_gpio.o
    0x00000522   0x00000522   0x00000002   PAD
    0x00000524   0x00000524   0x00000008   Code   RO          522    .text.GPIO_GetBit   swm341_gpio.o
    0x0000052c   0x0000052c   0x00000164   Code   RO          514    .text.GPIO_Init     swm341_gpio.o
    0x00000690   0x00000690   0x0000000a   Code   RO          516    .text.GPIO_SetBit   swm341_gpio.o
    0x0000069a   0x0000069a   0x00000002   PAD
    0x0000069c   0x0000069c   0x00000018   Code   RO          103    .text.LCD_Handler   lcd.o
    0x000006b4   0x000006b4   0x00000006   Code   RO          556    .text.LCD_INTClr    swm341_lcd.o
    0x000006ba   0x000006ba   0x00000002   PAD
    0x000006bc   0x000006bc   0x0000000a   Code   RO          548    .text.LCD_Start     swm341_lcd.o
    0x000006c6   0x000006c6   0x00000002   PAD
    0x000006c8   0x000006c8   0x0000007c   Code   RO           31    .text.PLLInit       system_swm341.o
    0x00000744   0x00000744   0x0000004a   Code   RO           65    .text.PORT_Init     swm341_port.o
    0x0000078e   0x0000078e   0x00000002   PAD
    0x00000790   0x00000790   0x000000ca   Code   RO           11    .text.SystemCoreClockUpdate  system_swm341.o
    0x0000085a   0x0000085a   0x00000002   PAD
    0x0000085c   0x0000085c   0x000000a0   Code   RO           13    .text.SystemInit    system_swm341.o
    0x000008fc   0x000008fc   0x000000b0   Code   RO          475    .text.UART2_Handler  rs485.o
    0x000009ac   0x000009ac   0x0000000a   Code   RO          662    .text.UART_Close    swm341_uart.o
    0x000009b6   0x000009b6   0x00000002   PAD
    0x000009b8   0x000009b8   0x00000010   Code   RO          708    .text.UART_INTClr   swm341_uart.o
    0x000009c8   0x000009c8   0x0000000a   Code   RO          706    .text.UART_INTDis   swm341_uart.o
    0x000009d2   0x000009d2   0x00000002   PAD
    0x000009d4   0x000009d4   0x00000008   Code   RO          704    .text.UART_INTEn    swm341_uart.o
    0x000009dc   0x000009dc   0x00000036   Code   RO          710    .text.UART_INTStat  swm341_uart.o
    0x00000a12   0x00000a12   0x00000002   PAD
    0x00000a14   0x00000a14   0x00000148   Code   RO          660    .text.UART_Init     swm341_uart.o
    0x00000b5c   0x00000b5c   0x0000000a   Code   RO          676    .text.UART_IsRXFIFOEmpty  swm341_uart.o
    0x00000b66   0x00000b66   0x00000002   PAD
    0x00000b68   0x00000b68   0x00000008   Code   RO          678    .text.UART_IsTXFIFOFull  swm341_uart.o
    0x00000b70   0x00000b70   0x0000000a   Code   RO          668    .text.UART_Open     swm341_uart.o
    0x00000b7a   0x00000b7a   0x00000002   PAD
    0x00000b7c   0x00000b7c   0x00000010   Code   RO          672    .text.UART_ReadByte  swm341_uart.o
    0x00000b8c   0x00000b8c   0x00000004   Code   RO          670    .text.UART_WriteByte  swm341_uart.o
    0x00000b90   0x00000b90   0x0000001e   Code   RO          666    .text.__NVIC_DisableIRQ  swm341_uart.o
    0x00000bae   0x00000bae   0x00000002   PAD
    0x00000bb0   0x00000bb0   0x00000016   Code   RO          664    .text.__NVIC_EnableIRQ  swm341_uart.o
    0x00000bc6   0x00000bc6   0x00000002   PAD
    0x00000bc8   0x00000bc8   0x0000000e   Code   RO          487    .text.clear_uart2_msgStatus  rs485.o
    0x00000bd6   0x00000bd6   0x00000002   PAD
    0x00000bd8   0x00000bd8   0x00000038   Code   RO           21    .text.delay_3ms     system_swm341.o
    0x00000c10   0x00000c10   0x0000000c   Code   RO          485    .text.get_uart2_msgStatus  rs485.o
    0x00000c1c   0x00000c1c   0x0000006a   Code   RO          505    .text.main          main.o
    0x00000c86   0x00000c86   0x00000002   PAD
    0x00000c88   0x00000c88   0x00000020   Code   RO           19    .text.switchTo20MHz  system_swm341.o
    0x00000ca8   0x00000ca8   0x00000042   Code   RO           15    .text.switchToPLL   system_swm341.o
    0x00000cea   0x00000cea   0x00000002   PAD
    0x00000cec   0x00000cec   0x00000058   Code   RO          483    .text.uart2_init    rs485.o
    0x00000d44   0x00000d44   0x0000000e   Code   RO          744    i.__scatterload_copy  mc_w.l(handlers.o)
    0x00000d52   0x00000d52   0x00000002   Code   RO          745    i.__scatterload_null  mc_w.l(handlers.o)
    0x00000d54   0x00000d54   0x0000000e   Code   RO          746    i.__scatterload_zeroinit  mc_w.l(handlers.o)
    0x00000d62   0x00000d62   0x00000002   PAD
    0x00000d64   0x00000d64   0x00000020   Data   RO          743    Region$$Table       anon$$obj.o


    Execution Region RW_IRAM1 (Exec base: 0x20000000, Load base: 0x00000d88, Size: 0x00004418, Max: 0x00010000, ABSOLUTE)

    Exec Addr    Load Addr    Size         Type   Attr      Idx    E Section Name        Object

    0x20000000   0x00000d88   0x00000004   Data   RW           38    .data.CyclesPerUs   system_swm341.o
    0x20000004   0x00000d8c   0x00000004   Data   RW           37    .data.SystemCoreClock  system_swm341.o
    0x20000008        -       0x00000408   Zero   RW          496    .bss.CirBuf         rs485.o
    0x20000410        -       0x00000001   Zero   RW          495    .bss.msg_rcvd       rs485.o
    0x20000411   0x00000d90   0x00000007   PAD
    0x20000418        -       0x00004000   Zero   RW            1    STACK               startup_swm341.o


==============================================================================

Image component sizes


      Code (inc. data)   RO Data    RW Data    ZI Data      Debug   Object Name

        24          0          0          0          0       5853   lcd.o
       106          0          0          0          0       1602   main.o
       674          0          0          0       1033       3944   rs485.o
       216         10        424          0      16384       4416   startup_swm341.o
       158          0          0          0          0       2139   swm341_flash.o
       384          0          0          0          0       6007   swm341_gpio.o
        16          0          0          0          0       9546   swm341_lcd.o
        74          0          0          0          0       1222   swm341_port.o
       526         20          0          0          0      10288   swm341_uart.o
       658          6          0          8          0       5633   system_swm341.o

    ----------------------------------------------------------------------
      2880         36        456          8      17424      50650   Object Totals
         0          0         32          0          0          0   (incl. Generated)
        44          0          0          0          7          0   (incl. Padding)

    ----------------------------------------------------------------------

      Code (inc. data)   RO Data    RW Data    ZI Data      Debug   Library Member Name

         0          0          0          0          0          0   entry.o
         0          0          0          0          0          0   entry10a.o
         0          0          0          0          0          0   entry11a.o
         8          4          0          0          0          0   entry2.o
         4          0          0          0          0          0   entry5.o
         0          0          0          0          0          0   entry7b.o
         0          0          0          0          0          0   entry8b.o
         8          4          0          0          0          0   entry9a.o
        30          0          0          0          0          0   handlers.o
        36          8          0          0          0         68   init.o
        36          0          0          0          0         68   memcpya.o

    ----------------------------------------------------------------------
       124         16          0          0          0        136   Library Totals
         2          0          0          0          0          0   (incl. Padding)

    ----------------------------------------------------------------------

      Code (inc. data)   RO Data    RW Data    ZI Data      Debug   Library Name

       122         16          0          0          0        136   mc_w.l

    ----------------------------------------------------------------------
       124         16          0          0          0        136   Library Totals

    ----------------------------------------------------------------------

==============================================================================


      Code (inc. data)   RO Data    RW Data    ZI Data      Debug   

      3004         52        456          8      17424      50830   Grand Totals
      3004         52        456          8      17424      50830   ELF Image Totals
      3004         52        456          8          0          0   ROM Totals

==============================================================================

    Total RO  Size (Code + RO Data)                 3460 (   3.38kB)
    Total RW  Size (RW Data + ZI Data)             17432 (  17.02kB)
    Total ROM Size (Code + RO Data + RW Data)       3468 (   3.39kB)

==============================================================================

