Component: ARM Compiler 6.16 Tool: armlink [5dfeaa00]

==============================================================================

Section Cross References

    main.o(.text.main) refers to system_swm341.o(.text.SystemInit) for SystemInit
    main.o(.text.main) refers to dev_systick.o(.text.systick_init) for systick_init
    main.o(.text.main) refers to uart.o(.text.SerialInit) for SerialInit
    main.o(.text.main) refers to printf8.o(i.__0printf$8) for __2printf
    main.o(.text.main) refers to dev_systick.o(.text.systick_delay_ms) for systick_delay_ms
    main.o(.text.main) refers to main.o(.bss.fatfs) for fatfs
    main.o(.text.main) refers to ff.o(.text.f_mount) for f_mount
    main.o(.text.main) refers to main.o(.rodata.str1.1) for .L.str.4
    main.o(.text.main) refers to ff.o(.text.f_open) for f_open
    main.o(.text.main) refers to main.o(.data.str) for str
    main.o(.text.main) refers to strlen.o(.text) for strlen
    main.o(.text.main) refers to ff.o(.text.f_write) for f_write
    main.o(.text.main) refers to ff.o(.text.f_close) for f_close
    main.o(.text.main) refers to main.o(.bss.buf) for buf
    main.o(.text.main) refers to ff.o(.text.f_read) for f_read
    main.o(.text.main) refers to strcmp.o(.text) for strcmp
    main.o(.text.main) refers to puts.o(i.puts) for puts
    main.o(.ARM.exidx.text.main) refers to main.o(.text.main) for [Anonymous Symbol]
    lcd.o(.text.lcd_init) refers to swm341_gpio.o(.text.GPIO_Init) for GPIO_Init
    lcd.o(.text.lcd_init) refers to swm341_gpio.o(.text.GPIO_ClrBit) for GPIO_ClrBit
    lcd.o(.text.lcd_init) refers to swm341_gpio.o(.text.GPIO_SetBit) for GPIO_SetBit
    lcd.o(.text.lcd_init) refers to lcd.o(.text.lcd_port_init) for lcd_port_init
    lcd.o(.text.lcd_init) refers to lcd.o(.data.LCD_Buffer) for LCD_Buffer
    lcd.o(.text.lcd_init) refers to swm341_lcd.o(.text.LCD_Init) for LCD_Init
    lcd.o(.ARM.exidx.text.lcd_init) refers to lcd.o(.text.lcd_init) for [Anonymous Symbol]
    lcd.o(.text.lcd_port_init) refers to swm341_port.o(.text.PORT_Init) for PORT_Init
    lcd.o(.ARM.exidx.text.lcd_port_init) refers to lcd.o(.text.lcd_port_init) for [Anonymous Symbol]
    lcd.o(.text.LCD_Handler) refers to swm341_lcd.o(.text.LCD_INTClr) for LCD_INTClr
    lcd.o(.text.LCD_Handler) refers to swm341_lcd.o(.text.LCD_Start) for LCD_Start
    lcd.o(.ARM.exidx.text.LCD_Handler) refers to lcd.o(.text.LCD_Handler) for [Anonymous Symbol]
    lcd.o(.text.MemoryInit) refers to swm341_port.o(.text.PORT_Init) for PORT_Init
    lcd.o(.text.MemoryInit) refers to swm341_sdram.o(.text.SDRAM_Init) for SDRAM_Init
    lcd.o(.ARM.exidx.text.MemoryInit) refers to lcd.o(.text.MemoryInit) for [Anonymous Symbol]
    lcd.o(.text._HW_DrawPoint) refers to lcd.o(.data.LCD_Buffer) for LCD_Buffer
    lcd.o(.ARM.exidx.text._HW_DrawPoint) refers to lcd.o(.text._HW_DrawPoint) for [Anonymous Symbol]
    lcd.o(.text.ug_init) refers to lcd.o(.bss.gui) for gui
    lcd.o(.text.ug_init) refers to lcd.o(.text._HW_DrawPoint) for _HW_DrawPoint
    lcd.o(.text.ug_init) refers to ugui.o(.text.UG_Init) for UG_Init
    lcd.o(.ARM.exidx.text.ug_init) refers to lcd.o(.text.ug_init) for [Anonymous Symbol]
    ugui.o(.text.UG_Init) refers to ugui.o(.bss.gui) for gui
    ugui.o(.ARM.exidx.text.UG_Init) refers to ugui.o(.text.UG_Init) for [Anonymous Symbol]
    ugui.o(.text.UG_SelectGUI) refers to ugui.o(.bss.gui) for gui
    ugui.o(.ARM.exidx.text.UG_SelectGUI) refers to ugui.o(.text.UG_SelectGUI) for [Anonymous Symbol]
    ugui.o(.text.UG_FontSelect) refers to ugui.o(.bss.gui) for gui
    ugui.o(.ARM.exidx.text.UG_FontSelect) refers to ugui.o(.text.UG_FontSelect) for [Anonymous Symbol]
    ugui.o(.text.UG_FillScreen) refers to ugui.o(.bss.gui) for gui
    ugui.o(.text.UG_FillScreen) refers to ugui.o(.text.UG_FillFrame) for UG_FillFrame
    ugui.o(.ARM.exidx.text.UG_FillScreen) refers to ugui.o(.text.UG_FillScreen) for [Anonymous Symbol]
    ugui.o(.text.UG_FillFrame) refers to ugui.o(.bss.gui) for gui
    ugui.o(.ARM.exidx.text.UG_FillFrame) refers to ugui.o(.text.UG_FillFrame) for [Anonymous Symbol]
    ugui.o(.text.UG_FillRoundFrame) refers to ugui.o(.text.UG_FillFrame) for UG_FillFrame
    ugui.o(.text.UG_FillRoundFrame) refers to ugui.o(.text.UG_DrawLine) for UG_DrawLine
    ugui.o(.ARM.exidx.text.UG_FillRoundFrame) refers to ugui.o(.text.UG_FillRoundFrame) for [Anonymous Symbol]
    ugui.o(.text.UG_DrawLine) refers to ugui.o(.bss.gui) for gui
    ugui.o(.ARM.exidx.text.UG_DrawLine) refers to ugui.o(.text.UG_DrawLine) for [Anonymous Symbol]
    ugui.o(.text.UG_DrawMesh) refers to ugui.o(.bss.gui) for gui
    ugui.o(.ARM.exidx.text.UG_DrawMesh) refers to ugui.o(.text.UG_DrawMesh) for [Anonymous Symbol]
    ugui.o(.text.UG_DrawFrame) refers to ugui.o(.text.UG_DrawLine) for UG_DrawLine
    ugui.o(.ARM.exidx.text.UG_DrawFrame) refers to ugui.o(.text.UG_DrawFrame) for [Anonymous Symbol]
    ugui.o(.text.UG_DrawRoundFrame) refers to ugui.o(.text.UG_DrawLine) for UG_DrawLine
[...]
    Removing system_swm341.o(.ARM.exidx.text.switchTo2M5Hz), (8 bytes).
    Removing system_swm341.o(.text.switchTo40MHz), (32 bytes).
    Removing system_swm341.o(.ARM.exidx.text.switchTo40MHz), (8 bytes).
    Removing system_swm341.o(.text.switchTo5MHz), (58 bytes).
    Removing system_swm341.o(.ARM.exidx.text.switchTo5MHz), (8 bytes).
    Removing system_swm341.o(.text.switchToXTAL), (120 bytes).
    Removing system_swm341.o(.ARM.exidx.text.switchToXTAL), (8 bytes).
    Removing system_swm341.o(.ARM.exidx.text.PLLInit), (8 bytes).
    Removing system_swm341.o(.text.switchTo32KHz), (64 bytes).
    Removing system_swm341.o(.ARM.exidx.text.switchTo32KHz), (8 bytes).
    Removing system_swm341.o(.text.switchToXTAL_32K), (86 bytes).
    Removing system_swm341.o(.ARM.exidx.text.switchToXTAL_32K), (8 bytes).
    Removing swm341_flash.o(.text), (0 bytes).
    Removing swm341_flash.o(.text.FLASH_Erase), (70 bytes).
    Removing swm341_flash.o(.ARM.exidx.text.FLASH_Erase), (8 bytes).
    Removing swm341_flash.o(.text.FLASH_Write), (78 bytes).
    Removing swm341_flash.o(.ARM.exidx.text.FLASH_Write), (8 bytes).
    Removing swm341_flash.o(.ARM.exidx.text.Flash_Param_at_xMHz), (8 bytes).
    Removing swm341_flash.o(.rodata.IAP_Cache_Reset), (4 bytes).
    Removing swm341_flash.o(.rodata.IAP_Flash_Param), (4 bytes).
    Removing swm341_flash.o(.rodata.IAP_Flash_Erase), (4 bytes).
    Removing swm341_flash.o(.rodata.IAP_Flash_Write), (4 bytes).
    Removing swm341_port.o(.text), (0 bytes).
    Removing swm341_port.o(.ARM.exidx.text.PORT_Init), (8 bytes).
    Removing dev_systick.o(.text), (0 bytes).
    Removing dev_systick.o(.ARM.exidx.text.systick_init), (8 bytes).
    Removing dev_systick.o(.ARM.exidx.text.SysTick_Config), (8 bytes).
    Removing dev_systick.o(.text.systick_stop), (18 bytes).
    Removing dev_systick.o(.ARM.exidx.text.systick_stop), (8 bytes).
    Removing dev_systick.o(.ARM.exidx.text.systick_inc_tick), (8 bytes).
    Removing dev_systick.o(.text.systick_get_tick), (12 bytes).
    Removing dev_systick.o(.ARM.exidx.text.systick_get_tick), (8 bytes).
    Removing dev_systick.o(.ARM.exidx.text.systick_delay_ms), (8 bytes).
    Removing dev_systick.o(.text.systick_delay_us), (66 bytes).
    Removing dev_systick.o(.ARM.exidx.text.systick_delay_us), (8 bytes).
    Removing dev_systick.o(.ARM.exidx.text.SysTick_Handler), (8 bytes).
    Removing dev_systick.o(.ARM.exidx.text.__NVIC_SetPriority), (8 bytes).
    Removing swm341_gpio.o(.text), (0 bytes).
    Removing swm341_gpio.o(.text.GPIO_Init), (356 bytes).
    Removing swm341_gpio.o(.ARM.exidx.text.GPIO_Init), (8 bytes).
    Removing swm341_gpio.o(.text.GPIO_SetBit), (10 bytes).
    Removing swm341_gpio.o(.ARM.exidx.text.GPIO_SetBit), (8 bytes).
    Removing swm341_gpio.o(.text.GPIO_ClrBit), (10 bytes).
    Removing swm341_gpio.o(.ARM.exidx.text.GPIO_ClrBit), (8 bytes).
    Removing swm341_gpio.o(.text.GPIO_InvBit), (14 bytes).
    Removing swm341_gpio.o(.ARM.exidx.text.GPIO_InvBit), (8 bytes).
    Removing swm341_gpio.o(.text.GPIO_GetBit), (8 bytes).
    Removing swm341_gpio.o(.ARM.exidx.text.GPIO_GetBit), (8 bytes).
    Removing swm341_gpio.o(.text.GPIO_SetBits), (32 bytes).
    Removing swm341_gpio.o(.ARM.exidx.text.GPIO_SetBits), (8 bytes).
    Removing swm341_gpio.o(.text.GPIO_ClrBits), (34 bytes).
    Removing swm341_gpio.o(.ARM.exidx.text.GPIO_ClrBits), (8 bytes).
    Removing swm341_gpio.o(.text.GPIO_InvBits), (32 bytes).
    Removing swm341_gpio.o(.ARM.exidx.text.GPIO_InvBits), (8 bytes).
    Removing swm341_gpio.o(.text.GPIO_GetBits), (20 bytes).
    Removing swm341_gpio.o(.ARM.exidx.text.GPIO_GetBits), (8 bytes).
    Removing swm341_lcd.o(.text), (0 bytes).
    Removing swm341_lcd.o(.text.LCD_Init), (218 bytes).
    Removing swm341_lcd.o(.ARM.exidx.text.LCD_Init), (8 bytes).
    Removing swm341_lcd.o(.text.__NVIC_EnableIRQ), (16 bytes).
    Removing swm341_lcd.o(.ARM.exidx.text.__NVIC_EnableIRQ), (8 bytes).
    Removing swm341_lcd.o(.text.LCD_LayerInit), (58 bytes).
    Removing swm341_lcd.o(.ARM.exidx.text.LCD_LayerInit), (8 bytes).
    Removing swm341_lcd.o(.text.LCD_SetLayerPos), (40 bytes).
    Removing swm341_lcd.o(.ARM.exidx.text.LCD_SetLayerPos), (8 bytes).
    Removing swm341_lcd.o(.ARM.exidx.text.LCD_Start), (8 bytes).
    Removing swm341_lcd.o(.text.LCD_IsBusy), (8 bytes).
    Removing swm341_lcd.o(.ARM.exidx.text.LCD_IsBusy), (8 bytes).
    Removing swm341_lcd.o(.text.LCD_INTEn), (6 bytes).
    Removing swm341_lcd.o(.ARM.exidx.text.LCD_INTEn), (8 bytes).
    Removing swm341_lcd.o(.text.LCD_INTDis), (6 bytes).
    Removing swm341_lcd.o(.ARM.exidx.text.LCD_INTDis), (8 bytes).
    Removing swm341_lcd.o(.ARM.exidx.text.LCD_INTClr), (8 bytes).
    Removing swm341_lcd.o(.text.LCD_INTStat), (8 bytes).
    Removing swm341_lcd.o(.ARM.exidx.text.LCD_INTStat), (8 bytes).
    Removing swm341_lcd.o(.text.MPULCD_Init), (138 bytes).
    Removing swm341_lcd.o(.ARM.exidx.text.MPULCD_Init), (8 bytes).
    Removing swm341_lcd.o(.text.LCD_WR_REG), (34 bytes).
    Removing swm341_lcd.o(.ARM.exidx.text.LCD_WR_REG), (8 bytes).
    Removing swm341_lcd.o(.text.LCD_WR_DATA), (34 bytes).
    Removing swm341_lcd.o(.ARM.exidx.text.LCD_WR_DATA), (8 bytes).
    Removing swm341_lcd.o(.text.LCD_WriteReg), (54 bytes).
    Removing swm341_lcd.o(.ARM.exidx.text.LCD_WriteReg), (8 bytes).
    Removing swm341_lcd.o(.text.LCD_ReadReg), (36 bytes).
    Removing swm341_lcd.o(.ARM.exidx.text.LCD_ReadReg), (8 bytes).
    Removing swm341_lcd.o(.text.MPULCD_DMAStart), (32 bytes).
    Removing swm341_lcd.o(.ARM.exidx.text.MPULCD_DMAStart), (8 bytes).
    Removing swm341_lcd.o(.text.MPULCD_DMABusy), (8 bytes).
    Removing swm341_lcd.o(.ARM.exidx.text.MPULCD_DMABusy), (8 bytes).
    Removing swm341_pwm.o(.text), (0 bytes).
    Removing swm341_pwm.o(.text.PWM_Init), (320 bytes).
    Removing swm341_pwm.o(.ARM.exidx.text.PWM_Init), (8 bytes).
    Removing swm341_pwm.o(.text.__NVIC_EnableIRQ), (22 bytes).
    Removing swm341_pwm.o(.ARM.exidx.text.__NVIC_EnableIRQ), (8 bytes).
    Removing swm341_pwm.o(.text.PWM_Start), (16 bytes).
    Removing swm341_pwm.o(.ARM.exidx.text.PWM_Start), (8 bytes).
    Removing swm341_pwm.o(.text.PWM_Stop), (18 bytes).
    Removing swm341_pwm.o(.ARM.exidx.text.PWM_Stop), (8 bytes).
    Removing swm341_pwm.o(.text.PWM_Restart), (14 bytes).
    Removing swm341_pwm.o(.ARM.exidx.text.PWM_Restart), (8 bytes).
    Removing swm341_pwm.o(.text.PWM_ReloadEn), (16 bytes).
    Removing swm341_pwm.o(.ARM.exidx.text.PWM_ReloadEn), (8 bytes).
    Removing swm341_pwm.o(.text.PWM_ReloadDis), (18 bytes).
    Removing swm341_pwm.o(.ARM.exidx.text.PWM_ReloadDis), (8 bytes).
    Removing swm341_pwm.o(.text.PWM_BrkInPolarity), (24 bytes).
    Removing swm341_pwm.o(.ARM.exidx.text.PWM_BrkInPolarity), (8 bytes).
    Removing swm341_pwm.o(.text.PWM_BrkConfig), (98 bytes).
    Removing swm341_pwm.o(.ARM.exidx.text.PWM_BrkConfig), (8 bytes).
    Removing swm341_pwm.o(.text.PWM_OvfTrigger), (12 bytes).
    Removing swm341_pwm.o(.ARM.exidx.text.PWM_OvfTrigger), (8 bytes).
    Removing swm341_pwm.o(.text.PWM_CmpTrigger), (48 bytes).
    Removing swm341_pwm.o(.ARM.exidx.text.PWM_CmpTrigger), (8 bytes).
    Removing swm341_pwm.o(.text.PWM_OutMask), (108 bytes).
    Removing swm341_pwm.o(.ARM.exidx.text.PWM_OutMask), (8 bytes).
    Removing swm341_pwm.o(.text.PWM_SetPeriod), (6 bytes).
    Removing swm341_pwm.o(.ARM.exidx.text.PWM_SetPeriod), (8 bytes).
    Removing swm341_pwm.o(.text.PWM_GetPeriod), (8 bytes).
    Removing swm341_pwm.o(.ARM.exidx.text.PWM_GetPeriod), (8 bytes).
    Removing swm341_pwm.o(.text.PWM_SetHDuty), (12 bytes).
    Removing swm341_pwm.o(.ARM.exidx.text.PWM_SetHDuty), (8 bytes).
    Removing swm341_pwm.o(.text.PWM_GetHDuty), (14 bytes).
    Removing swm341_pwm.o(.ARM.exidx.text.PWM_GetHDuty), (8 bytes).
    Removing swm341_pwm.o(.text.PWM_SetHDuty2), (14 bytes).
    Removing swm341_pwm.o(.ARM.exidx.text.PWM_SetHDuty2), (8 bytes).
    Removing swm341_pwm.o(.text.PWM_GetHDuty2), (22 bytes).
    Removing swm341_pwm.o(.ARM.exidx.text.PWM_GetHDuty2), (8 bytes).
    Removing swm341_pwm.o(.text.PWM_SetDeadzone), (12 bytes).
    Removing swm341_pwm.o(.ARM.exidx.text.PWM_SetDeadzone), (8 bytes).
    Removing swm341_pwm.o(.text.PWM_GetDeadzone), (14 bytes).
    Removing swm341_pwm.o(.ARM.exidx.text.PWM_GetDeadzone), (8 bytes).
    Removing swm341_pwm.o(.text.PWM_IntEn), (8 bytes).
    Removing swm341_pwm.o(.ARM.exidx.text.PWM_IntEn), (8 bytes).
    Removing swm341_pwm.o(.text.PWM_IntDis), (10 bytes).
    Removing swm341_pwm.o(.ARM.exidx.text.PWM_IntDis), (8 bytes).
    Removing swm341_pwm.o(.text.PWM_IntClr), (4 bytes).
    Removing swm341_pwm.o(.ARM.exidx.text.PWM_IntClr), (8 bytes).
    Removing swm341_pwm.o(.text.PWM_IntStat), (6 bytes).
    Removing swm341_pwm.o(.ARM.exidx.text.PWM_IntStat), (8 bytes).
    Removing swm341_pwm.o(.text.PWM_BrkIntEn), (16 bytes).
    Removing swm341_pwm.o(.ARM.exidx.text.PWM_BrkIntEn), (8 bytes).
    Removing swm341_pwm.o(.text.PWM_BrkIntDis), (18 bytes).
    Removing swm341_pwm.o(.ARM.exidx.text.PWM_BrkIntDis), (8 bytes).
    Removing swm341_pwm.o(.text.PWM_BrkIntClr), (12 bytes).
    Removing swm341_pwm.o(.ARM.exidx.text.PWM_BrkIntClr), (8 bytes).
    Removing swm341_pwm.o(.text.PWM_BrkIntStat), (14 bytes).
    Removing swm341_pwm.o(.ARM.exidx.text.PWM_BrkIntStat), (8 bytes).
    Removing swm341_sdram.o(.text), (0 bytes).
    Removing swm341_sdram.o(.text.SDRAM_Init), (204 bytes).
    Removing swm341_sdram.o(.ARM.exidx.text.SDRAM_Init), (8 bytes).
    Removing swm341_sdram.o(.text.SDRAM_Enable), (24 bytes).
    Removing swm341_sdram.o(.ARM.exidx.text.SDRAM_Enable), (8 bytes).
    Removing swm341_sdram.o(.text.SDRAM_Disable), (24 bytes).
    Removing swm341_sdram.o(.ARM.exidx.text.SDRAM_Disable), (8 bytes).
    Removing swm341_uart.o(.text), (0 bytes).
    Removing swm341_uart.o(.ARM.exidx.text.UART_Init), (8 bytes).
    Removing swm341_uart.o(.ARM.exidx.text.UART_Close), (8 bytes).
    Removing swm341_uart.o(.ARM.exidx.text.__NVIC_EnableIRQ), (8 bytes).
    Removing swm341_uart.o(.ARM.exidx.text.__NVIC_DisableIRQ), (8 bytes).
    Removing swm341_uart.o(.ARM.exidx.text.UART_Open), (8 bytes).
    Removing swm341_uart.o(.ARM.exidx.text.UART_WriteByte), (8 bytes).
    Removing swm341_uart.o(.ARM.exidx.text.UART_ReadByte), (8 bytes).
    Removing swm341_uart.o(.ARM.exidx.text.UART_IsTXBusy), (8 bytes).
    Removing swm341_uart.o(.ARM.exidx.text.UART_IsRXFIFOEmpty), (8 bytes).
    Removing swm341_uart.o(.text.UART_IsTXFIFOFull), (8 bytes).
    Removing swm341_uart.o(.ARM.exidx.text.UART_IsTXFIFOFull), (8 bytes).
    Removing swm341_uart.o(.text.UART_SetBaudrate), (40 bytes).
    Removing swm341_uart.o(.ARM.exidx.text.UART_SetBaudrate), (8 bytes).
    Removing swm341_uart.o(.text.UART_GetBaudrate), (38 bytes).
    Removing swm341_uart.o(.ARM.exidx.text.UART_GetBaudrate), (8 bytes).
    Removing swm341_uart.o(.text.UART_CTSConfig), (20 bytes).
    Removing swm341_uart.o(.ARM.exidx.text.UART_CTSConfig), (8 bytes).
    Removing swm341_uart.o(.text.UART_CTSLineState), (8 bytes).
    Removing swm341_uart.o(.ARM.exidx.text.UART_CTSLineState), (8 bytes).
    Removing swm341_uart.o(.text.UART_RTSConfig), (30 bytes).
    Removing swm341_uart.o(.ARM.exidx.text.UART_RTSConfig), (8 bytes).
    Removing swm341_uart.o(.text.UART_RTSLineState), (8 bytes).
    Removing swm341_uart.o(.ARM.exidx.text.UART_RTSLineState), (8 bytes).
    Removing swm341_uart.o(.text.UART_LINConfig), (54 bytes).
    Removing swm341_uart.o(.ARM.exidx.text.UART_LINConfig), (8 bytes).
    Removing swm341_uart.o(.text.UART_LINGenerate), (10 bytes).
    Removing swm341_uart.o(.ARM.exidx.text.UART_LINGenerate), (8 bytes).
    Removing swm341_uart.o(.text.UART_LINIsDetected), (8 bytes).
    Removing swm341_uart.o(.ARM.exidx.text.UART_LINIsDetected), (8 bytes).
    Removing swm341_uart.o(.text.UART_LINIsGenerated), (8 bytes).
    Removing swm341_uart.o(.ARM.exidx.text.UART_LINIsGenerated), (8 bytes).
    Removing swm341_uart.o(.text.UART_ABRStart), (64 bytes).
    Removing swm341_uart.o(.ARM.exidx.text.UART_ABRStart), (8 bytes).
    Removing swm341_uart.o(.text.UART_ABRIsDone), (24 bytes).
    Removing swm341_uart.o(.ARM.exidx.text.UART_ABRIsDone), (8 bytes).
    Removing swm341_uart.o(.text.UART_INTEn), (8 bytes).
    Removing swm341_uart.o(.ARM.exidx.text.UART_INTEn), (8 bytes).
    Removing swm341_uart.o(.text.UART_INTDis), (10 bytes).
    Removing swm341_uart.o(.ARM.exidx.text.UART_INTDis), (8 bytes).
    Removing swm341_uart.o(.ARM.exidx.text.UART_INTClr), (8 bytes).
    Removing swm341_uart.o(.ARM.exidx.text.UART_INTStat), (8 bytes).
    Removing diskio.o(.text), (0 bytes).
    Removing diskio.o(.ARM.exidx.text.disk_status), (8 bytes).
    Removing diskio.o(.ARM.exidx.text.disk_initialize), (8 bytes).
    Removing diskio.o(.ARM.exidx.text.disk_read), (8 bytes).
    Removing diskio.o(.ARM.exidx.text.disk_write), (8 bytes).
    Removing diskio.o(.ARM.exidx.text.disk_ioctl), (8 bytes).
    Removing ff.o(.text), (0 bytes).
    Removing ff.o(.ARM.exidx.text.f_mount), (8 bytes).
    Removing ff.o(.ARM.exidx.text.get_ldnumber), (8 bytes).
    Removing ff.o(.ARM.exidx.text.mount_volume), (8 bytes).
    Removing ff.o(.ARM.exidx.text.f_open), (8 bytes).
    Removing ff.o(.ARM.exidx.text.follow_path), (8 bytes).
    Removing ff.o(.ARM.exidx.text.dir_register), (8 bytes).
    Removing ff.o(.ARM.exidx.text.ld_clust), (8 bytes).
    Removing ff.o(.ARM.exidx.text.st_dword), (8 bytes).
    Removing ff.o(.ARM.exidx.text.st_clust), (8 bytes).
    Removing ff.o(.ARM.exidx.text.remove_chain), (8 bytes).
    Removing ff.o(.ARM.exidx.text.move_window), (8 bytes).
    Removing ff.o(.ARM.exidx.text.ld_dword), (8 bytes).
    Removing ff.o(.ARM.exidx.text.mem_set), (8 bytes).
    Removing ff.o(.ARM.exidx.text.get_fat), (8 bytes).
    Removing ff.o(.ARM.exidx.text.clst2sect), (8 bytes).
    Removing ff.o(.ARM.exidx.text.f_read), (8 bytes).
    Removing ff.o(.ARM.exidx.text.validate), (8 bytes).
    Removing ff.o(.ARM.exidx.text.mem_cpy), (8 bytes).
    Removing ff.o(.ARM.exidx.text.f_write), (8 bytes).
    Removing ff.o(.ARM.exidx.text.create_chain), (8 bytes).
    Removing ff.o(.ARM.exidx.text.f_sync), (8 bytes).
    Removing ff.o(.ARM.exidx.text.st_word), (8 bytes).
    Removing ff.o(.ARM.exidx.text.sync_fs), (8 bytes).
    Removing ff.o(.ARM.exidx.text.f_close), (8 bytes).
    Removing ff.o(.text.f_lseek), (362 bytes).
    Removing ff.o(.ARM.exidx.text.f_lseek), (8 bytes).
    Removing ff.o(.text.f_opendir), (108 bytes).
    Removing ff.o(.ARM.exidx.text.f_opendir), (8 bytes).
    Removing ff.o(.ARM.exidx.text.dir_sdi), (8 bytes).
    Removing ff.o(.text.f_closedir), (24 bytes).
    Removing ff.o(.ARM.exidx.text.f_closedir), (8 bytes).
    Removing ff.o(.text.f_readdir), (80 bytes).
    Removing ff.o(.ARM.exidx.text.f_readdir), (8 bytes).
    Removing ff.o(.text.dir_read), (176 bytes).
    Removing ff.o(.ARM.exidx.text.dir_read), (8 bytes).
    Removing ff.o(.text.get_fileinfo), (296 bytes).
    Removing ff.o(.ARM.exidx.text.get_fileinfo), (8 bytes).
    Removing ff.o(.ARM.exidx.text.dir_next), (8 bytes).
    Removing ff.o(.text.f_stat), (66 bytes).
    Removing ff.o(.ARM.exidx.text.f_stat), (8 bytes).
    Removing ff.o(.text.f_getfree), (212 bytes).
    Removing ff.o(.ARM.exidx.text.f_getfree), (8 bytes).
    Removing ff.o(.ARM.exidx.text.ld_word), (8 bytes).
    Removing ff.o(.text.f_truncate), (170 bytes).
    Removing ff.o(.ARM.exidx.text.f_truncate), (8 bytes).
    Removing ff.o(.text.f_unlink), (158 bytes).
    Removing ff.o(.ARM.exidx.text.f_unlink), (8 bytes).
    Removing ff.o(.text.dir_remove), (86 bytes).
    Removing ff.o(.ARM.exidx.text.dir_remove), (8 bytes).
    Removing ff.o(.text.f_mkdir), (250 bytes).
    Removing ff.o(.ARM.exidx.text.f_mkdir), (8 bytes).
    Removing ff.o(.ARM.exidx.text.dir_clear), (8 bytes).
    Removing ff.o(.text.f_rename), (266 bytes).
    Removing ff.o(.ARM.exidx.text.f_rename), (8 bytes).
    Removing ff.o(.text.f_mkfs), (1616 bytes).
    Removing ff.o(.ARM.exidx.text.f_mkfs), (8 bytes).
    Removing ff.o(.text.create_partition), (364 bytes).
    Removing ff.o(.ARM.exidx.text.create_partition), (8 bytes).
    Removing ff.o(.ARM.exidx.text.find_volume), (8 bytes).
    Removing ff.o(.ARM.exidx.text.check_fs), (8 bytes).
    Removing ff.o(.ARM.exidx.text.mem_cmp), (8 bytes).
    Removing ff.o(.ARM.exidx.text.create_name), (8 bytes).
    Removing ff.o(.ARM.exidx.text.dir_find), (8 bytes).
    Removing ff.o(.ARM.exidx.text.tchar2uni), (8 bytes).
    Removing ff.o(.ARM.exidx.text.chk_chr), (8 bytes).
    Removing ff.o(.ARM.exidx.text.cmp_lfn), (8 bytes).
    Removing ff.o(.ARM.exidx.text.sum_sfn), (8 bytes).
    Removing ff.o(.ARM.exidx.text.gen_numname), (8 bytes).
    Removing ff.o(.ARM.exidx.text.dir_alloc), (8 bytes).
    Removing ff.o(.ARM.exidx.text.put_lfn), (8 bytes).
    Removing ff.o(.ARM.exidx.text.put_fat), (8 bytes).
    Removing ff.o(.ARM.exidx.text.sync_window), (8 bytes).
    Removing ff.o(.text.pick_lfn), (146 bytes).
    Removing ff.o(.ARM.exidx.text.pick_lfn), (8 bytes).
    Removing ff.o(.text.put_utf), (52 bytes).
    Removing ff.o(.ARM.exidx.text.put_utf), (8 bytes).
    Removing ff.o(.rodata.str2.2), (28 bytes).
    Removing swm341_sdio.o(.text), (0 bytes).
    Removing swm341_sdio.o(.ARM.exidx.text.SDIO_Init), (8 bytes).
    Removing swm341_sdio.o(.ARM.exidx.text.calcSDCLKDiv), (8 bytes).
    Removing swm341_sdio.o(.ARM.exidx.text._SDIO_SendCmd), (8 bytes).
    Removing swm341_sdio.o(.ARM.exidx.text.parseCID), (8 bytes).
    Removing swm341_sdio.o(.ARM.exidx.text.parseCSD), (8 bytes).
    Removing swm341_sdio.o(.ARM.exidx.text.SDIO_BlockWrite), (8 bytes).
    Removing swm341_sdio.o(.ARM.exidx.text.SDIO_MultiBlockWrite), (8 bytes).
    Removing swm341_sdio.o(.text.SDIO_DMABlockWrite), (90 bytes).
    Removing swm341_sdio.o(.ARM.exidx.text.SDIO_DMABlockWrite), (8 bytes).
    Removing swm341_sdio.o(.ARM.exidx.text.SDIO_BlockRead), (8 bytes).
    Removing swm341_sdio.o(.ARM.exidx.text.SDIO_MultiBlockRead), (8 bytes).
    Removing swm341_sdio.o(.text.SDIO_DMABlockRead), (90 bytes).
    Removing swm341_sdio.o(.ARM.exidx.text.SDIO_DMABlockRead), (8 bytes).
    Removing swm341_sdio.o(.text.SDIO_IO_Init), (170 bytes).
    Removing swm341_sdio.o(.ARM.exidx.text.SDIO_IO_Init), (8 bytes).
    Removing swm341_sdio.o(.text.SDIO_IO_ByteWrite), (46 bytes).
    Removing swm341_sdio.o(.ARM.exidx.text.SDIO_IO_ByteWrite), (8 bytes).
    Removing swm341_sdio.o(.text.SDIO_IO_ByteRead), (48 bytes).
    Removing swm341_sdio.o(.ARM.exidx.text.SDIO_IO_ByteRead), (8 bytes).
    Removing swm341_sdio.o(.text.SDIO_IO_BlockWrite), (134 bytes).
    Removing swm341_sdio.o(.ARM.exidx.text.SDIO_IO_BlockWrite), (8 bytes).
    Removing swm341_sdio.o(.text.SDIO_IO_BlockRead), (130 bytes).
    Removing swm341_sdio.o(.ARM.exidx.text.SDIO_IO_BlockRead), (8 bytes).
    Removing swm341_sdio.o(.text.SDIO_IO_MultiBlockWrite), (138 bytes).
    Removing swm341_sdio.o(.ARM.exidx.text.SDIO_IO_MultiBlockWrite), (8 bytes).
    Removing swm341_sdio.o(.text.SDIO_IO_MultiBlockRead), (138 bytes).
    Removing swm341_sdio.o(.ARM.exidx.text.SDIO_IO_MultiBlockRead), (8 bytes).
    Removing ffunicode.o(.text), (0 bytes).
    Removing ffunicode.o(.ARM.exidx.text.ff_uni2oem), (8 bytes).
    Removing ffunicode.o(.ARM.exidx.text.ff_oem2uni), (8 bytes).
    Removing ffunicode.o(.ARM.exidx.text.ff_wtoupper), (8 bytes).
    Removing dadd.o(.text), (334 bytes).
    Removing dmul.o(.text), (228 bytes).
    Removing ddiv.o(.text), (222 bytes).
    Removing dfixul.o(.text), (48 bytes).
    Removing cdrcmple.o(.text), (48 bytes).
    Removing depilogue.o(.text), (186 bytes).

759 unused section(s) (total 29306 bytes) removed from the image.

==============================================================================

Image Symbol Table

    Local Symbols

    Symbol Name                              Value     Ov Type        Size  Object(Section)

    ../Core/startup_SWM341.s                 0x00000000   Number         0  startup_swm341.o ABSOLUTE
    ../clib/../cmprslib/lz77c.c              0x00000000   Number         0  __dclz77c.o ABSOLUTE
    ../clib/division.s                       0x00000000   Number         0  aeabi_sdiv.o ABSOLUTE
    ../clib/microlib/division.c              0x00000000   Number         0  uidiv.o ABSOLUTE
    ../clib/microlib/division.c              0x00000000   Number         0  uldiv.o ABSOLUTE
    ../clib/microlib/init/entry.s            0x00000000   Number         0  entry.o ABSOLUTE
    ../clib/microlib/init/entry.s            0x00000000   Number         0  entry2.o ABSOLUTE
    ../clib/microlib/init/entry.s            0x00000000   Number         0  entry5.o ABSOLUTE
    ../clib/microlib/init/entry.s            0x00000000   Number         0  entry7a.o ABSOLUTE
    ../clib/microlib/init/entry.s            0x00000000   Number         0  entry7b.o ABSOLUTE
    ../clib/microlib/init/entry.s            0x00000000   Number         0  entry8a.o ABSOLUTE
    ../clib/microlib/init/entry.s            0x00000000   Number         0  entry8b.o ABSOLUTE
    ../clib/microlib/init/entry.s            0x00000000   Number         0  entry9a.o ABSOLUTE
    ../clib/microlib/init/entry.s            0x00000000   Number         0  entry9b.o ABSOLUTE
    ../clib/microlib/init/entry.s            0x00000000   Number         0  entry10a.o ABSOLUTE
    ../clib/microlib/init/entry.s            0x00000000   Number         0  entry10b.o ABSOLUTE
    ../clib/microlib/init/entry.s            0x00000000   Number         0  entry11a.o ABSOLUTE
    ../clib/microlib/init/entry.s            0x00000000   Number         0  entry11b.o ABSOLUTE
    ../clib/microlib/longlong.c              0x00000000   Number         0  llshl.o ABSOLUTE
    ../clib/microlib/longlong.c              0x00000000   Number         0  llushr.o ABSOLUTE
    ../clib/microlib/longlong.c              0x00000000   Number         0  llsshr.o ABSOLUTE
    ../clib/microlib/printf/printf.c         0x00000000   Number         0  printfb.o ABSOLUTE
    ../clib/microlib/printf/printf.c         0x00000000   Number         0  printf0.o ABSOLUTE
    ../clib/microlib/printf/printf.c         0x00000000   Number         0  printf1.o ABSOLUTE
    ../clib/microlib/printf/printf.c         0x00000000   Number         0  printf2.o ABSOLUTE
    ../clib/microlib/printf/printf.c         0x00000000   Number         0  printf3.o ABSOLUTE
    ../clib/microlib/printf/printf.c         0x00000000   Number         0  printf4.o ABSOLUTE
    ../clib/microlib/printf/printf.c         0x00000000   Number         0  printf5.o ABSOLUTE
    ../clib/microlib/printf/printf.c         0x00000000   Number         0  printf6.o ABSOLUTE
    ../clib/microlib/printf/printf.c         0x00000000   Number         0  printf7.o ABSOLUTE
    ../clib/microlib/printf/printf.c         0x00000000   Number         0  printf8.o ABSOLUTE
    ../clib/microlib/printf/printf.c         0x00000000   Number         0  printfa.o ABSOLUTE
    ../clib/microlib/printf/stubs.s          0x00000000   Number         0  printfstubs.o ABSOLUTE
    ../clib/microlib/stdio/puts.c            0x00000000   Number         0  puts.o ABSOLUTE
    ../clib/microlib/stdio/puts.c            0x00000000   Number         0  puts_e.o ABSOLUTE
    ../clib/microlib/stdio/streams.c         0x00000000   Number         0  stdout.o ABSOLUTE
    ../clib/microlib/string/memcpy.c         0x00000000   Number         0  memcpya.o ABSOLUTE
    ../clib/microlib/string/memcpy.c         0x00000000   Number         0  memcpyb.o ABSOLUTE
    ../clib/microlib/string/memset.c         0x00000000   Number         0  memseta.o ABSOLUTE
    ../clib/microlib/string/strcmp.c         0x00000000   Number         0  strcmp.o ABSOLUTE
    ../clib/microlib/string/strlen.c         0x00000000   Number         0  strlen.o ABSOLUTE
    ../clib/microlib/stubs.s                 0x00000000   Number         0  iusefp.o ABSOLUTE
    ../fplib/microlib/fpadd.c                0x00000000   Number         0  dadd.o ABSOLUTE
    ../fplib/microlib/fpdiv.c                0x00000000   Number         0  ddiv.o ABSOLUTE
    ../fplib/microlib/fpepilogue.c           0x00000000   Number         0  depilogue.o ABSOLUTE
    ../fplib/microlib/fpfix.c                0x00000000   Number         0  dfixul.o ABSOLUTE
    ../fplib/microlib/fpmul.c                0x00000000   Number         0  dmul.o ABSOLUTE
    SWM341_flash.c                           0x00000000   Number         0  swm341_flash.o ABSOLUTE
    SWM341_gpio.c                            0x00000000   Number         0  swm341_gpio.o ABSOLUTE
    SWM341_lcd.c                             0x00000000   Number         0  swm341_lcd.o ABSOLUTE
    SWM341_port.c                            0x00000000   Number         0  swm341_port.o ABSOLUTE
    SWM341_pwm.c                             0x00000000   Number         0  swm341_pwm.o ABSOLUTE
    SWM341_sdio.c                            0x00000000   Number         0  swm341_sdio.o ABSOLUTE
    SWM341_sdram.c                           0x00000000   Number         0  swm341_sdram.o ABSOLUTE
    SWM341_uart.c                            0x00000000   Number         0  swm341_uart.o ABSOLUTE
    cdrcmple.s                               0x00000000   Number         0  cdrcmple.o ABSOLUTE
    dc.s                                     0x00000000   Number         0  dc.o ABSOLUTE
    dev_systick.c                            0x00000000   Number         0  dev_systick.o ABSOLUTE
    diskio.c                                 0x00000000   Number         0  diskio.o ABSOLUTE
    ff.c                                     0x00000000   Number         0  ff.o ABSOLUTE
    ffunicode.c                              0x00000000   Number         0  ffunicode.o ABSOLUTE
    handlers.s                               0x00000000   Number         0  handlers.o ABSOLUTE
    init.s                                   0x00000000   Number         0  init.o ABSOLUTE
    lcd.c                                    0x00000000   Number         0  lcd.o ABSOLUTE
    main.c                                   0x00000000   Number         0  main.o ABSOLUTE
    modbus_crc16.c                           0x00000000   Number         0  modbus_crc16.o ABSOLUTE
    rs485.c                                  0x00000000   Number         0  rs485.o ABSOLUTE
    rs485_host.c                             0x00000000   Number         0  rs485_host.o ABSOLUTE
    system_SWM341.c                          0x00000000   Number         0  system_swm341.o ABSOLUTE
    uart.c                                   0x00000000   Number         0  uart.o ABSOLUTE
    ugui.c                                   0x00000000   Number         0  ugui.o ABSOLUTE
    RESET                                    0x00000000   Section      424  startup_swm341.o(RESET)
    .ARM.Collect$$$$00000000                 0x000001a8   Section        0  entry.o(.ARM.Collect$$$$00000000)
    .ARM.Collect$$$$00000001                 0x000001a8   Section        4  entry2.o(.ARM.Collect$$$$00000001)
    .ARM.Collect$$$$00000004                 0x000001ac   Section        4  entry5.o(.ARM.Collect$$$$00000004)
    .ARM.Collect$$$$00000008                 0x000001b0   Section        0  entry7b.o(.ARM.Collect$$$$00000008)
    .ARM.Collect$$$$0000000A                 0x000001b0   Section        0  entry8b.o(.ARM.Collect$$$$0000000A)
    .ARM.Collect$$$$0000000B                 0x000001b0   Section        8  entry9a.o(.ARM.Collect$$$$0000000B)
    __lit__00000000                          0x000001b8   Data           4  entry2.o(.ARM.Collect$$$$00002712)
    .ARM.Collect$$$$0000000D                 0x000001b8   Section        0  entry10a.o(.ARM.Collect$$$$0000000D)
    .ARM.Collect$$$$0000000F                 0x000001b8   Section        0  entry11a.o(.ARM.Collect$$$$0000000F)
    .ARM.Collect$$$$00002712                 0x000001b8   Section        4  entry2.o(.ARM.Collect$$$$00002712)
    $v0                                      0x000001bc   Number         0  startup_swm341.o(.text)
    .text                                    0x000001bc   Section      216  startup_swm341.o(.text)
    .text                                    0x00000294   Section        0  memcpya.o(.text)
    .text                                    0x000002b8   Section        0  memseta.o(.text)
    .text                                    0x000002dc   Section        0  strlen.o(.text)
    .text                                    0x000002ea   Section        0  strcmp.o(.text)
    .text                                    0x00000306   Section        0  uldiv.o(.text)
    .text                                    0x00000368   Section       36  init.o(.text)
    .text                                    0x0000038c   Section        0  llshl.o(.text)
    .text                                    0x000003aa   Section        0  llushr.o(.text)
    .text                                    0x000003ca   Section        0  __dclz77c.o(.text)
    CirBuf_Full                              0x00000429   Thumb Code    14  rs485.o(.text.CirBuf_Full)
    [Anonymous Symbol]                       0x00000428   Section        0  rs485.o(.text.CirBuf_Full)
    CirBuf_Space                             0x00000439   Thumb Code    26  rs485.o(.text.CirBuf_Space)
    [Anonymous Symbol]                       0x00000438   Section        0  rs485.o(.text.CirBuf_Space)
    CirBuf_Write                             0x00000455   Thumb Code   158  rs485.o(.text.CirBuf_Write)
    [Anonymous Symbol]                       0x00000454   Section        0  rs485.o(.text.CirBuf_Write)
    [Anonymous Symbol]                       0x000004f4   Section        0  system_swm341.o(.text.FPU_Enable)
    [Anonymous Symbol]                       0x00000508   Section        0  swm341_flash.o(.text.Flash_Param_at_xMHz)
    [Anonymous Symbol]                       0x000005a8   Section        0  lcd.o(.text.LCD_Handler)
    [Anonymous Symbol]                       0x000005c0   Section        0  swm341_lcd.o(.text.LCD_INTClr)
    [Anonymous Symbol]                       0x000005c8   Section        0  swm341_lcd.o(.text.LCD_Start)
    [Anonymous Symbol]                       0x000005d4   Section        0  system_swm341.o(.text.PLLInit)
    [Anonymous Symbol]                       0x00000650   Section        0  swm341_port.o(.text.PORT_Init)
    [Anonymous Symbol]                       0x0000069c   Section        0  swm341_sdio.o(.text.SDIO_BlockRead)
    [Anonymous Symbol]                       0x00000714   Section        0  swm341_sdio.o(.text.SDIO_BlockWrite)
    [Anonymous Symbol]                       0x0000078c   Section        0  swm341_sdio.o(.text.SDIO_Init)
    [Anonymous Symbol]                       0x000009f0   Section        0  swm341_sdio.o(.text.SDIO_MultiBlockRead)
    [Anonymous Symbol]                       0x00000a78   Section        0  swm341_sdio.o(.text.SDIO_MultiBlockWrite)
    [Anonymous Symbol]                       0x00000b00   Section        0  uart.o(.text.SerialInit)
    SysTick_Config                           0x00000b59   Thumb Code    40  dev_systick.o(.text.SysTick_Config)
    [Anonymous Symbol]                       0x00000b58   Section        0  dev_systick.o(.text.SysTick_Config)
    [Anonymous Symbol]                       0x00000b80   Section        0  dev_systick.o(.text.SysTick_Handler)
    [Anonymous Symbol]                       0x00000b88   Section        0  system_swm341.o(.text.SystemCoreClockUpdate)
    [Anonymous Symbol]                       0x00000c54   Section        0  system_swm341.o(.text.SystemInit)
    [Anonymous Symbol]                       0x00000cf4   Section        0  rs485.o(.text.UART2_Handler)
    [Anonymous Symbol]                       0x00000d60   Section        0  swm341_uart.o(.text.UART_Close)
    [Anonymous Symbol]                       0x00000d6c   Section        0  swm341_uart.o(.text.UART_INTClr)
    [Anonymous Symbol]                       0x00000d7c   Section        0  swm341_uart.o(.text.UART_INTStat)
    [Anonymous Symbol]                       0x00000db4   Section        0  swm341_uart.o(.text.UART_Init)
    [Anonymous Symbol]                       0x00000efc   Section        0  swm341_uart.o(.text.UART_IsRXFIFOEmpty)
    [Anonymous Symbol]                       0x00000f08   Section        0  swm341_uart.o(.text.UART_IsTXBusy)
    [Anonymous Symbol]                       0x00000f14   Section        0  swm341_uart.o(.text.UART_Open)
    [Anonymous Symbol]                       0x00000f20   Section        0  swm341_uart.o(.text.UART_ReadByte)
    [Anonymous Symbol]                       0x00000f30   Section        0  swm341_uart.o(.text.UART_WriteByte)
    [Anonymous Symbol]                       0x00000f34   Section        0  swm341_sdio.o(.text._SDIO_SendCmd)
    __NVIC_DisableIRQ                        0x0000101d   Thumb Code    30  swm341_uart.o(.text.__NVIC_DisableIRQ)
    [Anonymous Symbol]                       0x0000101c   Section        0  swm341_uart.o(.text.__NVIC_DisableIRQ)
    __NVIC_EnableIRQ                         0x0000103d   Thumb Code    22  swm341_uart.o(.text.__NVIC_EnableIRQ)
    [Anonymous Symbol]                       0x0000103c   Section        0  swm341_uart.o(.text.__NVIC_EnableIRQ)
    __NVIC_SetPriority                       0x00001055   Thumb Code    14  dev_systick.o(.text.__NVIC_SetPriority)
    [Anonymous Symbol]                       0x00001054   Section        0  dev_systick.o(.text.__NVIC_SetPriority)
    [Anonymous Symbol]                       0x00001064   Section        0  swm341_sdio.o(.text.calcSDCLKDiv)
    check_fs                                 0x000010d9   Thumb Code   100  ff.o(.text.check_fs)
    [Anonymous Symbol]                       0x000010d8   Section        0  ff.o(.text.check_fs)
    chk_chr                                  0x00001149   Thumb Code    18  ff.o(.text.chk_chr)
    [Anonymous Symbol]                       0x00001148   Section        0  ff.o(.text.chk_chr)
    clst2sect                                0x0000115d   Thumb Code    24  ff.o(.text.clst2sect)
    [Anonymous Symbol]                       0x0000115c   Section        0  ff.o(.text.clst2sect)
    cmp_lfn                                  0x00001175   Thumb Code   154  ff.o(.text.cmp_lfn)
    [Anonymous Symbol]                       0x00001174   Section        0  ff.o(.text.cmp_lfn)
    create_chain                             0x00001211   Thumb Code   294  ff.o(.text.create_chain)
    [Anonymous Symbol]                       0x00001210   Section        0  ff.o(.text.create_chain)
    create_name                              0x00001339   Thumb Code   648  ff.o(.text.create_name)
    [Anonymous Symbol]                       0x00001338   Section        0  ff.o(.text.create_name)
    delay_3ms                                0x000015d5   Thumb Code    56  system_swm341.o(.text.delay_3ms)
    [Anonymous Symbol]                       0x000015d4   Section        0  system_swm341.o(.text.delay_3ms)
    dir_alloc                                0x0000160d   Thumb Code    78  ff.o(.text.dir_alloc)
    [Anonymous Symbol]                       0x0000160c   Section        0  ff.o(.text.dir_alloc)
    dir_clear                                0x0000165d   Thumb Code    94  ff.o(.text.dir_clear)
    [Anonymous Symbol]                       0x0000165c   Section        0  ff.o(.text.dir_clear)
    dir_find                                 0x000016bd   Thumb Code   222  ff.o(.text.dir_find)
    [Anonymous Symbol]                       0x000016bc   Section        0  ff.o(.text.dir_find)
    dir_next                                 0x0000179d   Thumb Code   234  ff.o(.text.dir_next)
    [Anonymous Symbol]                       0x0000179c   Section        0  ff.o(.text.dir_next)
    dir_register                             0x00001889   Thumb Code   328  ff.o(.text.dir_register)
    [Anonymous Symbol]                       0x00001888   Section        0  ff.o(.text.dir_register)
    dir_sdi                                  0x000019d1   Thumb Code   162  ff.o(.text.dir_sdi)
    [Anonymous Symbol]                       0x000019d0   Section        0  ff.o(.text.dir_sdi)
    [Anonymous Symbol]                       0x00001a74   Section        0  diskio.o(.text.disk_initialize)
    [Anonymous Symbol]                       0x00001af4   Section        0  diskio.o(.text.disk_ioctl)
    [Anonymous Symbol]                       0x00001b00   Section        0  diskio.o(.text.disk_read)
    [Anonymous Symbol]                       0x00001b2c   Section        0  diskio.o(.text.disk_status)
    [Anonymous Symbol]                       0x00001b48   Section        0  diskio.o(.text.disk_write)
    [Anonymous Symbol]                       0x00001b74   Section        0  ff.o(.text.f_close)
    [Anonymous Symbol]                       0x00001b98   Section        0  ff.o(.text.f_mount)
    [Anonymous Symbol]                       0x00001bf0   Section        0  ff.o(.text.f_open)
    [Anonymous Symbol]                       0x00001e04   Section        0  ff.o(.text.f_read)
    [Anonymous Symbol]                       0x00001f7c   Section        0  ff.o(.text.f_sync)
    [Anonymous Symbol]                       0x00002014   Section        0  ff.o(.text.f_write)
    [Anonymous Symbol]                       0x000021bc   Section        0  ffunicode.o(.text.ff_oem2uni)
    [Anonymous Symbol]                       0x000021e8   Section        0  ffunicode.o(.text.ff_uni2oem)
    [Anonymous Symbol]                       0x0000222c   Section        0  ffunicode.o(.text.ff_wtoupper)
    find_volume                              0x000022dd   Thumb Code    86  ff.o(.text.find_volume)
    [Anonymous Symbol]                       0x000022dc   Section        0  ff.o(.text.find_volume)
    follow_path                              0x00002335   Thumb Code   148  ff.o(.text.follow_path)
    [Anonymous Symbol]                       0x00002334   Section        0  ff.o(.text.follow_path)
    [Anonymous Symbol]                       0x000023c8   Section        0  uart.o(.text.fputc)
    gen_numname                              0x000023ed   Thumb Code   156  ff.o(.text.gen_numname)
    [Anonymous Symbol]                       0x000023ec   Section        0  ff.o(.text.gen_numname)
    get_fat                                  0x00002489   Thumb Code   186  ff.o(.text.get_fat)
    [Anonymous Symbol]                       0x00002488   Section        0  ff.o(.text.get_fat)
    get_ldnumber                             0x00002545   Thumb Code   184  ff.o(.text.get_ldnumber)
    [Anonymous Symbol]                       0x00002544   Section        0  ff.o(.text.get_ldnumber)
    VolumeStr                                0x000025fc   Number         0  ff.o(.text.get_ldnumber)
    ld_clust                                 0x00002609   Thumb Code    38  ff.o(.text.ld_clust)
    [Anonymous Symbol]                       0x00002608   Section        0  ff.o(.text.ld_clust)
    ld_dword                                 0x00002631   Thumb Code     4  ff.o(.text.ld_dword)
    [Anonymous Symbol]                       0x00002630   Section        0  ff.o(.text.ld_dword)
    ld_word                                  0x00002635   Thumb Code     4  ff.o(.text.ld_word)
    [Anonymous Symbol]                       0x00002634   Section        0  ff.o(.text.ld_word)
    [Anonymous Symbol]                       0x00002638   Section        0  main.o(.text.main)
    mem_cmp                                  0x000027ad   Thumb Code    32  ff.o(.text.mem_cmp)
    [Anonymous Symbol]                       0x000027ac   Section        0  ff.o(.text.mem_cmp)
    mem_cpy                                  0x000027cd   Thumb Code    18  ff.o(.text.mem_cpy)
    [Anonymous Symbol]                       0x000027cc   Section        0  ff.o(.text.mem_cpy)
    mem_set                                  0x000027e1   Thumb Code    14  ff.o(.text.mem_set)
    [Anonymous Symbol]                       0x000027e0   Section        0  ff.o(.text.mem_set)
    mount_volume                             0x000027f1   Thumb Code   602  ff.o(.text.mount_volume)
    [Anonymous Symbol]                       0x000027f0   Section        0  ff.o(.text.mount_volume)
    move_window                              0x00002a4d   Thumb Code    62  ff.o(.text.move_window)
    [Anonymous Symbol]                       0x00002a4c   Section        0  ff.o(.text.move_window)
    [Anonymous Symbol]                       0x00002a8c   Section        0  swm341_sdio.o(.text.parseCID)
    [Anonymous Symbol]                       0x00002b40   Section        0  swm341_sdio.o(.text.parseCSD)
    put_fat                                  0x00002ced   Thumb Code   260  ff.o(.text.put_fat)
    [Anonymous Symbol]                       0x00002cec   Section        0  ff.o(.text.put_fat)
    put_lfn                                  0x00002df1   Thumb Code   140  ff.o(.text.put_lfn)
    [Anonymous Symbol]                       0x00002df0   Section        0  ff.o(.text.put_lfn)
    remove_chain                             0x00002e7d   Thumb Code   140  ff.o(.text.remove_chain)
    [Anonymous Symbol]                       0x00002e7c   Section        0  ff.o(.text.remove_chain)
    st_clust                                 0x00002f09   Thumb Code    38  ff.o(.text.st_clust)
    [Anonymous Symbol]                       0x00002f08   Section        0  ff.o(.text.st_clust)
    st_dword                                 0x00002f31   Thumb Code     4  ff.o(.text.st_dword)
    [Anonymous Symbol]                       0x00002f30   Section        0  ff.o(.text.st_dword)
    st_word                                  0x00002f35   Thumb Code     4  ff.o(.text.st_word)
    [Anonymous Symbol]                       0x00002f34   Section        0  ff.o(.text.st_word)
    sum_sfn                                  0x00002f39   Thumb Code    36  ff.o(.text.sum_sfn)
    [Anonymous Symbol]                       0x00002f38   Section        0  ff.o(.text.sum_sfn)
    [Anonymous Symbol]                       0x00002f5c   Section        0  system_swm341.o(.text.switchTo20MHz)
    [Anonymous Symbol]                       0x00002f7c   Section        0  system_swm341.o(.text.switchToPLL)
    sync_fs                                  0x00002fc1   Thumb Code   148  ff.o(.text.sync_fs)
    [Anonymous Symbol]                       0x00002fc0   Section        0  ff.o(.text.sync_fs)
    sync_window                              0x00003055   Thumb Code    72  ff.o(.text.sync_window)
    [Anonymous Symbol]                       0x00003054   Section        0  ff.o(.text.sync_window)
    [Anonymous Symbol]                       0x0000309c   Section        0  dev_systick.o(.text.systick_delay_ms)
    [Anonymous Symbol]                       0x000030b4   Section        0  dev_systick.o(.text.systick_inc_tick)
    [Anonymous Symbol]                       0x000030c4   Section        0  dev_systick.o(.text.systick_init)
    tchar2uni                                0x000030ed   Thumb Code    34  ff.o(.text.tchar2uni)
    [Anonymous Symbol]                       0x000030ec   Section        0  ff.o(.text.tchar2uni)
    validate                                 0x00003111   Thumb Code    62  ff.o(.text.validate)
    [Anonymous Symbol]                       0x00003110   Section        0  ff.o(.text.validate)
    i.__0printf$8                            0x00003150   Section        0  printf8.o(i.__0printf$8)
    i.__scatterload_copy                     0x00003170   Section       14  handlers.o(i.__scatterload_copy)
    i.__scatterload_null                     0x0000317e   Section        2  handlers.o(i.__scatterload_null)
    i.__scatterload_zeroinit                 0x00003180   Section       14  handlers.o(i.__scatterload_zeroinit)
    _printf_core                             0x00003191   Thumb Code   996  printf8.o(i._printf_core)
    i._printf_core                           0x00003190   Section        0  printf8.o(i._printf_core)
    _printf_post_padding                     0x000035a1   Thumb Code    36  printf8.o(i._printf_post_padding)
    i._printf_post_padding                   0x000035a0   Section        0  printf8.o(i._printf_post_padding)
    _printf_pre_padding                      0x000035c5   Thumb Code    46  printf8.o(i._printf_pre_padding)
    i._printf_pre_padding                    0x000035c4   Section        0  printf8.o(i._printf_pre_padding)
    i.puts                                   0x000035f4   Section        0  puts.o(i.puts)
    ExCvt                                    0x00003618   Data         128  ff.o(.rodata.ExCvt)
    [Anonymous Symbol]                       0x00003618   Section        0  ff.o(.rodata.ExCvt)
    LfnOfs                                   0x00003698   Data          13  ff.o(.rodata.LfnOfs)
    [Anonymous Symbol]                       0x00003698   Section        0  ff.o(.rodata.LfnOfs)
    .Lstr.12                                 0x000036a5   Data          29  main.o(.rodata.str1.1)
    [Anonymous Symbol]                       0x000036a5   Section        0  main.o(.rodata.str1.1)
    .L.str.4                                 0x000036c2   Data          12  main.o(.rodata.str1.1)
    [Anonymous Symbol]                       0x000036ce   Section        0  ff.o(.rodata.str1.1)
    ff_wtoupper.cvt2                         0x000036da   Data         188  ffunicode.o(.rodata.str2.2)
    [Anonymous Symbol]                       0x000036da   Section        0  ffunicode.o(.rodata.str2.2)
    ff_wtoupper.cvt1                         0x00003796   Data         498  ffunicode.o(.rodata.str2.2)
    uc437                                    0x00003988   Data         256  ffunicode.o(.rodata.uc437)
    [Anonymous Symbol]                       0x00003988   Section        0  ffunicode.o(.rodata.uc437)
    .data                                    0x20000000   Section        4  stdout.o(.data)
    FatFs                                    0x20000798   Data          12  ff.o(.bss.FatFs)
    [Anonymous Symbol]                       0x20000798   Section        0  ff.o(.bss.FatFs)
    Fsid                                     0x200007a4   Data           2  ff.o(.bss.Fsid)
    [Anonymous Symbol]                       0x200007a4   Section        0  ff.o(.bss.Fsid)
    LfnBuf                                   0x200007a6   Data         512  ff.o(.bss.LfnBuf)
    [Anonymous Symbol]                       0x200007a6   Section        0  ff.o(.bss.LfnBuf)
    Systick_Tick                             0x200009f8   Data           4  dev_systick.o(.bss.Systick_Tick)
    [Anonymous Symbol]                       0x200009f8   Section        0  dev_systick.o(.bss.Systick_Tick)
    sd_initialized                           0x20001034   Data           1  diskio.o(.bss.sd_initialized)
    [Anonymous Symbol]                       0x20001034   Section        0  diskio.o(.bss.sd_initialized)
    STACK                                    0x20001038   Section    16384  startup_swm341.o(STACK)

    Global Symbols

    Symbol Name                              Value     Ov Type        Size  Object(Section)

    BuildAttributes$$THM_ISAv4$E$P$D$K$B$S$7EM$8M$VFPi5$EXTD16$VFPS$VFMA$PE$A:L22UL41UL21$X:L11$S22US41US21$IEEE1$IW$~IW$USESV6$~STKCKD$USESV7$~SHL$OTIME$ROPI$EBA8$MICROLIB$REQ8$PRES8$EABIv2 0x00000000   Number         0  anon$$obj.o ABSOLUTE
    __Vectors                                0x00000000   Data           4  startup_swm341.o(RESET)
    _printf_a                                0x00000000   Number         0  printfstubs.o ABSOLUTE
    _printf_c                                0x00000000   Number         0  printfstubs.o ABSOLUTE
    _printf_charcount                        0x00000000   Number         0  printfstubs.o ABSOLUTE
    _printf_d                                0x00000000   Number         0  printfstubs.o ABSOLUTE
    _printf_e                                0x00000000   Number         0  printfstubs.o ABSOLUTE
    _printf_f                                0x00000000   Number         0  printfstubs.o ABSOLUTE
    _printf_flags                            0x00000000   Number         0  printfstubs.o ABSOLUTE
    _printf_fp_dec                           0x00000000   Number         0  printfstubs.o ABSOLUTE
    _printf_fp_hex                           0x00000000   Number         0  printfstubs.o ABSOLUTE
    _printf_g                                0x00000000   Number         0  printfstubs.o ABSOLUTE
    _printf_i                                0x00000000   Number         0  printfstubs.o ABSOLUTE
    _printf_int_dec                          0x00000000   Number         0  printfstubs.o ABSOLUTE
    _printf_l                                0x00000000   Number         0  printfstubs.o ABSOLUTE
    _printf_lc                               0x00000000   Number         0  printfstubs.o ABSOLUTE
    _printf_ll                               0x00000000   Number         0  printfstubs.o ABSOLUTE
    _printf_lld                              0x00000000   Number         0  printfstubs.o ABSOLUTE
    _printf_lli                              0x00000000   Number         0  printfstubs.o ABSOLUTE
    _printf_llo                              0x00000000   Number         0  printfstubs.o ABSOLUTE
    _printf_llu                              0x00000000   Number         0  printfstubs.o ABSOLUTE
    _printf_llx                              0x00000000   Number         0  printfstubs.o ABSOLUTE
    _printf_longlong_dec                     0x00000000   Number         0  printfstubs.o ABSOLUTE
    _printf_longlong_hex                     0x00000000   Number         0  printfstubs.o ABSOLUTE
    _printf_longlong_oct                     0x00000000   Number         0  printfstubs.o ABSOLUTE
    _printf_ls                               0x00000000   Number         0  printfstubs.o ABSOLUTE
    _printf_mbtowc                           0x00000000   Number         0  printfstubs.o ABSOLUTE
    _printf_n                                0x00000000   Number         0  printfstubs.o ABSOLUTE
    _printf_o                                0x00000000   Number         0  printfstubs.o ABSOLUTE
    _printf_p                                0x00000000   Number         0  printfstubs.o ABSOLUTE
    _printf_percent                          0x00000000   Number         0  printfstubs.o ABSOLUTE
    _printf_pre_padding                      0x00000000   Number         0  printfstubs.o ABSOLUTE
    _printf_return_value                     0x00000000   Number         0  printfstubs.o ABSOLUTE
    _printf_s                                0x00000000   Number         0  printfstubs.o ABSOLUTE
    _printf_sizespec                         0x00000000   Number         0  printfstubs.o ABSOLUTE
    _printf_str                              0x00000000   Number         0  printfstubs.o ABSOLUTE
    _printf_truncate_signed                  0x00000000   Number         0  printfstubs.o ABSOLUTE
    _printf_truncate_unsigned                0x00000000   Number         0  printfstubs.o ABSOLUTE
    _printf_u                                0x00000000   Number         0  printfstubs.o ABSOLUTE
    _printf_wc                               0x00000000   Number         0  printfstubs.o ABSOLUTE
    _printf_wctomb                           0x00000000   Number         0  printfstubs.o ABSOLUTE
    _printf_widthprec                        0x00000000   Number         0  printfstubs.o ABSOLUTE
    _printf_x                                0x00000000   Number         0  printfstubs.o ABSOLUTE
    __cpp_initialize__aeabi_                  - Undefined Weak Reference
    __cxa_finalize                            - Undefined Weak Reference
    _clock_init                               - Undefined Weak Reference
    _microlib_exit                            - Undefined Weak Reference
    __Vectors_End                            0x000001a8   Data           0  startup_swm341.o(RESET)
    __Vectors_Size                           0x000001a8   Number         0  startup_swm341.o ABSOLUTE
    __main                                   0x000001a9   Thumb Code     0  entry.o(.ARM.Collect$$$$00000000)
    _main_stk                                0x000001a9   Thumb Code     0  entry2.o(.ARM.Collect$$$$00000001)
    _main_scatterload                        0x000001ad   Thumb Code     0  entry5.o(.ARM.Collect$$$$00000004)
    __main_after_scatterload                 0x000001b1   Thumb Code     0  entry5.o(.ARM.Collect$$$$00000004)
    _main_clock                              0x000001b1   Thumb Code     0  entry7b.o(.ARM.Collect$$$$00000008)
    _main_cpp_init                           0x000001b1   Thumb Code     0  entry8b.o(.ARM.Collect$$$$0000000A)
    _main_init                               0x000001b1   Thumb Code     0  entry9a.o(.ARM.Collect$$$$0000000B)
    __rt_final_cpp                           0x000001b9   Thumb Code     0  entry10a.o(.ARM.Collect$$$$0000000D)
    __rt_final_exit                          0x000001b9   Thumb Code     0  entry11a.o(.ARM.Collect$$$$0000000F)
    Reset_Handler                            0x000001bd   Thumb Code     8  startup_swm341.o(.text)
    NMI_Handler                              0x000001c5   Thumb Code     2  startup_swm341.o(.text)
    HardFault_Handler                        0x000001c7   Thumb Code     2  startup_swm341.o(.text)
    MemManage_Handler                        0x000001c9   Thumb Code     2  startup_swm341.o(.text)
    BusFault_Handler                         0x000001cb   Thumb Code     2  startup_swm341.o(.text)
    UsageFault_Handler                       0x000001cd   Thumb Code     2  startup_swm341.o(.text)
    SVC_Handler                              0x000001cf   Thumb Code     2  startup_swm341.o(.text)
    DebugMon_Handler                         0x000001d1   Thumb Code     2  startup_swm341.o(.text)
    PendSV_Handler                           0x000001d3   Thumb Code     2  startup_swm341.o(.text)
    UART0_Handler                            0x000001d7   Thumb Code     2  startup_swm341.o(.text)
    UART1_Handler                            0x000001d9   Thumb Code     2  startup_swm341.o(.text)
    TIMR0_Handler                            0x000001db   Thumb Code     2  startup_swm341.o(.text)
    TIMR1_Handler                            0x000001dd   Thumb Code     2  startup_swm341.o(.text)
    DMA_Handler                              0x000001df   Thumb Code     2  startup_swm341.o(.text)
    SPI0_Handler                             0x000001e1   Thumb Code     2  startup_swm341.o(.text)
    PWM0_Handler                             0x000001e3   Thumb Code     2  startup_swm341.o(.text)
    WDT_Handler                              0x000001e5   Thumb Code     2  startup_swm341.o(.text)
    PWM1_Handler                             0x000001e9   Thumb Code     2  startup_swm341.o(.text)
    ADC0_Handler                             0x000001eb   Thumb Code     2  startup_swm341.o(.text)
    BTIMR0_Handler                           0x000001ed   Thumb Code     2  startup_swm341.o(.text)
    HALL0_Handler                            0x000001ef   Thumb Code     2  startup_swm341.o(.text)
    PWM2_Handler                             0x000001f1   Thumb Code     2  startup_swm341.o(.text)
    PWMBRK_Handler                           0x000001f3   Thumb Code     2  startup_swm341.o(.text)
    I2C0_Handler                             0x000001f5   Thumb Code     2  startup_swm341.o(.text)
    CAN0_Handler                             0x000001f7   Thumb Code     2  startup_swm341.o(.text)
    SPI1_Handler                             0x000001f9   Thumb Code     2  startup_swm341.o(.text)
    RTC_Handler                              0x000001fb   Thumb Code     2  startup_swm341.o(.text)
    PWM3_Handler                             0x000001fd   Thumb Code     2  startup_swm341.o(.text)
    TIMR2_Handler                            0x000001ff   Thumb Code     2  startup_swm341.o(.text)
    UART3_Handler                            0x00000201   Thumb Code     2  startup_swm341.o(.text)
    TIMR3_Handler                            0x00000203   Thumb Code     2  startup_swm341.o(.text)
    ADC1_Handler                             0x00000205   Thumb Code     2  startup_swm341.o(.text)
    BOD_Handler                              0x00000207   Thumb Code     2  startup_swm341.o(.text)
    CORDIC_Handler                           0x00000209   Thumb Code     2  startup_swm341.o(.text)
    BTIMR1_Handler                           0x0000020b   Thumb Code     2  startup_swm341.o(.text)
    PWM4_Handler                             0x0000020d   Thumb Code     2  startup_swm341.o(.text)
    HALL3_Handler                            0x0000020f   Thumb Code     2  startup_swm341.o(.text)
    BTIMR2_Handler                           0x00000211   Thumb Code     2  startup_swm341.o(.text)
    I2C1_Handler                             0x00000213   Thumb Code     2  startup_swm341.o(.text)
    BTIMR3_Handler                           0x00000215   Thumb Code     2  startup_swm341.o(.text)
    ACMP_Handler                             0x00000217   Thumb Code     2  startup_swm341.o(.text)
    XTALSTOP_Handler                         0x00000219   Thumb Code     2  startup_swm341.o(.text)
    FSPI_Handler                             0x0000021b   Thumb Code     2  startup_swm341.o(.text)
    GPIOA_Handler                            0x0000021d   Thumb Code     2  startup_swm341.o(.text)
    GPIOB_Handler                            0x0000021f   Thumb Code     2  startup_swm341.o(.text)
    GPIOC_Handler                            0x00000221   Thumb Code     2  startup_swm341.o(.text)
    GPIOD_Handler                            0x00000223   Thumb Code     2  startup_swm341.o(.text)
    GPIOM_Handler                            0x00000225   Thumb Code     2  startup_swm341.o(.text)
    GPION_Handler                            0x00000227   Thumb Code     2  startup_swm341.o(.text)
    GPIOA0_Handler                           0x00000229   Thumb Code     2  startup_swm341.o(.text)
    GPIOA1_Handler                           0x0000022b   Thumb Code     2  startup_swm341.o(.text)
    GPIOA5_Handler                           0x0000022d   Thumb Code     2  startup_swm341.o(.text)
    GPIOA6_Handler                           0x0000022f   Thumb Code     2  startup_swm341.o(.text)
    GPIOA10_Handler                          0x00000231   Thumb Code     2  startup_swm341.o(.text)
    GPIOA11_Handler                          0x00000233   Thumb Code     2  startup_swm341.o(.text)
    GPIOA12_Handler                          0x00000235   Thumb Code     2  startup_swm341.o(.text)
    GPIOA13_Handler                          0x00000237   Thumb Code     2  startup_swm341.o(.text)
    GPIOB0_Handler                           0x00000239   Thumb Code     2  startup_swm341.o(.text)
    GPIOB1_Handler                           0x0000023b   Thumb Code     2  startup_swm341.o(.text)
    GPIOB2_Handler                           0x0000023d   Thumb Code     2  startup_swm341.o(.text)
    GPIOC0_Handler                           0x0000023f   Thumb Code     2  startup_swm341.o(.text)
    GPIOC1_Handler                           0x00000241   Thumb Code     2  startup_swm341.o(.text)
    GPIOC2_Handler                           0x00000243   Thumb Code     2  startup_swm341.o(.text)
    GPIOC3_Handler                           0x00000245   Thumb Code     2  startup_swm341.o(.text)
    GPIOC4_Handler                           0x00000247   Thumb Code     2  startup_swm341.o(.text)
    GPIOD3_Handler                           0x00000249   Thumb Code     2  startup_swm341.o(.text)
    GPIOD4_Handler                           0x0000024b   Thumb Code     2  startup_swm341.o(.text)
    GPIOD5_Handler                           0x0000024d   Thumb Code     2  startup_swm341.o(.text)
    GPIOD6_Handler                           0x0000024f   Thumb Code     2  startup_swm341.o(.text)
    GPIOD7_Handler                           0x00000251   Thumb Code     2  startup_swm341.o(.text)
    GPIOD8_Handler                           0x00000253   Thumb Code     2  startup_swm341.o(.text)
    GPIOC9_Handler                           0x00000255   Thumb Code     2  startup_swm341.o(.text)
    GPIOC10_Handler                          0x00000257   Thumb Code     2  startup_swm341.o(.text)
    GPIOC11_Handler                          0x00000259   Thumb Code     2  startup_swm341.o(.text)
    GPIOC12_Handler                          0x0000025b   Thumb Code     2  startup_swm341.o(.text)
    GPIOM0_Handler                           0x0000025d   Thumb Code     2  startup_swm341.o(.text)
    GPIOM1_Handler                           0x0000025f   Thumb Code     2  startup_swm341.o(.text)
    GPIOM2_Handler                           0x00000261   Thumb Code     2  startup_swm341.o(.text)
    GPIOM3_Handler                           0x00000263   Thumb Code     2  startup_swm341.o(.text)
    GPIOM4_Handler                           0x00000265   Thumb Code     2  startup_swm341.o(.text)
    DIV_Handler                              0x00000267   Thumb Code     2  startup_swm341.o(.text)
    GPIOE_Handler                            0x0000026b   Thumb Code     2  startup_swm341.o(.text)
    JPEG_Handler                             0x0000026d   Thumb Code     2  startup_swm341.o(.text)
    SDIO_Handler                             0x0000026f   Thumb Code     2  startup_swm341.o(.text)
    USB_Handler                              0x00000271   Thumb Code     2  startup_swm341.o(.text)
    CAN1_Handler                             0x00000273   Thumb Code     2  startup_swm341.o(.text)
    TIMR4_Handler                            0x00000275   Thumb Code     2  startup_swm341.o(.text)
    BTIMR4_Handler                           0x00000277   Thumb Code     2  startup_swm341.o(.text)
    BTIMR5_Handler                           0x00000279   Thumb Code     2  startup_swm341.o(.text)
    BTIMR6_Handler                           0x0000027b   Thumb Code     2  startup_swm341.o(.text)
    BTIMR7_Handler                           0x0000027d   Thumb Code     2  startup_swm341.o(.text)
    BTIMR8_Handler                           0x0000027f   Thumb Code     2  startup_swm341.o(.text)
    BTIMR9_Handler                           0x00000281   Thumb Code     2  startup_swm341.o(.text)
    BTIMR10_Handler                          0x00000283   Thumb Code     2  startup_swm341.o(.text)
    BTIMR11_Handler                          0x00000285   Thumb Code     2  startup_swm341.o(.text)
    DMA2D_Handler                            0x00000287   Thumb Code     2  startup_swm341.o(.text)
    QEI_Handler                              0x00000289   Thumb Code     2  startup_swm341.o(.text)
    __aeabi_memcpy                           0x00000295   Thumb Code    36  memcpya.o(.text)
    __aeabi_memcpy4                          0x00000295   Thumb Code     0  memcpya.o(.text)
    __aeabi_memcpy8                          0x00000295   Thumb Code     0  memcpya.o(.text)
    __aeabi_memset                           0x000002b9   Thumb Code    14  memseta.o(.text)
    __aeabi_memset4                          0x000002b9   Thumb Code     0  memseta.o(.text)
    __aeabi_memset8                          0x000002b9   Thumb Code     0  memseta.o(.text)
    __aeabi_memclr                           0x000002c7   Thumb Code     4  memseta.o(.text)
    __aeabi_memclr4                          0x000002c7   Thumb Code     0  memseta.o(.text)
    __aeabi_memclr8                          0x000002c7   Thumb Code     0  memseta.o(.text)
    _memset$wrapper                          0x000002cb   Thumb Code    18  memseta.o(.text)
    strlen                                   0x000002dd   Thumb Code    14  strlen.o(.text)
    strcmp                                   0x000002eb   Thumb Code    28  strcmp.o(.text)
    __aeabi_uldivmod                         0x00000307   Thumb Code    98  uldiv.o(.text)
    __scatterload                            0x00000369   Thumb Code    28  init.o(.text)
    __scatterload_rt2                        0x00000369   Thumb Code     0  init.o(.text)
    __aeabi_llsl                             0x0000038d   Thumb Code    30  llshl.o(.text)
    _ll_shift_l                              0x0000038d   Thumb Code     0  llshl.o(.text)
    __aeabi_llsr                             0x000003ab   Thumb Code    32  llushr.o(.text)
    _ll_ushift_r                             0x000003ab   Thumb Code     0  llushr.o(.text)
    __decompress                             0x000003cb   Thumb Code     0  __dclz77c.o(.text)
    __decompress2                            0x000003cb   Thumb Code    94  __dclz77c.o(.text)
    FPU_Enable                               0x000004f5   Thumb Code    18  system_swm341.o(.text.FPU_Enable)
    Flash_Param_at_xMHz                      0x00000509   Thumb Code   158  swm341_flash.o(.text.Flash_Param_at_xMHz)
    LCD_Handler                              0x000005a9   Thumb Code    24  lcd.o(.text.LCD_Handler)
    LCD_INTClr                               0x000005c1   Thumb Code     6  swm341_lcd.o(.text.LCD_INTClr)
    LCD_Start                                0x000005c9   Thumb Code    10  swm341_lcd.o(.text.LCD_Start)
    PLLInit                                  0x000005d5   Thumb Code   124  system_swm341.o(.text.PLLInit)
    PORT_Init                                0x00000651   Thumb Code    74  swm341_port.o(.text.PORT_Init)
    SDIO_BlockRead                           0x0000069d   Thumb Code   118  swm341_sdio.o(.text.SDIO_BlockRead)
    SDIO_BlockWrite                          0x00000715   Thumb Code   118  swm341_sdio.o(.text.SDIO_BlockWrite)
    SDIO_Init                                0x0000078d   Thumb Code   610  swm341_sdio.o(.text.SDIO_Init)
    SDIO_MultiBlockRead                      0x000009f1   Thumb Code   134  swm341_sdio.o(.text.SDIO_MultiBlockRead)
    SDIO_MultiBlockWrite                     0x00000a79   Thumb Code   134  swm341_sdio.o(.text.SDIO_MultiBlockWrite)
    SerialInit                               0x00000b01   Thumb Code    88  uart.o(.text.SerialInit)
    SysTick_Handler                          0x00000b81   Thumb Code     8  dev_systick.o(.text.SysTick_Handler)
    SystemCoreClockUpdate                    0x00000b89   Thumb Code   202  system_swm341.o(.text.SystemCoreClockUpdate)
    SystemInit                               0x00000c55   Thumb Code   160  system_swm341.o(.text.SystemInit)
    UART2_Handler                            0x00000cf5   Thumb Code   108  rs485.o(.text.UART2_Handler)
    UART_Close                               0x00000d61   Thumb Code    10  swm341_uart.o(.text.UART_Close)
    UART_INTClr                              0x00000d6d   Thumb Code    16  swm341_uart.o(.text.UART_INTClr)
    UART_INTStat                             0x00000d7d   Thumb Code    54  swm341_uart.o(.text.UART_INTStat)
    UART_Init                                0x00000db5   Thumb Code   312  swm341_uart.o(.text.UART_Init)
    UART_IsRXFIFOEmpty                       0x00000efd   Thumb Code    10  swm341_uart.o(.text.UART_IsRXFIFOEmpty)
    UART_IsTXBusy                            0x00000f09   Thumb Code    10  swm341_uart.o(.text.UART_IsTXBusy)
    UART_Open                                0x00000f15   Thumb Code    10  swm341_uart.o(.text.UART_Open)
    UART_ReadByte                            0x00000f21   Thumb Code    16  swm341_uart.o(.text.UART_ReadByte)
    UART_WriteByte                           0x00000f31   Thumb Code     4  swm341_uart.o(.text.UART_WriteByte)
    _SDIO_SendCmd                            0x00000f35   Thumb Code   232  swm341_sdio.o(.text._SDIO_SendCmd)
    calcSDCLKDiv                             0x00001065   Thumb Code   100  swm341_sdio.o(.text.calcSDCLKDiv)
    disk_initialize                          0x00001a75   Thumb Code   126  diskio.o(.text.disk_initialize)
    disk_ioctl                               0x00001af5   Thumb Code    10  diskio.o(.text.disk_ioctl)
    disk_read                                0x00001b01   Thumb Code    44  diskio.o(.text.disk_read)
    disk_status                              0x00001b2d   Thumb Code    26  diskio.o(.text.disk_status)
    disk_write                               0x00001b49   Thumb Code    44  diskio.o(.text.disk_write)
    f_close                                  0x00001b75   Thumb Code    36  ff.o(.text.f_close)
    f_mount                                  0x00001b99   Thumb Code    88  ff.o(.text.f_mount)
    f_open                                   0x00001bf1   Thumb Code   530  ff.o(.text.f_open)
    f_read                                   0x00001e05   Thumb Code   376  ff.o(.text.f_read)
    f_sync                                   0x00001f7d   Thumb Code   150  ff.o(.text.f_sync)
    f_write                                  0x00002015   Thumb Code   424  ff.o(.text.f_write)
    ff_oem2uni                               0x000021bd   Thumb Code    44  ffunicode.o(.text.ff_oem2uni)
    ff_uni2oem                               0x000021e9   Thumb Code    68  ffunicode.o(.text.ff_uni2oem)
    ff_wtoupper                              0x0000222d   Thumb Code   176  ffunicode.o(.text.ff_wtoupper)
    fputc                                    0x000023c9   Thumb Code    34  uart.o(.text.fputc)
    main                                     0x00002639   Thumb Code   216  main.o(.text.main)
    parseCID                                 0x00002a8d   Thumb Code   180  swm341_sdio.o(.text.parseCID)
    parseCSD                                 0x00002b41   Thumb Code   428  swm341_sdio.o(.text.parseCSD)
    switchTo20MHz                            0x00002f5d   Thumb Code    32  system_swm341.o(.text.switchTo20MHz)
    switchToPLL                              0x00002f7d   Thumb Code    66  system_swm341.o(.text.switchToPLL)
    systick_delay_ms                         0x0000309d   Thumb Code    22  dev_systick.o(.text.systick_delay_ms)
    systick_inc_tick                         0x000030b5   Thumb Code    16  dev_systick.o(.text.systick_inc_tick)
    systick_init                             0x000030c5   Thumb Code    38  dev_systick.o(.text.systick_init)
    __0printf$8                              0x00003151   Thumb Code    22  printf8.o(i.__0printf$8)
    __1printf$8                              0x00003151   Thumb Code     0  printf8.o(i.__0printf$8)
    __2printf                                0x00003151   Thumb Code     0  printf8.o(i.__0printf$8)
    __scatterload_copy                       0x00003171   Thumb Code    14  handlers.o(i.__scatterload_copy)
    __scatterload_null                       0x0000317f   Thumb Code     2  handlers.o(i.__scatterload_null)
    __scatterload_zeroinit                   0x00003181   Thumb Code    14  handlers.o(i.__scatterload_zeroinit)
    puts                                     0x000035f5   Thumb Code    30  puts.o(i.puts)
    Region$$Table$$Base                      0x00003a88   Number         0  anon$$obj.o(Region$$Table)
    Region$$Table$$Limit                     0x00003aa8   Number         0  anon$$obj.o(Region$$Table)
    __stdout                                 0x20000000   Data           4  stdout.o(.data)
    CyclesPerUs                              0x20000004   Data           4  system_swm341.o(.data.CyclesPerUs)
    SystemCoreClock                          0x20000008   Data           4  system_swm341.o(.data.SystemCoreClock)
    str                                      0x2000000c   Data         897  main.o(.data.str)
    CirBuf                                   0x20000390   Data        1032  rs485.o(.bss.CirBuf)
    SD_cardInfo                              0x200009a8   Data          80  swm341_sdio.o(.bss.SD_cardInfo)
    buf                                      0x200009fc   Data        1024  main.o(.bss.buf)
    fatfs                                    0x20000dfc   Data         564  main.o(.bss.fatfs)
    msg_rcvd                                 0x20001030   Data           1  rs485.o(.bss.msg_rcvd)
    __initial_sp                             0x20005038   Data           0  startup_swm341.o(STACK)



==============================================================================

Memory Map of the image

  Image Entry point : 0x000001a9

  Load Region LR_IROM1 (Base: 0x00000000, Size: 0x00003e38, Max: 0x00080000, ABSOLUTE, COMPRESSED[0x00003ad8])

    Execution Region ER_IROM1 (Exec base: 0x00000000, Load base: 0x00000000, Size: 0x00003aa8, Max: 0x00080000, ABSOLUTE)

    Exec Addr    Load Addr    Size         Type   Attr      Idx    E Section Name        Object

    0x00000000   0x00000000   0x000001a8   Data   RO          497    RESET               startup_swm341.o
    0x000001a8   0x000001a8   0x00000000   Code   RO         1013  * .ARM.Collect$$$$00000000  mc_w.l(entry.o)
    0x000001a8   0x000001a8   0x00000004   Code   RO         1291    .ARM.Collect$$$$00000001  mc_w.l(entry2.o)
    0x000001ac   0x000001ac   0x00000004   Code   RO         1294    .ARM.Collect$$$$00000004  mc_w.l(entry5.o)
    0x000001b0   0x000001b0   0x00000000   Code   RO         1296    .ARM.Collect$$$$00000008  mc_w.l(entry7b.o)
    0x000001b0   0x000001b0   0x00000000   Code   RO         1298    .ARM.Collect$$$$0000000A  mc_w.l(entry8b.o)
    0x000001b0   0x000001b0   0x00000008   Code   RO         1299    .ARM.Collect$$$$0000000B  mc_w.l(entry9a.o)
    0x000001b8   0x000001b8   0x00000000   Code   RO         1301    .ARM.Collect$$$$0000000D  mc_w.l(entry10a.o)
    0x000001b8   0x000001b8   0x00000000   Code   RO         1303    .ARM.Collect$$$$0000000F  mc_w.l(entry11a.o)
    0x000001b8   0x000001b8   0x00000004   Code   RO         1292    .ARM.Collect$$$$00002712  mc_w.l(entry2.o)
    0x000001bc   0x000001bc   0x000000d8   Code   RO          498    .text               startup_swm341.o
    0x00000294   0x00000294   0x00000024   Code   RO         1020    .text               mc_w.l(memcpya.o)
    0x000002b8   0x000002b8   0x00000024   Code   RO         1022    .text               mc_w.l(memseta.o)
    0x000002dc   0x000002dc   0x0000000e   Code   RO         1024    .text               mc_w.l(strlen.o)
    0x000002ea   0x000002ea   0x0000001c   Code   RO         1026    .text               mc_w.l(strcmp.o)
    0x00000306   0x00000306   0x00000062   Code   RO         1317    .text               mc_w.l(uldiv.o)
    0x00000368   0x00000368   0x00000024   Code   RO         1330    .text               mc_w.l(init.o)
    0x0000038c   0x0000038c   0x0000001e   Code   RO         1332    .text               mc_w.l(llshl.o)
    0x000003aa   0x000003aa   0x00000020   Code   RO         1334    .text               mc_w.l(llushr.o)
    0x000003ca   0x000003ca   0x0000005e   Code   RO         1348    .text               mc_w.l(__dclz77c.o)
    0x00000428   0x00000428   0x0000000e   Code   RO          434    .text.CirBuf_Full   rs485.o
    0x00000436   0x00000436   0x00000002   PAD
    0x00000438   0x00000438   0x0000001a   Code   RO          436    .text.CirBuf_Space  rs485.o
    0x00000452   0x00000452   0x00000002   PAD
    0x00000454   0x00000454   0x0000009e   Code   RO          394    .text.CirBuf_Write  rs485.o
    0x000004f2   0x000004f2   0x00000002   PAD
    0x000004f4   0x000004f4   0x00000012   Code   RO          511    .text.FPU_Enable    system_swm341.o
    0x00000506   0x00000506   0x00000002   PAD
    0x00000508   0x00000508   0x0000009e   Code   RO          545    .text.Flash_Param_at_xMHz  swm341_flash.o
    0x000005a6   0x000005a6   0x00000002   PAD
    0x000005a8   0x000005a8   0x00000018   Code   RO           20    .text.LCD_Handler   lcd.o
    0x000005c0   0x000005c0   0x00000006   Code   RO          637    .text.LCD_INTClr    swm341_lcd.o
    0x000005c6   0x000005c6   0x00000002   PAD
    0x000005c8   0x000005c8   0x0000000a   Code   RO          629    .text.LCD_Start     swm341_lcd.o
    0x000005d2   0x000005d2   0x00000002   PAD
    0x000005d4   0x000005d4   0x0000007c   Code   RO          525    .text.PLLInit       system_swm341.o
    0x00000650   0x00000650   0x0000004a   Code   RO          559    .text.PORT_Init     swm341_port.o
    0x0000069a   0x0000069a   0x00000002   PAD
    0x0000069c   0x0000069c   0x00000076   Code   RO          969    .text.SDIO_BlockRead  swm341_sdio.o
    0x00000712   0x00000712   0x00000002   PAD
    0x00000714   0x00000714   0x00000076   Code   RO          963    .text.SDIO_BlockWrite  swm341_sdio.o
    0x0000078a   0x0000078a   0x00000002   PAD
    0x0000078c   0x0000078c   0x00000262   Code   RO          953    .text.SDIO_Init     swm341_sdio.o
    0x000009ee   0x000009ee   0x00000002   PAD
    0x000009f0   0x000009f0   0x00000086   Code   RO          971    .text.SDIO_MultiBlockRead  swm341_sdio.o
    0x00000a76   0x00000a76   0x00000002   PAD
    0x00000a78   0x00000a78   0x00000086   Code   RO          965    .text.SDIO_MultiBlockWrite  swm341_sdio.o
    0x00000afe   0x00000afe   0x00000002   PAD
    0x00000b00   0x00000b00   0x00000058   Code   RO          455    .text.SerialInit    uart.o
    0x00000b58   0x00000b58   0x00000028   Code   RO          570    .text.SysTick_Config  dev_systick.o
    0x00000b80   0x00000b80   0x00000008   Code   RO          582    .text.SysTick_Handler  dev_systick.o
    0x00000b88   0x00000b88   0x000000ca   Code   RO          505    .text.SystemCoreClockUpdate  system_swm341.o
    0x00000c52   0x00000c52   0x00000002   PAD
    0x00000c54   0x00000c54   0x000000a0   Code   RO          507    .text.SystemInit    system_swm341.o
    0x00000cf4   0x00000cf4   0x0000006c   Code   RO          392    .text.UART2_Handler  rs485.o
    0x00000d60   0x00000d60   0x0000000a   Code   RO          743    .text.UART_Close    swm341_uart.o
    0x00000d6a   0x00000d6a   0x00000002   PAD
    0x00000d6c   0x00000d6c   0x00000010   Code   RO          789    .text.UART_INTClr   swm341_uart.o
    0x00000d7c   0x00000d7c   0x00000036   Code   RO          791    .text.UART_INTStat  swm341_uart.o
    0x00000db2   0x00000db2   0x00000002   PAD
    0x00000db4   0x00000db4   0x00000148   Code   RO          741    .text.UART_Init     swm341_uart.o
    0x00000efc   0x00000efc   0x0000000a   Code   RO          757    .text.UART_IsRXFIFOEmpty  swm341_uart.o
    0x00000f06   0x00000f06   0x00000002   PAD
    0x00000f08   0x00000f08   0x0000000a   Code   RO          755    .text.UART_IsTXBusy  swm341_uart.o
    0x00000f12   0x00000f12   0x00000002   PAD
    0x00000f14   0x00000f14   0x0000000a   Code   RO          749    .text.UART_Open     swm341_uart.o
    0x00000f1e   0x00000f1e   0x00000002   PAD
    0x00000f20   0x00000f20   0x00000010   Code   RO          753    .text.UART_ReadByte  swm341_uart.o
    0x00000f30   0x00000f30   0x00000004   Code   RO          751    .text.UART_WriteByte  swm341_uart.o
    0x00000f34   0x00000f34   0x000000e8   Code   RO          957    .text._SDIO_SendCmd  swm341_sdio.o
    0x0000101c   0x0000101c   0x0000001e   Code   RO          747    .text.__NVIC_DisableIRQ  swm341_uart.o
    0x0000103a   0x0000103a   0x00000002   PAD
    0x0000103c   0x0000103c   0x00000016   Code   RO          745    .text.__NVIC_EnableIRQ  swm341_uart.o
    0x00001052   0x00001052   0x00000002   PAD
    0x00001054   0x00001054   0x0000000e   Code   RO          584    .text.__NVIC_SetPriority  dev_systick.o
    0x00001062   0x00001062   0x00000002   PAD
    0x00001064   0x00001064   0x00000074   Code   RO          955    .text.calcSDCLKDiv  swm341_sdio.o
    0x000010d8   0x000010d8   0x00000070   Code   RO          908    .text.check_fs      ff.o
    0x00001148   0x00001148   0x00000012   Code   RO          918    .text.chk_chr       ff.o
    0x0000115a   0x0000115a   0x00000002   PAD
    0x0000115c   0x0000115c   0x00000018   Code   RO          848    .text.clst2sect     ff.o
    0x00001174   0x00001174   0x0000009a   Code   RO          920    .text.cmp_lfn       ff.o
    0x0000120e   0x0000120e   0x00000002   PAD
    0x00001210   0x00001210   0x00000126   Code   RO          858    .text.create_chain  ff.o
    0x00001336   0x00001336   0x00000002   PAD
    0x00001338   0x00001338   0x0000029c   Code   RO          912    .text.create_name   ff.o
    0x000015d4   0x000015d4   0x00000038   Code   RO          515    .text.delay_3ms     system_swm341.o
    0x0000160c   0x0000160c   0x0000004e   Code   RO          926    .text.dir_alloc     ff.o
    0x0000165a   0x0000165a   0x00000002   PAD
    0x0000165c   0x0000165c   0x0000005e   Code   RO          898    .text.dir_clear     ff.o
    0x000016ba   0x000016ba   0x00000002   PAD
    0x000016bc   0x000016bc   0x000000de   Code   RO          914    .text.dir_find      ff.o
    0x0000179a   0x0000179a   0x00000002   PAD
    0x0000179c   0x0000179c   0x000000ea   Code   RO          882    .text.dir_next      ff.o
    0x00001886   0x00001886   0x00000002   PAD
    0x00001888   0x00001888   0x00000148   Code   RO          830    .text.dir_register  ff.o
    0x000019d0   0x000019d0   0x000000a2   Code   RO          872    .text.dir_sdi       ff.o
    0x00001a72   0x00001a72   0x00000002   PAD
    0x00001a74   0x00001a74   0x0000007e   Code   RO          803    .text.disk_initialize  diskio.o
    0x00001af2   0x00001af2   0x00000002   PAD
    0x00001af4   0x00001af4   0x0000000a   Code   RO          809    .text.disk_ioctl    diskio.o
    0x00001afe   0x00001afe   0x00000002   PAD
    0x00001b00   0x00001b00   0x0000002c   Code   RO          805    .text.disk_read     diskio.o
    0x00001b2c   0x00001b2c   0x0000001a   Code   RO          801    .text.disk_status   diskio.o
    0x00001b46   0x00001b46   0x00000002   PAD
    0x00001b48   0x00001b48   0x0000002c   Code   RO          807    .text.disk_write    diskio.o
    0x00001b74   0x00001b74   0x00000024   Code   RO          866    .text.f_close       ff.o
    0x00001b98   0x00001b98   0x00000058   Code   RO          820    .text.f_mount       ff.o
    0x00001bf0   0x00001bf0   0x00000212   Code   RO          826    .text.f_open        ff.o
    0x00001e02   0x00001e02   0x00000002   PAD
    0x00001e04   0x00001e04   0x00000178   Code   RO          850    .text.f_read        ff.o
    0x00001f7c   0x00001f7c   0x00000096   Code   RO          860    .text.f_sync        ff.o
    0x00002012   0x00002012   0x00000002   PAD
    0x00002014   0x00002014   0x000001a8   Code   RO          856    .text.f_write       ff.o
    0x000021bc   0x000021bc   0x0000002c   Code   RO         1000    .text.ff_oem2uni    ffunicode.o
    0x000021e8   0x000021e8   0x00000044   Code   RO          998    .text.ff_uni2oem    ffunicode.o
    0x0000222c   0x0000222c   0x000000b0   Code   RO         1002    .text.ff_wtoupper   ffunicode.o
    0x000022dc   0x000022dc   0x00000056   Code   RO          906    .text.find_volume   ff.o
    0x00002332   0x00002332   0x00000002   PAD
    0x00002334   0x00002334   0x00000094   Code   RO          828    .text.follow_path   ff.o
    0x000023c8   0x000023c8   0x00000022   Code   RO          457    .text.fputc         uart.o
    0x000023ea   0x000023ea   0x00000002   PAD
    0x000023ec   0x000023ec   0x0000009c   Code   RO          924    .text.gen_numname   ff.o
    0x00002488   0x00002488   0x000000ba   Code   RO          846    .text.get_fat       ff.o
    0x00002542   0x00002542   0x00000002   PAD
    0x00002544   0x00002544   0x000000c4   Code   RO          822    .text.get_ldnumber  ff.o
    0x00002608   0x00002608   0x00000026   Code   RO          832    .text.ld_clust      ff.o
    0x0000262e   0x0000262e   0x00000002   PAD
    0x00002630   0x00002630   0x00000004   Code   RO          842    .text.ld_dword      ff.o
    0x00002634   0x00002634   0x00000004   Code   RO          888    .text.ld_word       ff.o
    0x00002638   0x00002638   0x00000174   Code   RO            2    .text.main          main.o
    0x000027ac   0x000027ac   0x00000020   Code   RO          910    .text.mem_cmp       ff.o
    0x000027cc   0x000027cc   0x00000012   Code   RO          854    .text.mem_cpy       ff.o
    0x000027de   0x000027de   0x00000002   PAD
    0x000027e0   0x000027e0   0x0000000e   Code   RO          844    .text.mem_set       ff.o
    0x000027ee   0x000027ee   0x00000002   PAD
    0x000027f0   0x000027f0   0x0000025a   Code   RO          824    .text.mount_volume  ff.o
    0x00002a4a   0x00002a4a   0x00000002   PAD
    0x00002a4c   0x00002a4c   0x0000003e   Code   RO          840    .text.move_window   ff.o
    0x00002a8a   0x00002a8a   0x00000002   PAD
    0x00002a8c   0x00002a8c   0x000000b4   Code   RO          959    .text.parseCID      swm341_sdio.o
    0x00002b40   0x00002b40   0x000001ac   Code   RO          961    .text.parseCSD      swm341_sdio.o
    0x00002cec   0x00002cec   0x00000104   Code   RO          930    .text.put_fat       ff.o
    0x00002df0   0x00002df0   0x0000008c   Code   RO          928    .text.put_lfn       ff.o
    0x00002e7c   0x00002e7c   0x0000008c   Code   RO          838    .text.remove_chain  ff.o
    0x00002f08   0x00002f08   0x00000026   Code   RO          836    .text.st_clust      ff.o
    0x00002f2e   0x00002f2e   0x00000002   PAD
    0x00002f30   0x00002f30   0x00000004   Code   RO          834    .text.st_dword      ff.o
    0x00002f34   0x00002f34   0x00000004   Code   RO          862    .text.st_word       ff.o
    0x00002f38   0x00002f38   0x00000024   Code   RO          922    .text.sum_sfn       ff.o
    0x00002f5c   0x00002f5c   0x00000020   Code   RO          513    .text.switchTo20MHz  system_swm341.o
    0x00002f7c   0x00002f7c   0x00000042   Code   RO          509    .text.switchToPLL   system_swm341.o
    0x00002fbe   0x00002fbe   0x00000002   PAD
    0x00002fc0   0x00002fc0   0x00000094   Code   RO          864    .text.sync_fs       ff.o
    0x00003054   0x00003054   0x00000048   Code   RO          932    .text.sync_window   ff.o
    0x0000309c   0x0000309c   0x00000016   Code   RO          578    .text.systick_delay_ms  dev_systick.o
    0x000030b2   0x000030b2   0x00000002   PAD
    0x000030b4   0x000030b4   0x00000010   Code   RO          574    .text.systick_inc_tick  dev_systick.o
    0x000030c4   0x000030c4   0x00000026   Code   RO          568    .text.systick_init  dev_systick.o
    0x000030ea   0x000030ea   0x00000002   PAD
    0x000030ec   0x000030ec   0x00000022   Code   RO          916    .text.tchar2uni     ff.o
    0x0000310e   0x0000310e   0x00000002   PAD
    0x00003110   0x00003110   0x0000003e   Code   RO          852    .text.validate      ff.o
    0x0000314e   0x0000314e   0x00000002   PAD
    0x00003150   0x00003150   0x00000020   Code   RO         1237    i.__0printf$8       mc_w.l(printf8.o)
    0x00003170   0x00003170   0x0000000e   Code   RO         1342    i.__scatterload_copy  mc_w.l(handlers.o)
    0x0000317e   0x0000317e   0x00000002   Code   RO         1343    i.__scatterload_null  mc_w.l(handlers.o)
    0x00003180   0x00003180   0x0000000e   Code   RO         1344    i.__scatterload_zeroinit  mc_w.l(handlers.o)
    0x0000318e   0x0000318e   0x00000002   PAD
    0x00003190   0x00003190   0x00000410   Code   RO         1244    i._printf_core      mc_w.l(printf8.o)
    0x000035a0   0x000035a0   0x00000024   Code   RO         1245    i._printf_post_padding  mc_w.l(printf8.o)
    0x000035c4   0x000035c4   0x0000002e   Code   RO         1246    i._printf_pre_padding  mc_w.l(printf8.o)
    0x000035f2   0x000035f2   0x00000002   PAD
    0x000035f4   0x000035f4   0x00000024   Code   RO         1016    i.puts              mc_w.l(puts.o)
    0x00003618   0x00003618   0x00000080   Data   RO          943    .rodata.ExCvt       ff.o
    0x00003698   0x00003698   0x0000000d   Data   RO          944    .rodata.LfnOfs      ff.o
    0x000036a5   0x000036a5   0x00000029   Data   RO            7    .rodata.str1.1      main.o
    0x000036ce   0x000036ce   0x0000000b   Data   RO          940    .rodata.str1.1      ff.o
    0x000036d9   0x000036d9   0x00000001   PAD
    0x000036da   0x000036da   0x000002ae   Data   RO         1005    .rodata.str2.2      ffunicode.o
    0x00003988   0x00003988   0x00000100   Data   RO         1004    .rodata.uc437       ffunicode.o
    0x00003a88   0x00003a88   0x00000020   Data   RO         1341    Region$$Table       anon$$obj.o


    Execution Region RW_IRAM1 (Exec base: 0x20000000, Load base: 0x00003aa8, Size: 0x00005038, Max: 0x00010000, ABSOLUTE, COMPRESSED[0x00000030])

    Exec Addr    Load Addr    Size         Type   Attr      Idx    E Section Name        Object

    0x20000000   COMPRESSED   0x00000004   Data   RW         1305    .data               mc_w.l(stdout.o)
    0x20000004   COMPRESSED   0x00000004   Data   RW          532    .data.CyclesPerUs   system_swm341.o
    0x20000008   COMPRESSED   0x00000004   Data   RW          531    .data.SystemCoreClock  system_swm341.o
    0x2000000c   COMPRESSED   0x00000381   Data   RW            4    .data.str           main.o
    0x2000038d   COMPRESSED   0x00000003   PAD
    0x20000390        -       0x00000408   Zero   RW          443    .bss.CirBuf         rs485.o
    0x20000798        -       0x0000000c   Zero   RW          938    .bss.FatFs          ff.o
    0x200007a4        -       0x00000002   Zero   RW          941    .bss.Fsid           ff.o
    0x200007a6        -       0x00000200   Zero   RW          942    .bss.LfnBuf         ff.o
    0x200009a6   COMPRESSED   0x00000002   PAD
    0x200009a8        -       0x00000050   Zero   RW          989    .bss.SD_cardInfo    swm341_sdio.o
    0x200009f8        -       0x00000004   Zero   RW          586    .bss.Systick_Tick   dev_systick.o
    0x200009fc        -       0x00000400   Zero   RW            5    .bss.buf            main.o
    0x20000dfc        -       0x00000234   Zero   RW            6    .bss.fatfs          main.o
    0x20001030        -       0x00000001   Zero   RW          441    .bss.msg_rcvd       rs485.o
    0x20001031   COMPRESSED   0x00000003   PAD
    0x20001034        -       0x00000001   Zero   RW          811    .bss.sd_initialized  diskio.o
    0x20001035   COMPRESSED   0x00000003   PAD
    0x20001038        -       0x00004000   Zero   RW          495    STACK               startup_swm341.o


==============================================================================

Image component sizes


      Code (inc. data)   RO Data    RW Data    ZI Data      Debug   Object Name

       138          0          0          0          4       5665   dev_systick.o
       250          0          0          0          1       2930   diskio.o
      6476         44        152          0        526      40690   ff.o
       288         10        942          0          0       2415   ffunicode.o
        24          0          0          0          0       5853   lcd.o
       372        156         41        897       1588       2648   main.o
       306          0          0          0       1033       8337   rs485.o
       216         10        424          0      16384       4416   startup_swm341.o
       158          0          0          0          0       2139   swm341_flash.o
        16          0          0          0          0       9546   swm341_lcd.o
        74          0          0          0          0       1222   swm341_port.o
      2070         16          0          0         80      14782   swm341_sdio.o
       510         20          0          0          0      10288   swm341_uart.o
       658          6          0          8          0       5633   system_swm341.o
       122          0          0          0          0       2154   uart.o

    ----------------------------------------------------------------------
     11776        262       1592        908      19624     118718   Object Totals
         0          0         32          0          0          0   (incl. Generated)
        98          0          1          3          8          0   (incl. Padding)

    ----------------------------------------------------------------------

      Code (inc. data)   RO Data    RW Data    ZI Data      Debug   Library Member Name

        94          0          0          0          0          0   __dclz77c.o
         0          0          0          0          0          0   entry.o
         0          0          0          0          0          0   entry10a.o
         0          0          0          0          0          0   entry11a.o
         8          4          0          0          0          0   entry2.o
         4          0          0          0          0          0   entry5.o
         0          0          0          0          0          0   entry7b.o
         0          0          0          0          0          0   entry8b.o
         8          4          0          0          0          0   entry9a.o
        30          0          0          0          0          0   handlers.o
        36          8          0          0          0         68   init.o
        30          0          0          0          0         68   llshl.o
        32          0          0          0          0         68   llushr.o
        36          0          0          0          0         68   memcpya.o
        36          0          0          0          0        108   memseta.o
      1154         54          0          0          0        352   printf8.o
        36          6          0          0          0         80   puts.o
         0          0          0          4          0          0   stdout.o
        28          0          0          0          0         76   strcmp.o
        14          0          0          0          0         68   strlen.o
        98          0          0          0          0         92   uldiv.o

    ----------------------------------------------------------------------
      1648         76          0          4          0       1048   Library Totals
         4          0          0          0          0          0   (incl. Padding)

    ----------------------------------------------------------------------

      Code (inc. data)   RO Data    RW Data    ZI Data      Debug   Library Name

      1644         76          0          4          0       1048   mc_w.l

    ----------------------------------------------------------------------
      1648         76          0          4          0       1048   Library Totals

    ----------------------------------------------------------------------

==============================================================================


      Code (inc. data)   RO Data    RW Data    ZI Data      Debug   

     13424        338       1592        912      19624     119322   Grand Totals
     13424        338       1592         48      19624     119322   ELF Image Totals (compressed)
     13424        338       1592         48          0          0   ROM Totals

==============================================================================

    Total RO  Size (Code + RO Data)                15016 (  14.66kB)
    Total RW  Size (RW Data + ZI Data)             20536 (  20.05kB)
    Total ROM Size (Code + RO Data + RW Data)      15064 (  14.71kB)

==============================================================================

