<html>
<body>
<pre>
<h1>µVision Build Log</h1>
<h2>Tool Versions:</h2>
IDE-Version: ¦ÌVision V5.36.0.0
Copyright (C) 2021 ARM Ltd and ARM Germany GmbH. All rights reserved.
License Information: li junhao, fjut, LIC=HN0AE-5CZS5-562Q2-9NV5M-PE1BT-LNH30
 
Tool Versions:
Toolchain:       MDK-ARM Plus  Version: 5.36.0.0
Toolchain Path:  E:\origin\MDK5.36\ARM\ARMCLANG\Bin
C Compiler:      ArmClang.exe V6.16
Assembler:       Armasm.exe V6.16
Linker/Locator:  ArmLink.exe V6.16
Library Manager: ArmAr.exe V6.16
Hex Converter:   FromElf.exe V6.16
CPU DLL:         
Dialog DLL:      
Target DLL:      UL2V8M.DLL V1.7.0.0
Dialog DLL:      TCM.DLL V1.53.0.0
 
<h2>Project:</h2>
D:\origin\MDK\Temperature_Humidity_Acquisition\Project\Temperature_Humidity_Acquisition.uvprojx
Project File Date:  12/08/2023

<h2>Output:</h2>
*** Using Compiler 'V6.16', folder: 'E:\origin\MDK5.36\ARM\ARMCLANG\Bin'
Rebuild target 'Target 1'
assembling startup_SWM341.s...
compiling main.c...
compiling SWM341_port.c...
compiling system_SWM341.c...
compiling SWM341_flash.c...
compiling SWM341_gpio.c...
linking...
Program Size: Code=1668 RO-data=456 RW-data=8 ZI-data=16384  
FromELF: creating hex file...
".\Objects\Temperature_Humidity_Acquisition.axf" - 0 Error(s), 0 Warning(s).

<h2>Software Packages used:</h2>

Package Vendor: Synwit
                http://www.synwit.com/pack/Synwit.SWM32_DFP.1.20.4.pack
                Synwit.SWM32_DFP.1.20.4
                Synwit 32bit MCU Device Support

<h2>Collection of Component include folders:</h2>
  E:\origin\MDK5.36\Packs\Synwit\SWM32_DFP\1.20.4\CSL\SWM341\CMSIS\DeviceSupport

<h2>Collection of Component Files used:</h2>
Build Time Elapsed:  00:00:01
</pre>
</body>
</html>
