<html>
<body>
<pre>
<h1>µVision Build Log</h1>
<h2>Tool Versions:</h2>
IDE-Version: ¦ÌVision V5.36.0.0
Copyright (C) 2021 ARM Ltd and ARM Germany GmbH. All rights reserved.
License Information: li junhao, fjut, LIC=HN0AE-5CZS5-562Q2-9NV5M-PE1BT-LNH30
 
Tool Versions:
Toolchain:       MDK-ARM Plus  Version: 5.36.0.0
Toolchain Path:  E:\origin\MDK5.36\ARM\ARMCLANG\Bin
C Compiler:      ArmClang.exe V6.16
Assembler:       Armasm.exe V6.16
Linker/Locator:  ArmLink.exe V6.16
Library Manager: ArmAr.exe V6.16
Hex Converter:   FromElf.exe V6.16
CPU DLL:         SARMCM3.DLL V5.36.0.0
Dialog DLL:      DCM.DLL V1.17.3.0
Target DLL:      Segger\JL2CM3.dll V2.99.40.0
Dialog DLL:      TCM.DLL V1.53.0.0
 
<h2>Project:</h2>
D:\origin\MDK\Temperature_Humidity_Acquisition\Project\Temperature_Humidity_Acquisition.uvprojx
Project File Date:  01/04/2024

<h2>Output:</h2>
*** Using Compiler 'V6.16', folder: 'E:\origin\MDK5.36\ARM\ARMCLANG\Bin'
Build target 'Target 1'
Note: source file '..\SDK\SWM341_StdPeriph_Driver\SWM341_timr.c' - object file renamed from '.\Objects\SWM341_timr.o' to '.\Objects\swm341_timr_1.o'.
compiling main.c...
linking...
..\Linker Scatter File\SWM34S_Link_SPI_Flash.sct(21): warning: L6314W: No section matches pattern *(.SRAM).
..\Linker Scatter File\SWM34S_Link_SPI_Flash.sct(30): warning: L6314W: No section matches pattern *(.SPIFLASH).
..\Linker Scatter File\SWM34S_Link_SPI_Flash.sct(33): warning: L6314W: No section matches pattern *(.SDRAM2).
Program Size: Code=160662 RO-data=18126 RW-data=1045656 ZI-data=18616  
Finished: 0 information, 3 warning and 0 error messages.
FromELF: creating hex file...
".\Objects\Temperature_Humidity_Acquisition.axf" - 0 Error(s), 3 Warning(s).

<h2>Software Packages used:</h2>

Package Vendor: Synwit
                http://www.synwit.com/pack/Synwit.SWM32_DFP.1.20.4.pack
                Synwit.SWM32_DFP.1.20.4
                Synwit 32bit MCU Device Support

Package Vendor: Keil
                http://www.keil.com/pack/Keil.ARM_Compiler.1.6.3.pack
                Keil.ARM_Compiler.1.6.3
                Keil ARM Compiler extensions for ARM Compiler 5 and ARM Compiler 6
   * Component: STDERR Variant: ITM Version: 1.2.0

<h2>Collection of Component include folders:</h2>
  .\RTE\_Target_1
  E:\origin\MDK5.36\Packs\Synwit\SWM32_DFP\1.20.4\CSL\SWM341\CMSIS\DeviceSupport

<h2>Collection of Component Files used:</h2>

   * Component: Keil.ARM Compiler::Compiler:I/O:STDERR:ITM:1.2.0
      Source file:   Source\retarget_io.c
Build Time Elapsed:  00:00:05
</pre>
</body>
</html>
